02-09 12:25:56.434 V/WindowManagerShell(2056): Transition animation finished (aborted=false), notifying core (#758)android.os.BinderProxy@8cbbf40@0
02-09 12:25:56.436 V/WindowManager(1405): Finish Transition #758: created at 02-09 12:25:56.105 collect-started=0.154ms request-sent=0.326ms started=8.199ms ready=24.589ms sent=43.827ms finished=330.268ms
02-09 12:25:56.449 V/WindowManagerShell(2056): Track 0 became idle
02-09 12:25:56.449 V/WindowManagerShell(2056): All active transition animations finished
02-09 12:25:56.741 D/AuthContainerView(2056): pendingCallback: 1
02-09 12:25:56.741 E/AuthController(2056): sendResultAndCleanUp: Receiver is null
02-09 12:25:56.741 W/WindowOnBackDispatcher(2056): sendCancelIfRunning: isInProgress=falsecallback=android.view.ViewRootImpl$$ExternalSyntheticLambda17@21fe109
02-09 12:25:56.749 I/AuthDialogPanelInteractionDetector(2056): Disable dectector
02-09 12:25:56.750 W/InputManager-JNI(1405): Input channel object 'b34e479 BiometricPrompt (client)' was disposed without first being removed with the input manager!
02-09 12:25:56.768 V/WindowManager(1405): Unknown focus tokens, dropping reportFocusChanged
02-09 12:25:56.792 I/IPCThreadState(801): oneway function results for code 6 on binder at 0xb400007e4d608990 will be dropped but finished with status UNKNOWN_TRANSACTION
02-09 12:25:56.803 I/GoogleInputMethodService(29934): GoogleInputMethodService.onFinishInput():3260 
02-09 12:25:56.805 I/GoogleInputMethodService(29934): GoogleInputMethodService.updateDeviceLockedStatus():2103 repeatCheckTimes = 0, locked = false
02-09 12:25:56.806 I/GoogleInputMethodService(29934): GoogleInputMethodService.onStartInput():1894 onStartInput(EditorInfo{EditorInfo{packageName=com.android.launcher3, inputType=0, inputTypeString=NULL, enableLearning=false, autoCorrection=false, autoComplete=false, imeOptions=0, privateImeOptions=null, actionName=UNSPECIFIED, actionLabel=null, initialSelStart=-1, initialSelEnd=-1, initialCapsMode=0, label=null, fieldId=0, fieldName=null, extras=null, hintText=null, hintLocales=[]}}, false)
02-09 12:25:56.807 I/GoogleInputMethodService(29934): GoogleInputMethodService.updateDeviceLockedStatus():2103 repeatCheckTimes = 1, locked = false
02-09 12:25:57.035 I/IPCThreadState(801): oneway function results for code 6 on binder at 0xb400007e4d608990 will be dropped but finished with status UNKNOWN_TRANSACTION
02-09 12:25:57.192 I/IPCThreadState(801): oneway function results for code 6 on binder at 0xb400007e4d608990 will be dropped but finished with status UNKNOWN_TRANSACTION
02-09 12:25:57.250 I/IPCThreadState(801): oneway function results for code 6 on binder at 0xb400007e4d608150 will be dropped but finished with status UNKNOWN_TRANSACTION
02-09 12:25:57.252 D/HotseatPredictionController(19269): setPauseUIUpdate parameter `paused` is true
02-09 12:25:57.255 D/audioserver(857): logFgsApiBegin: FGS Logger Transaction failed, -129
02-09 12:25:57.276 I/android.hardware.power-service-qti(801): Power setMode: 5 to: 1
02-09 12:25:57.276 E/QTI PowerHAL(801): Failed to acquire lock.
02-09 12:25:57.276 E/QTI PowerHAL(801): Failed process_boost for boost_handle
02-09 12:25:57.276 E/QTI PowerHAL(801): Failed to perform launch boost
02-09 12:25:57.280 I/ActivityTaskManager(1405): START u0 {act=android.intent.action.MAIN cat=[android.intent.category.LAUNCHER] flg=0x10200000 cmp=tw.nekomimi.nekogram/org.telegram.messenger.DefaultIcon bnds=[216,1309][432,1639]} with LAUNCH_SINGLE_TASK from uid 10146 (BAL_ALLOW_ALLOWLISTED_COMPONENT) result code=0
02-09 12:25:57.281 V/WindowManagerShell(2056): Transition requested: android.os.BinderProxy@b47dda0 TransitionRequestInfo { type = 1, triggerTask = TaskInfo{userId=0 taskId=160 displayId=0 isRunning=true baseIntent=Intent { act=android.app.action.UNLOCK_APP flg=0x10800000 pkg=com.android.settings cmp=com.android.settings/.security.applock.AppLockCredentialActivity } baseActivity=ComponentInfo{com.android.settings/com.android.settings.security.applock.AppLockCredentialActivity} topActivity=ComponentInfo{com.android.settings/com.android.settings.security.applock.AppLockCredentialActivity} origActivity=null realActivity=ComponentInfo{com.android.settings/com.android.settings.security.applock.AppLockCredentialActivity} numActivities=1 lastActiveTime=7285277 supportsMultiWindow=true resizeMode=1 isResizeable=true minWidth=-1 minHeight=-1 defaultMinSize=220 token=WCT{android.window.IWindowContainerToken$Stub$Proxy@ce04d59} topActivityType=1 pictureInPictureParams=null shouldDockBigOverlays=false launchIntoPipHostTaskId=-1 lastParentTaskIdBeforePip=-1 displayCutoutSafeInsets=null topActivityInfo=ActivityInfo{ee83d1e com.android.settings.security.applock.AppLockCredentialActivity} launchCookies=[android.os.BinderProxy@eb559ff] positionInParent=Point(0, 0) parentTaskId=-1 isFocused=false isVisible=false isVisibleRequested=false isSleeping=false topActivityInSizeCompat=false topActivityEligibleForLetterboxEducation= false isLetterboxDoubleTapEnabled= false topActivityEligibleForUserAspectRatioButton= false topActivityBoundsLetterboxed= false isFromLetterboxDoubleTap= false topActivityLetterboxVerticalPosition= -1 topActivityLetterboxHorizontalPosition= -1 topActivityLetterboxWidth=-1 topActivityLetterboxHeight=-1 isUserFullscreenOverrideEnabled=false isTopActivityTransparent=true locusId=null displayAreaFeatureId=1 cameraCompatControlState=hidden}, remoteTransition = RemoteTransition { remoteTransition = android.window.IRemoteTransition$Stub$Proxy@edd33cc, appThread = android.app.IApplicationThread$Stub$Proxy@5bf6615, debugName = QuickstepLaunch }, displayChange = null, flags = 0 }
02-09 12:25:57.281 V/WindowManagerShell(2056): RemoteTransition directly requested for android.os.BinderProxy@b47dda0: RemoteTransition { remoteTransition = android.window.IRemoteTransition$Stub$Proxy@edd33cc, appThread = android.app.IApplicationThread$Stub$Proxy@5bf6615, debugName = QuickstepLaunch }
02-09 12:25:57.284 D/StatsLog(19269): LAUNCHER_APP_LAUNCH_TAP
02-09 12:25:57.337 W/ElapsedTimeUtils(31908): getElapsedTime: sSuwFinishedTimeStamp is null
02-09 12:25:57.341 D/BiometricService/PreAuthInfo(1405): Package: com.android.settings Sensor ID: 1008 Modality: 8 Status: 7
02-09 12:25:57.343 W/BiometricService/PreAuthInfo(1405): isBiometricDisabledByDevicePolicy(2,0)=false
02-09 12:25:57.343 D/BiometricService/PreAuthInfo(1405): Package: com.android.settings Sensor ID: 0 Modality: 2 Status: 1
02-09 12:25:57.343 D/BiometricService/PreAuthInfo(1405): getCanAuthenticateInternal Modality: 3 AuthenticatorStatus: 1
02-09 12:25:57.343 D/BiometricService(1405): handleAuthenticate: modality(3), status(0), preAuthInfo: BiometricRequested: true, StrengthRequested: 255, CredentialRequested: true, Eligible:{0 }, Ineligible:{ID(1008), oemStrength: 255, updatedStrength: 255, modality 8, state: 0, cookie: 0:7 }, CredentialAvailable: true,  requestId: 57 promptInfo.isIgnoreEnrollmentState: false
02-09 12:25:57.343 D/BiometricService(1405): Creating authSession with authRequest: BiometricRequested: true, StrengthRequested: 255, CredentialRequested: true, Eligible:{0 }, Ineligible:{ID(1008), oemStrength: 255, updatedStrength: 255, modality 8, state: 0, cookie: 0:7 }, CredentialAvailable: true, 
02-09 12:25:57.344 D/BiometricService/AuthSession(1405): Creating AuthSession with: BiometricRequested: true, StrengthRequested: 255, CredentialRequested: true, Eligible:{0 }, Ineligible:{ID(1008), oemStrength: 255, updatedStrength: 255, modality 8, state: 0, cookie: 0:7 }, CredentialAvailable: true, 
02-09 12:25:57.344 V/BiometricService/AuthSession(1405): set to unknown state sensor: 0
02-09 12:25:57.344 V/BiometricService/AuthSession(1405): waiting for cooking for sensor: 0
02-09 12:25:57.344 D/BiometricScheduler/Fingerprint21(1405): [Added] {[389] com.android.server.biometrics.sensors.fingerprint.hidl.FingerprintUpdateActiveUserClient, proto=1, owner=android, cookie=0, requestId=-1, userId=0}, new queue size: 1
02-09 12:25:57.344 D/BiometricScheduler/Fingerprint21(1405): [Polled] {[389] com.android.server.biometrics.sensors.fingerprint.hidl.FingerprintUpdateActiveUserClient, proto=1, owner=android, cookie=0, requestId=-1, userId=0}, State: 0
02-09 12:25:57.344 D/BiometricScheduler/Fingerprint21(1405): [Started] {[389] com.android.server.biometrics.sensors.fingerprint.hidl.FingerprintUpdateActiveUserClient, proto=1, owner=android, cookie=0, requestId=-1, userId=0}
02-09 12:25:57.345 D/FingerprintUpdateActiveUserClient(1405): Already user: com.android.server.biometrics.sensors.fingerprint.hidl.Fingerprint21$$ExternalSyntheticLambda7@48832a6, returning
02-09 12:25:57.345 D/BiometricSchedulerOperation(1405): [Finished / destroy]: {[389] com.android.server.biometrics.sensors.fingerprint.hidl.FingerprintUpdateActiveUserClient, proto=1, owner=android, cookie=0, requestId=-1, userId=0}
02-09 12:25:57.345 V/BiometricSchedulerOperation(1405): started: {[389] com.android.server.biometrics.sensors.fingerprint.hidl.FingerprintUpdateActiveUserClient, proto=1, owner=android, cookie=0, requestId=-1, userId=0}, State: 5
02-09 12:25:57.347 I/android.hardware.power-service-qti(801): Power createHintSession
02-09 12:25:57.349 D/BiometricScheduler/Fingerprint21(1405): [Added] {[390] com.android.server.biometrics.sensors.fingerprint.hidl.FingerprintAuthenticationClient, proto=3, owner=com.android.settings, cookie=1293727671, requestId=57, userId=0}, new queue size: 1
02-09 12:25:57.349 V/BiometricScheduler/Fingerprint21(1405): Not idle, current operation: {[389] com.android.server.biometrics.sensors.fingerprint.hidl.FingerprintUpdateActiveUserClient, proto=1, owner=android, cookie=0, requestId=-1, userId=0}, State: 5
02-09 12:25:57.349 D/BiometricScheduler/Fingerprint21(1405): [Finishing] {[389] com.android.server.biometrics.sensors.fingerprint.hidl.FingerprintUpdateActiveUserClient, proto=1, owner=android, cookie=0, requestId=-1, userId=0}, success: true
02-09 12:25:57.349 D/BiometricScheduler/Fingerprint21(1405): [Polled] {[390] com.android.server.biometrics.sensors.fingerprint.hidl.FingerprintAuthenticationClient, proto=3, owner=com.android.settings, cookie=1293727671, requestId=57, userId=0}, State: 0
02-09 12:25:57.349 D/GestureAvailabilityTracker(1405): Notifying gesture availability, active=false
02-09 12:25:57.349 D/BiometricScheduler/Fingerprint21(1405): Waiting for cookie before starting: {[390] com.android.server.biometrics.sensors.fingerprint.hidl.FingerprintAuthenticationClient, proto=3, owner=com.android.settings, cookie=1293727671, requestId=57, userId=0}, State: 4
02-09 12:25:57.350 D/BiometricService/Sensor(1405): Sensor(0) matched cookie: 1293727671
02-09 12:25:57.350 D/BiometricService/AuthSession(1405): Remaining cookies: 0
02-09 12:25:57.366 I/AdrenoGLES-0(31908): QUALCOMM build                   : 015159c, Idb46f6465a
02-09 12:25:57.366 I/AdrenoGLES-0(31908): Build Date                       : 04/26/21
02-09 12:25:57.366 I/AdrenoGLES-0(31908): OpenGL ES Shader Compiler Version: EV031.32.02.09
02-09 12:25:57.366 I/AdrenoGLES-0(31908): Local Branch                     : mybrancheba651a4-ab3f-f14b-b3c6-08f1eafda2d8
02-09 12:25:57.366 I/AdrenoGLES-0(31908): Remote Branch                    : quic/gfx-adreno.lnx.1.0.r117-rel
02-09 12:25:57.366 I/AdrenoGLES-0(31908): Remote Branch                    : NONE
02-09 12:25:57.366 I/AdrenoGLES-0(31908): Reconstruct Branch               : NOTHING
02-09 12:25:57.366 I/AdrenoGLES-0(31908): Build Config                     : S L 10.0.7 AArch64
02-09 12:25:57.366 I/AdrenoGLES-0(31908): Driver Path                      : /vendor/lib64/egl/libGLESv2_adreno.so
02-09 12:25:57.376 D/AuthController(2056): showAuthenticationDialog, authenticators: 33023, sensorIds: 0 , credentialAllowed: true, requireConfirmation: false, operationId: 0, requestId: 57
02-09 12:25:57.377 I/AdrenoGLES-0(31908): PFP: 0x005ff11a, ME: 0x005ff066
02-09 12:25:57.380 E/ThemeUtils(2056): View class com.android.systemui.biometrics.BiometricPromptLottieViewWrapper is an AppCompat widget that can only be used with a Theme.AppCompat theme (or descendant).
02-09 12:25:57.380 E/ThemeUtils(2056): View class com.android.systemui.biometrics.BiometricPromptLottieViewWrapper is an AppCompat widget that can only be used with a Theme.AppCompat theme (or descendant).
02-09 12:25:57.383 D/AuthController(2056): userId: 0 savedState: null mCurrentDialog: null newDialog: com.android.systemui.biometrics.AuthContainerView{48fa4a6 VFE...... .F....I. 0,0-0,0}
02-09 12:25:57.387 I/android.hardware.power-service-qti(801): Power createHintSession
02-09 12:25:57.391 I/IPCThreadState(801): oneway function results for code 6 on binder at 0xb400007e4d607d30 will be dropped but finished with status UNKNOWN_TRANSACTION
02-09 12:25:57.394 I/IPCThreadState(801): oneway function results for code 6 on binder at 0xb400007e4d607e80 will be dropped but finished with status UNKNOWN_TRANSACTION
02-09 12:25:57.410 V/WindowManagerShell(2056): onTransitionReady android.os.BinderProxy@b47dda0: {id=759 t=OPEN f=0x0 trk=0 r=[0@Point(0, 0)] c=[{WCT{android.window.IWindowContainerToken$Stub$Proxy@8998283} m=OPEN f=TRANSLUCENT leash=Surface(name=Task=160)/@0x28b793d sb=Rect(0, 0 - 1080, 2160) eb=Rect(0, 0 - 1080, 2160) d=0}]}
02-09 12:25:57.410 V/WindowManagerShell(2056): Playing animation for (#759)android.os.BinderProxy@b47dda0@0
02-09 12:25:57.410 V/WindowManagerShell(2056):  try firstHandler com.android.wm.shell.transition.DefaultMixedHandler@3dbd22
02-09 12:25:57.410 V/WindowManagerShell(2056):  Delegate animation for #759 to RemoteTransition { remoteTransition = android.window.IRemoteTransition$Stub$Proxy@edd33cc, appThread = android.app.IApplicationThread$Stub$Proxy@5bf6615, debugName = QuickstepLaunch }
02-09 12:25:57.412 V/WindowManagerShell(2056):  animated by firstHandler
02-09 12:25:57.414 D/audioserver(857): logFgsApiEnd: FGS Logger Transaction failed, -129
02-09 12:25:57.417 I/android.hardware.power-service-qti(801): Power setMode: 5 to: 0
02-09 12:25:57.418 D/b/279059025(19269): current animation cancelled
02-09 12:25:57.419 I/ActivityTaskManager(1405): Displayed com.android.settings/.security.applock.AppLockCredentialActivity for user 0: +143ms
02-09 12:25:57.420 V/WindowManager(1405): Sent Transition #759 createdAt=02-09 12:25:57.265 via request=TransitionRequestInfo { type = 1, triggerTask = TaskInfo{userId=0 taskId=160 displayId=0 isRunning=true baseIntent=Intent { act=android.app.action.UNLOCK_APP flg=0x10800000 pkg=com.android.settings cmp=com.android.settings/.security.applock.AppLockCredentialActivity } baseActivity=ComponentInfo{com.android.settings/com.android.settings.security.applock.AppLockCredentialActivity} topActivity=ComponentInfo{com.android.settings/com.android.settings.security.applock.AppLockCredentialActivity} origActivity=null realActivity=ComponentInfo{com.android.settings/com.android.settings.security.applock.AppLockCredentialActivity} numActivities=1 lastActiveTime=7285277 supportsMultiWindow=true resizeMode=1 isResizeable=true minWidth=-1 minHeight=-1 defaultMinSize=220 token=WCT{RemoteToken{b951ba9 Task{f2725e8 #160 type=standard A=1000:com.android.settings.applock}}} topActivityType=1 pictureInPictureParams=null shouldDockBigOverlays=false launchIntoPipHostTaskId=-1 lastParentTaskIdBeforePip=-1 displayCutoutSafeInsets=null topActivityInfo=ActivityInfo{aa0752e com.android.settings.security.applock.AppLockCredentialActivity} launchCookies=[android.os.BinderProxy@99a18cf] positionInParent=Point(0, 0) parentTaskId=-1 isFocused=false isVisible=false isVisibleRequested=false isSleeping=false topActivityInSizeCompat=false topActivityEligibleForLetterboxEducation= false isLetterboxDoubleTapEnabled= false topActivityEligibleForUserAspectRatioButton= false topActivityBoundsLetterboxed= false isFromLetterboxDoubleTap= false topActivityLetterboxVerticalPosition= -1 topActivityLetterboxHorizontalPosition= -1 topActivityLetterboxWidth=-1 topActivityLetterboxHeight=-1 isUserFullscreenOverrideEnabled=false isTopActivityTransparent=true locusId=null displayAreaFeatureId=1 cameraCompatControlState=hidden}, remoteTransition = RemoteTransition { remoteTransition = android.window.IRemoteTransition$Stub$Proxy@945d25c, appThread = android.app.IApplicationThread$Stub$Proxy@7fac965, debugName = QuickstepLaunch }, displayChange = null, flags = 0 }
02-09 12:25:57.420 V/WindowManager(1405):     startWCT=WindowContainerTransaction { changes = {} hops = [] errorCallbackToken=null taskFragmentOrganizer=null }
02-09 12:25:57.420 V/WindowManager(1405):     info={id=759 t=OPEN f=0x0 trk=0 r=[0@Point(0, 0)] c=[{WCT{RemoteToken{b951ba9 Task{f2725e8 #160 type=standard A=1000:com.android.settings.applock}}} m=OPEN f=TRANSLUCENT leash=Surface(name=Task=160)/@0xea46ce2 sb=Rect(0, 0 - 1080, 2160) eb=Rect(0, 0 - 1080, 2160) d=0}]}
02-09 12:25:57.509 I/GoogleInputMethodService(29934): GoogleInputMethodService.onFinishInput():3260 
02-09 12:25:57.511 I/GoogleInputMethodService(29934): GoogleInputMethodService.updateDeviceLockedStatus():2103 repeatCheckTimes = 0, locked = false
02-09 12:25:57.512 I/GoogleInputMethodService(29934): GoogleInputMethodService.onStartInput():1894 onStartInput(EditorInfo{EditorInfo{packageName=com.android.systemui, inputType=0, inputTypeString=NULL, enableLearning=false, autoCorrection=false, autoComplete=false, imeOptions=0, privateImeOptions=null, actionName=UNSPECIFIED, actionLabel=null, initialSelStart=-1, initialSelEnd=-1, initialCapsMode=0, label=null, fieldId=0, fieldName=null, extras=null, hintText=null, hintLocales=[]}}, false)
02-09 12:25:57.514 I/GoogleInputMethodService(29934): GoogleInputMethodService.updateDeviceLockedStatus():2103 repeatCheckTimes = 1, locked = false
02-09 12:25:57.749 I/IPCThreadState(801): oneway function results for code 6 on binder at 0xb400007e4d6077c0 will be dropped but finished with status UNKNOWN_TRANSACTION
02-09 12:25:57.781 D/BiometricService(1405): handleOnDialogAnimatedIn
02-09 12:25:57.781 V/BiometricService/AuthSession(1405): Starting sensor: 0
02-09 12:25:57.784 D/BiometricScheduler/Fingerprint21(1405): [Started] {[390] com.android.server.biometrics.sensors.fingerprint.hidl.FingerprintAuthenticationClient, proto=3, owner=com.android.settings, cookie=1293727671, requestId=57, userId=0}
02-09 12:25:57.785 D/BiometricStateCallback(1405): State updated from 0 to 3, client {[390] com.android.server.biometrics.sensors.fingerprint.hidl.FingerprintAuthenticationClient, proto=3, owner=com.android.settings, cookie=1293727671, requestId=57, userId=0}
02-09 12:25:57.786 D/Biometrics/AuthenticationClient(1405): Requesting auth for com.android.settings
02-09 12:25:57.787 D/fpHAL   (1118):  fingerprint_authenticate(0xb4000076aa24ec90, operation_id=0, gid=0)
02-09 12:25:57.787 D/fpHAL   (1118): int cfp_sensor_init(emu_fingerprint_hal_device_t *, int)[415]
02-09 12:25:57.787 D/fpHAL   (1118):  cfp sensor has already been inited!
02-09 12:25:57.787 D/cdfinger(1118): [FpService::Client::setActiveUser] 0
02-09 12:25:57.787 D/fpHAL   (1118): platform_build_version=14
02-09 12:25:57.787 D/cdfinger(1118): fnCa_set_active_user userid = 0, saveImgFlag = 0, platform = >
02-09 12:25:57.796 D/cdfingerTA(1118): qsee_spi_open retval = 0
02-09 12:25:57.796 D/cdfingerTA(1118): Run on ChipID[0X96] ......................................
02-09 12:25:57.796 D/cdfingerTA(1118): CFP_NZ: Switch [0] to [0], saveImgFlag = [0] [0] [0]
02-09 12:25:57.797 D/fpHAL   (1118):  the group 0 has already been actived.
02-09 12:25:57.797 D/fpHAL   (1118):  setListenerState(0xb4000076aa24ec90, 2)
02-09 12:25:57.797 D/fpHAL   (1118): fingerprint_authenticate[2]
02-09 12:25:57.797 D/cdfinger(1118): Client::getAuthToken[0x7fd26835a0], length[69]
02-09 12:25:57.797 D/cdfinger(1118): fnCa_get_auth_token,len = 69
02-09 12:25:57.797 D/cdfinger(1118): cfp_km_start
02-09 12:25:57.797 D/fpHAL   (1118): platform_build_version=14
02-09 12:25:57.797 D/QSEECOMAPI(1118): QSEECom_get_handle sb_length = 0x1000
02-09 12:25:57.797 D/QSEECOMAPI(1118): App is already loaded QSEE and app id = 65537
02-09 12:25:57.797 D/cdfinger(1118): Loading /vendor/firmware_mnt/image [keymaster64] Succeed.
02-09 12:25:57.797 D/cdfinger(1118): get key from keymaster...
02-09 12:25:57.803 D/cdfinger(1118): get key ret[0], pRsp[0x7fd2682d4d], pRsp.status[0x0], pRsp.offset[12], rsp.len[152]
02-09 12:25:57.803 D/cdfinger(1118): cfp_km_stop
02-09 12:25:57.804 D/QSEECOMAPI(1118): QSEECom_dealloc_memory 
02-09 12:25:57.804 D/QSEECOMAPI(1118): QSEECom_shutdown_app, app_id = 65537
02-09 12:25:57.804 D/cdfinger(1118): Unload keymaster64 succeed.
02-09 12:25:57.804 D/cdfinger(1118): fnCa_get_auth_token, get key success!
02-09 12:25:57.806 D/cdfingerTA(1118): Run on ChipID[0X96] ......................................
02-09 12:25:57.806 D/cdfingerTA(1118): CFP_NZ: FP_REQUEST_GET_AUTH_TOKEN
02-09 12:25:57.806 D/fpHAL   (1118):  cfp_sensor_fp_match(), fingerId = 0
02-09 12:25:57.806 E/cdfinger(1118): [FpService::Client::recognize ] enter.13
02-09 12:25:57.806 E/cdfinger(1118): Ta version: sensor:FPS988EAS_commoit:3ec7ce6_date:20190117_time:16:29:46
02-09 12:25:57.806 E/cdfinger(1118): [device_waitForFinger] ===> Waiting Finger Down.
02-09 12:25:57.806 E/cdfinger(1118): sem_wait : (0)
02-09 12:25:57.806 D/cdfinger(1118): Client::cancelReportkey 13
02-09 12:25:57.806 D/cdfinger(1118): Enter Switch Status, mCurStatus = 13
02-09 12:25:57.806 D/cdfinger(1118): mCurStatus = 13 , nextStatus = 15
02-09 12:25:57.806 D/cdfinger(1118): fingerprint cancel wait finger command.
02-09 12:25:57.806 D/cdfinger(1118): device_cancel_waitfinger 
02-09 12:25:57.806 D/cdfinger(1118): cancle run here 1
02-09 12:25:57.806 D/cdfinger(1118): setCurNotifyClientID:0
02-09 12:25:57.806 D/cdfinger(1118): wake_lock==========!
02-09 12:25:57.806 D/cdfinger(1118): Wait for finger Canceled.
02-09 12:25:57.806 W/cdfinger(1118): EventProcessThread wait hal_Down error!goto waitting!
02-09 12:25:57.806 D/cdfinger(1118): RawDataProcessLoop waiting signal!
02-09 12:25:57.808 D/cdfingerTA(1118): Run on ChipID[0X96] ......................................
02-09 12:25:57.808 D/cdfingerTA(1118): CFP_NZ: FP_REQUEST_RESET_ALGO mode: 1
02-09 12:25:57.808 D/cdfinger(1118): [ FpService:: RawDataProcessRequest( )]trigger rawdata signal sem!
02-09 12:25:57.808 D/cdfinger(1118): RawDataProcessLoop got signal! Current Status: 6|15
02-09 12:25:57.808 D/cdfinger(1118): Enter Switch Status, mCurStatus = 15
02-09 12:25:57.808 D/cdfinger(1118): mCurStatus = 15 , nextStatus = 6
02-09 12:25:57.808 D/cdfinger(1118): EventProcessThread wait hal_Down! status:6
02-09 12:25:57.808 D/cdfinger(1118): fingerprint wait for finger .
02-09 12:25:57.808 D/cdfinger(1118): device_waitForFinger===========
02-09 12:25:57.808 V/BiometricSchedulerOperation(1405): started: {[390] com.android.server.biometrics.sensors.fingerprint.hidl.FingerprintAuthenticationClient, proto=3, owner=com.android.settings, cookie=1293727671, requestId=57, userId=0}, State: 2
02-09 12:25:57.808 D/BiometricScheduler/Fingerprint21(1405): [Started] Prepared client: {[390] com.android.server.biometrics.sensors.fingerprint.hidl.FingerprintAuthenticationClient, proto=3, owner=com.android.settings, cookie=1293727671, requestId=57, userId=0}, State: 2
02-09 12:25:57.921 D/cdfingerTA(1118): Run on ChipID[0X96] ......................................
02-09 12:25:57.931 D/cdfingerTA(1118): Run on ChipID[0X96] ......................................
02-09 12:25:57.931 D/cdfingerTA(1118): CFP_NZ: FP_REQUEST_SETMODE
02-09 12:25:57.931 D/cdfingerTA(1118): cdfinger_config_interrupt 0xd1, mode = [2]
02-09 12:25:57.931 D/cdfingerTA(1118): qsee_spi_open retval = 0
02-09 12:25:57.931 D/cdfingerTA(1118): CFP_NZ: FP_REQUEST_SETMODE [2] ret[0]
02-09 12:25:57.931 D/cdfinger(1118): wake_unlock---------received!
02-09 12:25:57.960 V/WindowManagerShell(2056): Transition animation finished (aborted=false), notifying core (#759)android.os.BinderProxy@b47dda0@0
02-09 12:25:57.964 V/WindowManager(1405): Finish Transition #759: created at 02-09 12:25:57.265 collect-started=0.256ms request-sent=13.562ms started=17.29ms ready=32.41ms sent=142.106ms finished=697.048ms
02-09 12:25:57.966 V/WindowManagerShell(2056): Track 0 became idle
02-09 12:25:57.966 V/WindowManagerShell(2056): All active transition animations finished
02-09 12:25:57.993 D/HotseatPredictionController(19269): setPauseUIUpdate parameter `paused` is false
02-09 12:25:57.993 D/HotseatPredictionController(19269): fillGapsWithPrediction flags: 
02-09 12:25:57.993 D/HotseatPredictionController(19269): Hotseat app child is: com.android.launcher3.views.DoubleShadowBubbleTextView{3fc048c VFED..CL. ......ID 0,0-154,174 #1} and isPredictedIcon() evaluates to: false
02-09 12:25:57.993 D/HotseatPredictionController(19269): Hotseat app child is: com.android.launcher3.views.DoubleShadowBubbleTextView{bf8c7d5 VFED..CL. ......ID 207,0-361,174 #2} and isPredictedIcon() evaluates to: false
02-09 12:25:57.993 D/HotseatPredictionController(19269): Hotseat app child is: com.android.launcher3.views.DoubleShadowBubbleTextView{98e2bea VFED..CL. ......ID 414,0-568,174 #3} and isPredictedIcon() evaluates to: false
02-09 12:25:57.993 D/HotseatPredictionController(19269): Hotseat app child is: com.android.launcher3.views.DoubleShadowBubbleTextView{3e62edb VFED..CL. ......ID 621,0-775,174 #4} and isPredictedIcon() evaluates to: false
02-09 12:25:57.993 D/HotseatPredictionController(19269): Hotseat app child is: com.android.launcher3.views.DoubleShadowBubbleTextView{3aadd78 VFED..CL. ......ID 828,0-982,174 #5} and isPredictedIcon() evaluates to: false
02-09 12:25:57.993 D/HotseatPredictionController(19269): bindItems to hotseat: []
02-09 12:25:58.612 I/IPCThreadState(801): oneway function results for code 6 on binder at 0xb400007e4d607c70 will be dropped but finished with status UNKNOWN_TRANSACTION
02-09 12:25:58.724 E/QTI PowerHAL(801): Failed to acquire lock.
02-09 12:25:58.725 E/QTI PowerHAL(801): Failed process_boost for boost_handle
02-09 12:25:58.745 I/IPCThreadState(801): oneway function results for code 6 on binder at 0xb400007e4d607d30 will be dropped but finished with status UNKNOWN_TRANSACTION
02-09 12:25:58.811 D/BiometricService(1405): onSystemEvent: 1
02-09 12:25:58.813 D/audioserver(857): logFgsApiBegin: FGS Logger Transaction failed, -129
02-09 12:25:58.815 V/WindowManagerShell(2056): Transition requested: android.os.BinderProxy@c427e63 TransitionRequestInfo { type = 2, triggerTask = TaskInfo{userId=0 taskId=160 displayId=0 isRunning=false baseIntent=Intent { act=android.app.action.UNLOCK_APP flg=0x10800000 pkg=com.android.settings cmp=com.android.settings/.security.applock.AppLockCredentialActivity } baseActivity=null topActivity=null origActivity=null realActivity=ComponentInfo{com.android.settings/com.android.settings.security.applock.AppLockCredentialActivity} numActivities=0 lastActiveTime=7285292 supportsMultiWindow=true resizeMode=1 isResizeable=true minWidth=-1 minHeight=-1 defaultMinSize=220 token=WCT{android.window.IWindowContainerToken$Stub$Proxy@e642a60} topActivityType=1 pictureInPictureParams=null shouldDockBigOverlays=false launchIntoPipHostTaskId=-1 lastParentTaskIdBeforePip=-1 displayCutoutSafeInsets=null topActivityInfo=null launchCookies=[android.os.BinderProxy@eb559ff] positionInParent=Point(0, 0) parentTaskId=-1 isFocused=true isVisible=true isVisibleRequested=true isSleeping=false topActivityInSizeCompat=false topActivityEligibleForLetterboxEducation= false isLetterboxDoubleTapEnabled= false topActivityEligibleForUserAspectRatioButton= false topActivityBoundsLetterboxed= false isFromLetterboxDoubleTap= false topActivityLetterboxVerticalPosition= -1 topActivityLetterboxHorizontalPosition= -1 topActivityLetterboxWidth=-1 topActivityLetterboxHeight=-1 isUserFullscreenOverrideEnabled=false isTopActivityTransparent=false locusId=null displayAreaFeatureId=1 cameraCompatControlState=hidden}, remoteTransition = null, displayChange = null, flags = 0 }
02-09 12:25:58.821 W/ElapsedTimeUtils(31908): getElapsedTime: sSuwFinishedTimeStamp is null
02-09 12:25:58.831 I/IPCThreadState(801): oneway function results for code 6 on binder at 0xb400007e4d608990 will be dropped but finished with status UNKNOWN_TRANSACTION
02-09 12:25:58.831 D/StatsLog(19269): LAUNCHER_ONRESUME
02-09 12:25:58.840 V/BiometricUtils(1405): Checking if the authenticating is in background, clientPackage:com.android.settings
02-09 12:25:58.865 V/WindowManager(1405): Sent Transition #760 createdAt=02-09 12:25:58.814 via request=TransitionRequestInfo { type = 2, triggerTask = TaskInfo{userId=0 taskId=160 displayId=0 isRunning=false baseIntent=Intent { act=android.app.action.UNLOCK_APP flg=0x10800000 pkg=com.android.settings cmp=com.android.settings/.security.applock.AppLockCredentialActivity } baseActivity=null topActivity=null origActivity=null realActivity=ComponentInfo{com.android.settings/com.android.settings.security.applock.AppLockCredentialActivity} numActivities=0 lastActiveTime=7285292 supportsMultiWindow=true resizeMode=1 isResizeable=true minWidth=-1 minHeight=-1 defaultMinSize=220 token=WCT{RemoteToken{b951ba9 Task{f2725e8 #160 type=standard A=1000:com.android.settings.applock}}} topActivityType=1 pictureInPictureParams=null shouldDockBigOverlays=false launchIntoPipHostTaskId=-1 lastParentTaskIdBeforePip=-1 displayCutoutSafeInsets=null topActivityInfo=null launchCookies=[android.os.BinderProxy@99a18cf] positionInParent=Point(0, 0) parentTaskId=-1 isFocused=true isVisible=true isVisibleRequested=true isSleeping=false topActivityInSizeCompat=false topActivityEligibleForLetterboxEducation= false isLetterboxDoubleTapEnabled= false topActivityEligibleForUserAspectRatioButton= false topActivityBoundsLetterboxed= false isFromLetterboxDoubleTap= false topActivityLetterboxVerticalPosition= -1 topActivityLetterboxHorizontalPosition= -1 topActivityLetterboxWidth=-1 topActivityLetterboxHeight=-1 isUserFullscreenOverrideEnabled=false isTopActivityTransparent=false locusId=null displayAreaFeatureId=1 cameraCompatControlState=hidden}, remoteTransition = null, displayChange = null, flags = 0 }
02-09 12:25:58.865 V/WindowManager(1405):     startWCT=WindowContainerTransaction { changes = {} hops = [] errorCallbackToken=null taskFragmentOrganizer=null }
02-09 12:25:58.865 V/WindowManager(1405):     info={id=760 t=CLOSE f=0x0 trk=0 r=[0@Point(0, 0)] c=[{WCT{RemoteToken{b951ba9 Task{f2725e8 #160 type=standard A=1000:com.android.settings.applock}}} m=CLOSE f=TRANSLUCENT leash=Surface(name=Task=160)/@0xea46ce2 sb=Rect(0, 0 - 1080, 2160) eb=Rect(0, 0 - 1080, 2160) d=0}]}
02-09 12:25:58.867 V/WindowManagerShell(2056): onTransitionReady android.os.BinderProxy@c427e63: {id=760 t=CLOSE f=0x0 trk=0 r=[0@Point(0, 0)] c=[{WCT{android.window.IWindowContainerToken$Stub$Proxy@3d49dbf} m=CLOSE f=TRANSLUCENT leash=Surface(name=Task=160)/@0xbcf7b19 sb=Rect(0, 0 - 1080, 2160) eb=Rect(0, 0 - 1080, 2160) d=0}]}
02-09 12:25:58.868 V/WindowManagerShell(2056): Playing animation for (#760)android.os.BinderProxy@c427e63@0
02-09 12:25:58.868 V/WindowManagerShell(2056):  try handler com.android.wm.shell.transition.DefaultMixedHandler@3dbd22
02-09 12:25:58.868 V/WindowManagerShell(2056):  try handler com.android.wm.shell.keyguard.KeyguardTransitionHandler@43613b3
02-09 12:25:58.868 V/WindowManagerShell(2056):  try handler com.android.wm.shell.pip.PipTransition@cfcf9d0
02-09 12:25:58.868 V/WindowManagerShell(2056):  try handler com.android.wm.shell.activityembedding.ActivityEmbeddingController@2b3edc9
02-09 12:25:58.868 V/WindowManagerShell(2056):  try handler com.android.wm.shell.recents.RecentsTransitionHandler@b85acce
02-09 12:25:58.868 V/ShellRecents(2056): RecentsTransitionHandler.startAnimation: no controller found
02-09 12:25:58.868 V/WindowManagerShell(2056):  try handler com.android.wm.shell.splitscreen.StageCoordinator@7e587ef
02-09 12:25:58.868 V/WindowManagerShell(2056):  try handler com.android.wm.shell.transition.RemoteTransitionHandler@dffe2fc
02-09 12:25:58.868 V/WindowManagerShell(2056): Transition doesn't have explicit remote, search filters for match for {id=760 t=CLOSE f=0x0 trk=0 r=[0@Point(0, 0)] c=[{WCT{android.window.IWindowContainerToken$Stub$Proxy@3d49dbf} m=CLOSE f=TRANSLUCENT leash=Surface(name=Task=160)/@0xbcf7b19 sb=Rect(0, 0 - 1080, 2160) eb=Rect(0, 0 - 1080, 2160) d=0}]}
02-09 12:25:58.868 V/WindowManagerShell(2056):  Checking filter Pair{{types=[] flags=0x0] notFlags=0x100 checks=[{atype=home independent=true modes=[OPEN,TO_FRONT] flags=NONE mustBeTask=false order=TOP topActivity=ComponentInfo{com.android.launcher3/com.android.launcher3.uioverrides.QuickstepLauncher}},{atype=standard independent=true modes=[CLOSE,TO_BACK] flags=NONE mustBeTask=false order=ANY topActivity=null}]} RemoteTransition { remoteTransition = android.window.IRemoteTransition$Stub$Proxy@7a26879, appThread = android.app.IApplicationThread$Stub$Proxy@29189be, debugName = QuickstepLaunchHome }}
02-09 12:25:58.869 V/WindowManagerShell(2056):  Delegate animation for #760 to null
02-09 12:25:58.869 V/WindowManagerShell(2056):  try handler com.android.wm.shell.transition.DefaultTransitionHandler@cacb40b
02-09 12:25:58.869 V/WindowManagerShell(2056): start default transition animation, info = {id=760 t=CLOSE f=0x0 trk=0 r=[0@Point(0, 0)] c=[{WCT{android.window.IWindowContainerToken$Stub$Proxy@3d49dbf} m=CLOSE f=TRANSLUCENT leash=Surface(name=Task=160)/@0xbcf7b19 sb=Rect(0, 0 - 1080, 2160) eb=Rect(0, 0 - 1080, 2160) d=0}]}
02-09 12:25:58.869 V/WindowManagerShell(2056): loadAnimation: anim=android.view.animation.AnimationSet@a518c8c animAttr=0x7 type=CLOSE isEntrance=false
02-09 12:25:58.871 V/WindowManagerShell(2056):  animated by com.android.wm.shell.transition.DefaultTransitionHandler@cacb40b
02-09 12:25:58.876 I/BiometricUtils(1405): Running task, top: com.android.launcher3, isVisible: true
02-09 12:25:58.877 I/BiometricUtils(1405): Running task, top: com.pluscubed.matlog, isVisible: false
02-09 12:25:58.877 E/Fingerprint21(1405): Stopping background authentication, currentClient: {[390] com.android.server.biometrics.sensors.fingerprint.hidl.FingerprintAuthenticationClient, proto=3, owner=com.android.settings, cookie=1293727671, requestId=57, userId=0}
02-09 12:25:58.877 D/BiometricScheduler/Fingerprint21(1405): cancelAuthenticationOrDetection, requestId: 57
02-09 12:25:58.877 D/BiometricScheduler/Fingerprint21(1405): Cancelling auth/detect op: {[390] com.android.server.biometrics.sensors.fingerprint.hidl.FingerprintAuthenticationClient, proto=3, owner=com.android.settings, cookie=1293727671, requestId=57, userId=0}, State: 2
02-09 12:25:58.877 D/BiometricSchedulerOperation(1405): [Cancelling] Current client: {[390] com.android.server.biometrics.sensors.fingerprint.hidl.FingerprintAuthenticationClient, proto=3, owner=com.android.settings, cookie=1293727671, requestId=57, userId=0}
02-09 12:25:58.877 D/fpHAL   (1118): fingerprint_cancel
02-09 12:25:58.877 D/fpHAL   (1118):  fingerprint_cancel()
02-09 12:25:58.877 D/fpHAL   (1118): fingerprintd dev->listener.state = 2
02-09 12:25:58.877 D/fpHAL   (1118): platform_build_version=14
02-09 12:25:58.877 D/android.hardware.biometrics.fingerprint@2.1-service(1118): onError(5)
02-09 12:25:58.877 D/fpHAL   (1118):  cfp_sensor_fp_cancel(), currentState = 2
02-09 12:25:58.877 D/fpHAL   (1118):  cfp_sensor_fp_cancel(), currentState = 2
02-09 12:25:58.877 D/fpHAL   (1118):  fp cancel!
02-09 12:25:58.878 D/fpHAL   (1118): Match canceling...
02-09 12:25:58.878 D/cdfinger(1118): Client::cancelRecognize 6
02-09 12:25:58.878 D/cdfinger(1118): Enter Switch Status, mCurStatus = 6
02-09 12:25:58.878 D/cdfinger(1118): mCurStatus = 6 , nextStatus = 8
02-09 12:25:58.878 D/cdfinger(1118): fingerprint cancel wait finger command.
02-09 12:25:58.878 D/cdfinger(1118): device_cancel_waitfinger 
02-09 12:25:58.878 D/cdfinger(1118): cancle run here 1
02-09 12:25:58.878 D/cdfinger(1118): wake_lock==========!
02-09 12:25:58.878 D/cdfinger(1118): Wait for finger Canceled.
02-09 12:25:58.878 W/cdfinger(1118): EventProcessThread wait hal_Down error!goto waitting!
02-09 12:25:58.878 D/cdfinger(1118): RawDataProcessLoop waiting signal!
02-09 12:25:58.884 D/cdfingerTA(1118): qsee_spi_open retval = 0
02-09 12:25:58.884 D/cdfingerTA(1118): Run on ChipID[0X96] ......................................
02-09 12:25:58.884 D/cdfingerTA(1118): CFP_NZ: FP_REQUEST_RESET_ALGO mode: 1
02-09 12:25:58.884 D/cdfinger(1118): [ FpService:: RawDataProcessRequest( )]trigger rawdata signal sem!
02-09 12:25:58.884 D/fpHAL   (1118):  setListenerState(0xb4000076aa24ec90, 3)
02-09 12:25:58.884 D/cdfinger(1118): RawDataProcessLoop got signal! Current Status: 13|8
02-09 12:25:58.884 D/cdfinger(1118): Enter Switch Status, mCurStatus = 8
02-09 12:25:58.884 D/cdfinger(1118): mCurStatus = 8 , nextStatus = 13
02-09 12:25:58.884 D/cdfinger(1118): EventProcessThread wait hal_Down! status:13
02-09 12:25:58.884 D/cdfinger(1118): fingerprint wait for finger .
02-09 12:25:58.884 D/cdfinger(1118): device_waitForFinger===========
02-09 12:25:58.884 D/Fingerprint21(1405): handleError, client: FingerprintAuthenticationClient, error: 5, vendorCode: 0
02-09 12:25:58.885 D/Biometrics/AcquisitionClient(1405): onErrorInternal code: 5, finish: true
02-09 12:25:58.885 V/BiometricLogger(1405): Error latency: -1
02-09 12:25:58.885 W/BiometricFrameworkStatsLogger(1405): found a negative latency : -1
02-09 12:25:58.885 D/BiometricStateCallback(1405): Client finished, state updated to 0, client {[390] com.android.server.biometrics.sensors.fingerprint.hidl.FingerprintAuthenticationClient, proto=3, owner=com.android.settings, cookie=1293727671, requestId=57, userId=0}
02-09 12:25:58.886 D/BiometricSchedulerOperation(1405): [Finished / destroy]: {[390] com.android.server.biometrics.sensors.fingerprint.hidl.FingerprintAuthenticationClient, proto=3, owner=com.android.settings, cookie=1293727671, requestId=57, userId=0}
02-09 12:25:58.886 D/BiometricService(1405): handleOnError() sensorId: 0, cookie: 1293727671, error: 5, vendorCode: 0
02-09 12:25:58.886 D/BiometricService/AuthSession(1405): onErrorReceived sensor: 0 error: 5
02-09 12:25:58.886 D/BiometricService/Sensor(1405): Sensor(0) now in STATE_STOPPED
02-09 12:25:58.886 D/BiometricService(1405): handleOnError: AuthSession finished
02-09 12:25:58.887 D/BiometricScheduler/Fingerprint21(1405): [Finishing] {[390] com.android.server.biometrics.sensors.fingerprint.hidl.FingerprintAuthenticationClient, proto=3, owner=com.android.settings, cookie=1293727671, requestId=57, userId=0}, success: false
02-09 12:25:58.887 D/GestureAvailabilityTracker(1405): Notifying gesture availability, active=true
02-09 12:25:58.887 D/BiometricScheduler/Fingerprint21(1405): No operations, returning to idle
02-09 12:25:58.895 I/IPCThreadState(801): oneway function results for code 6 on binder at 0xb400007e4d607e80 will be dropped but finished with status UNKNOWN_TRANSACTION
02-09 12:25:58.897 W/WindowOnBackDispatcher(31908): sendCancelIfRunning: isInProgress=falsecallback=android.app.Activity$$ExternalSyntheticLambda0@aaf6a5c
02-09 12:25:58.903 W/InputManager-JNI(1405): Input channel object 'b8fdf3d com.android.settings/com.android.settings.security.applock.AppLockCredentialActivity (client)' was disposed without first being removed with the input manager!
02-09 12:25:58.912 I/IPCThreadState(801): oneway function results for code 6 on binder at 0xb400007e4d6077c0 will be dropped but finished with status UNKNOWN_TRANSACTION
02-09 12:25:58.917 W/ActivityTaskManager(1405): Finishing task with all activities already finished
02-09 12:25:58.918 W/ActivityTaskManager(1405): Duplicate finish request for r=ActivityRecord{b5d930b u0 com.android.settings/.security.applock.AppLockCredentialActivity t160 f}}
02-09 12:25:58.944 D/AuthController(2056): hideAuthenticationDialog: com.android.systemui.biometrics.AuthContainerView{48fa4a6 VFE...... .F...... 0,0-1080,2160 aid=105}
02-09 12:25:58.944 W/AuthContainerView(2056): Already dismissing, sendReason: false reason: 0
02-09 12:25:58.945 W/AuthController(2056): Evicting client due to: com.android.launcher3
02-09 12:25:58.981 D/audioserver(857): logFgsApiEnd: FGS Logger Transaction failed, -129
02-09 12:25:58.998 D/cdfingerTA(1118): Run on ChipID[0X96] ......................................
02-09 12:25:59.003 D/cdfingerTA(1118): Run on ChipID[0X96] ......................................
02-09 12:25:59.003 D/cdfingerTA(1118): CFP_NZ: FP_REQUEST_SETMODE
02-09 12:25:59.003 D/cdfingerTA(1118): qsee_spi_open retval = 0
02-09 12:25:59.003 D/cdfingerTA(1118): interrupt build time 0
02-09 12:25:59.003 D/cdfingerTA(1118): CFP_NZ: FP_REQUEST_SETMODE [3] ret[0]
02-09 12:25:59.003 D/cdfinger(1118): wake_unlock---------received!
02-09 12:25:59.034 I/IPCThreadState(801): oneway function results for code 6 on binder at 0xb400007e4d608990 will be dropped but finished with status UNKNOWN_TRANSACTION
02-09 12:25:59.133 V/WindowManagerShell(2056): Transition animation finished (aborted=false), notifying core (#760)android.os.BinderProxy@c427e63@0
02-09 12:25:59.143 V/WindowManager(1405): Finish Transition #760: created at 02-09 12:25:58.814 collect-started=0.093ms request-sent=0.272ms started=5.959ms ready=13.316ms sent=48.167ms finished=327.482ms
02-09 12:25:59.157 V/WindowManagerShell(2056): Track 0 became idle
02-09 12:25:59.157 V/WindowManagerShell(2056): All active transition animations finished
02-09 12:25:59.210 D/AuthContainerView(2056): pendingCallback: 1
02-09 12:25:59.210 D/AuthController(2056): onDialogDismissed: 3
02-09 12:25:59.210 W/AuthController(2056): Dialog already dismissed
02-09 12:25:59.211 W/WindowOnBackDispatcher(2056): sendCancelIfRunning: isInProgress=falsecallback=android.view.ViewRootImpl$$ExternalSyntheticLambda17@c416971
02-09 12:25:59.217 E/BiometricService(1405): onDismissed: 3, AuthSession is not current
02-09 12:25:59.220 I/AuthDialogPanelInteractionDetector(2056): Disable dectector
02-09 12:25:59.224 W/InputManager-JNI(1405): Input channel object '463d918 BiometricPrompt (client)' was disposed without first being removed with the input manager!
02-09 12:25:59.241 V/WindowManager(1405): Unknown focus tokens, dropping reportFocusChanged
02-09 12:25:59.260 I/IPCThreadState(801): oneway function results for code 6 on binder at 0xb400007e4d608990 will be dropped but finished with status UNKNOWN_TRANSACTION
02-09 12:25:59.267 I/GoogleInputMethodService(29934): GoogleInputMethodService.onFinishInput():3260 
02-09 12:25:59.269 I/GoogleInputMethodService(29934): GoogleInputMethodService.updateDeviceLockedStatus():2103 repeatCheckTimes = 0, locked = false
02-09 12:25:59.272 I/GoogleInputMethodService(29934): GoogleInputMethodService.onStartInput():1894 onStartInput(EditorInfo{EditorInfo{packageName=com.android.launcher3, inputType=0, inputTypeString=NULL, enableLearning=false, autoCorrection=false, autoComplete=false, imeOptions=0, privateImeOptions=null, actionName=UNSPECIFIED, actionLabel=null, initialSelStart=-1, initialSelEnd=-1, initialCapsMode=0, label=null, fieldId=0, fieldName=null, extras=null, hintText=null, hintLocales=[]}}, false)
02-09 12:25:59.274 I/GoogleInputMethodService(29934): GoogleInputMethodService.updateDeviceLockedStatus():2103 repeatCheckTimes = 1, locked = false
02-09 12:25:59.736 I/IPCThreadState(801): oneway function results for code 6 on binder at 0xb400007e4d608990 will be dropped but finished with status UNKNOWN_TRANSACTION
02-09 12:25:59.802 D/HotseatPredictionController(19269): setPauseUIUpdate parameter `paused` is true
02-09 12:25:59.804 D/audioserver(857): logFgsApiBegin: FGS Logger Transaction failed, -129
02-09 12:25:59.833 I/android.hardware.power-service-qti(801): Power setMode: 5 to: 1
02-09 12:25:59.833 E/QTI PowerHAL(801): Failed to acquire lock.
02-09 12:25:59.833 E/QTI PowerHAL(801): Failed process_boost for boost_handle
02-09 12:25:59.833 E/QTI PowerHAL(801): Failed to perform launch boost
02-09 12:25:59.837 I/ActivityTaskManager(1405): START u0 {act=android.intent.action.MAIN cat=[android.intent.category.LAUNCHER] flg=0x10200000 cmp=com.whatsapp.w4y/com.whatsapp.Main bnds=[432,1639][648,1969]} with LAUNCH_MULTIPLE from uid 10146 (BAL_ALLOW_ALLOWLISTED_COMPONENT) result code=0
02-09 12:25:59.838 V/WindowManagerShell(2056): Transition requested: android.os.BinderProxy@3eae124 TransitionRequestInfo { type = 1, triggerTask = TaskInfo{userId=0 taskId=161 displayId=0 isRunning=true baseIntent=Intent { act=android.app.action.UNLOCK_APP flg=0x10800000 pkg=com.android.settings cmp=com.android.settings/.security.applock.AppLockCredentialActivity } baseActivity=ComponentInfo{com.android.settings/com.android.settings.security.applock.AppLockCredentialActivity} topActivity=ComponentInfo{com.android.settings/com.android.settings.security.applock.AppLockCredentialActivity} origActivity=null realActivity=ComponentInfo{com.android.settings/com.android.settings.security.applock.AppLockCredentialActivity} numActivities=1 lastActiveTime=7287834 supportsMultiWindow=true resizeMode=1 isResizeable=true minWidth=-1 minHeight=-1 defaultMinSize=220 token=WCT{android.window.IWindowContainerToken$Stub$Proxy@173048d} topActivityType=1 pictureInPictureParams=null shouldDockBigOverlays=false launchIntoPipHostTaskId=-1 lastParentTaskIdBeforePip=-1 displayCutoutSafeInsets=null topActivityInfo=ActivityInfo{b6a1642 com.android.settings.security.applock.AppLockCredentialActivity} launchCookies=[android.os.BinderProxy@7ffc653] positionInParent=Point(0, 0) parentTaskId=-1 isFocused=false isVisible=false isVisibleRequested=false isSleeping=false topActivityInSizeCompat=false topActivityEligibleForLetterboxEducation= false isLetterboxDoubleTapEnabled= false topActivityEligibleForUserAspectRatioButton= false topActivityBoundsLetterboxed= false isFromLetterboxDoubleTap= false topActivityLetterboxVerticalPosition= -1 topActivityLetterboxHorizontalPosition= -1 topActivityLetterboxWidth=-1 topActivityLetterboxHeight=-1 isUserFullscreenOverrideEnabled=false isTopActivityTransparent=true locusId=null displayAreaFeatureId=1 cameraCompatControlState=hidden}, remoteTransition = RemoteTransition { remoteTransition = android.window.IRemoteTransition$Stub$Proxy@d86eb90, appThread = android.app.IApplicationThread$Stub$Proxy@f985c89, debugName = QuickstepLaunch }, displayChange = null, flags = 0 }
02-09 12:25:59.838 V/WindowManagerShell(2056): RemoteTransition directly requested for android.os.BinderProxy@3eae124: RemoteTransition { remoteTransition = android.window.IRemoteTransition$Stub$Proxy@d86eb90, appThread = android.app.IApplicationThread$Stub$Proxy@f985c89, debugName = QuickstepLaunch }
02-09 12:25:59.838 D/StatsLog(19269): LAUNCHER_APP_LAUNCH_TAP
02-09 12:25:59.893 W/ElapsedTimeUtils(31908): getElapsedTime: sSuwFinishedTimeStamp is null
02-09 12:25:59.897 D/BiometricService/PreAuthInfo(1405): Package: com.android.settings Sensor ID: 1008 Modality: 8 Status: 7
02-09 12:25:59.898 W/BiometricService/PreAuthInfo(1405): isBiometricDisabledByDevicePolicy(2,0)=false
02-09 12:25:59.899 D/BiometricService/PreAuthInfo(1405): Package: com.android.settings Sensor ID: 0 Modality: 2 Status: 1
02-09 12:25:59.899 D/BiometricService/PreAuthInfo(1405): getCanAuthenticateInternal Modality: 3 AuthenticatorStatus: 1
02-09 12:25:59.900 D/BiometricService(1405): handleAuthenticate: modality(3), status(0), preAuthInfo: BiometricRequested: true, StrengthRequested: 255, CredentialRequested: true, Eligible:{0 }, Ineligible:{ID(1008), oemStrength: 255, updatedStrength: 255, modality 8, state: 0, cookie: 0:7 }, CredentialAvailable: true,  requestId: 58 promptInfo.isIgnoreEnrollmentState: false
02-09 12:25:59.901 D/BiometricService(1405): Creating authSession with authRequest: BiometricRequested: true, StrengthRequested: 255, CredentialRequested: true, Eligible:{0 }, Ineligible:{ID(1008), oemStrength: 255, updatedStrength: 255, modality 8, state: 0, cookie: 0:7 }, CredentialAvailable: true, 
02-09 12:25:59.901 D/BiometricService/AuthSession(1405): Creating AuthSession with: BiometricRequested: true, StrengthRequested: 255, CredentialRequested: true, Eligible:{0 }, Ineligible:{ID(1008), oemStrength: 255, updatedStrength: 255, modality 8, state: 0, cookie: 0:7 }, CredentialAvailable: true, 
02-09 12:25:59.901 V/BiometricService/AuthSession(1405): set to unknown state sensor: 0
02-09 12:25:59.901 V/BiometricService/AuthSession(1405): waiting for cooking for sensor: 0
02-09 12:25:59.902 D/BiometricScheduler/Fingerprint21(1405): [Added] {[391] com.android.server.biometrics.sensors.fingerprint.hidl.FingerprintUpdateActiveUserClient, proto=1, owner=android, cookie=0, requestId=-1, userId=0}, new queue size: 1
02-09 12:25:59.902 D/BiometricScheduler/Fingerprint21(1405): [Polled] {[391] com.android.server.biometrics.sensors.fingerprint.hidl.FingerprintUpdateActiveUserClient, proto=1, owner=android, cookie=0, requestId=-1, userId=0}, State: 0
02-09 12:25:59.902 D/BiometricScheduler/Fingerprint21(1405): [Started] {[391] com.android.server.biometrics.sensors.fingerprint.hidl.FingerprintUpdateActiveUserClient, proto=1, owner=android, cookie=0, requestId=-1, userId=0}
02-09 12:25:59.902 D/FingerprintUpdateActiveUserClient(1405): Already user: com.android.server.biometrics.sensors.fingerprint.hidl.Fingerprint21$$ExternalSyntheticLambda7@70b1d9f, returning
02-09 12:25:59.902 D/BiometricSchedulerOperation(1405): [Finished / destroy]: {[391] com.android.server.biometrics.sensors.fingerprint.hidl.FingerprintUpdateActiveUserClient, proto=1, owner=android, cookie=0, requestId=-1, userId=0}
02-09 12:25:59.902 V/BiometricSchedulerOperation(1405): started: {[391] com.android.server.biometrics.sensors.fingerprint.hidl.FingerprintUpdateActiveUserClient, proto=1, owner=android, cookie=0, requestId=-1, userId=0}, State: 5
02-09 12:25:59.904 I/android.hardware.power-service-qti(801): Power createHintSession
