02-09 12:25:30.410 D/audioserver(857): logFgsApiBegin: FGS Logger Transaction failed, -129
02-09 12:25:30.570 D/audioserver(857): logFgsApiEnd: FGS Logger Transaction failed, -129
02-09 12:25:31.035 I/IPCThreadState(801): oneway function results for code 6 on binder at 0xb400007e4d608150 will be dropped but finished with status UNKNOWN_TRANSACTION
02-09 12:25:31.335 I/IPCThreadState(801): oneway function results for code 6 on binder at 0xb400007e4d607b20 will be dropped but finished with status UNKNOWN_TRANSACTION
02-09 12:25:32.018 I/IPCThreadState(801): oneway function results for code 6 on binder at 0xb400007e4d6087e0 will be dropped but finished with status UNKNOWN_TRANSACTION
02-09 12:25:33.501 D/audio_hw_primary(787): out_standby: enter: stream (0xecd88650) usecase(1: low-latency-playback)
02-09 12:25:33.527 D/audio_hw_primary(787): disable_audio_route: reset and update mixer path: low-latency-playback speaker
02-09 12:25:33.531 D/hardware_info(787): hw_info_append_hw_type : device_name = speaker
02-09 12:25:33.531 D/audio_hw_primary(787): disable_snd_device: snd_device(2: speaker)
02-09 12:25:33.544 D/hardware_info(787): hw_info_append_hw_type : device_name = vi-feedback
02-09 12:25:33.544 D/audio_hw_primary(787): disable_snd_device: snd_device(206: vi-feedback)
02-09 12:25:33.545 D/audio_hw_primary(787): disable_audio_route: reset and update mixer path: spkr-vi-record
02-09 12:25:33.973 E/QTI PowerHAL(801): Failed to acquire lock.
02-09 12:25:33.973 E/QTI PowerHAL(801): Failed process_boost for boost_handle
02-09 12:25:33.980 I/IPCThreadState(801): oneway function results for code 6 on binder at 0xb400007e4d6087e0 will be dropped but finished with status UNKNOWN_TRANSACTION
02-09 12:25:34.768 I/IPCThreadState(801): oneway function results for code 6 on binder at 0xb400007e4d607220 will be dropped but finished with status UNKNOWN_TRANSACTION
02-09 12:25:36.056 E/QTI PowerHAL(801): Failed to acquire lock.
02-09 12:25:36.056 E/QTI PowerHAL(801): Failed process_boost for boost_handle
02-09 12:25:36.064 I/IPCThreadState(801): oneway function results for code 6 on binder at 0xb400007e4d6087e0 will be dropped but finished with status UNKNOWN_TRANSACTION
02-09 12:25:37.467 I/IPCThreadState(801): oneway function results for code 6 on binder at 0xb400007e4d6087e0 will be dropped but finished with status UNKNOWN_TRANSACTION
02-09 12:25:37.789 D/ActivityManager(1405): freezing 31908 com.android.settings
02-09 12:25:38.386 I/IPCThreadState(801): oneway function results for code 6 on binder at 0xb400007e4d6087e0 will be dropped but finished with status UNKNOWN_TRANSACTION
02-09 12:25:39.267 D/ActivityManager(1405): freezing 3261 io.chaldeaprjkt.gamespace
02-09 12:25:40.792 E/QTI PowerHAL(801): Failed to acquire lock.
02-09 12:25:40.792 E/QTI PowerHAL(801): Failed process_boost for boost_handle
02-09 12:25:40.796 I/IPCThreadState(801): oneway function results for code 6 on binder at 0xb400007e4d6087e0 will be dropped but finished with status UNKNOWN_TRANSACTION
02-09 12:25:42.818 I/IPCThreadState(801): oneway function results for code 6 on binder at 0xb400007e4d6087e0 will be dropped but finished with status UNKNOWN_TRANSACTION
02-09 12:25:42.985 I/IPCThreadState(801): oneway function results for code 6 on binder at 0xb400007e4d6087e0 will be dropped but finished with status UNKNOWN_TRANSACTION
02-09 12:25:43.541 I/IPCThreadState(801): oneway function results for code 6 on binder at 0xb400007e4d6087e0 will be dropped but finished with status UNKNOWN_TRANSACTION
02-09 12:25:44.019 I/IPCThreadState(801): oneway function results for code 6 on binder at 0xb400007e4d607c70 will be dropped but finished with status UNKNOWN_TRANSACTION
02-09 12:25:44.118 I/IPCThreadState(801): oneway function results for code 6 on binder at 0xb400007e4d608150 will be dropped but finished with status UNKNOWN_TRANSACTION
02-09 12:25:45.785 I/IPCThreadState(801): oneway function results for code 6 on binder at 0xb400007e4d6087e0 will be dropped but finished with status UNKNOWN_TRANSACTION
02-09 12:25:46.035 I/IPCThreadState(801): oneway function results for code 6 on binder at 0xb400007e4d607b20 will be dropped but finished with status UNKNOWN_TRANSACTION
02-09 12:25:46.078 E/QTI PowerHAL(801): Failed to acquire lock.
02-09 12:25:46.078 E/QTI PowerHAL(801): Failed process_boost for boost_handle
02-09 12:25:46.086 I/IPCThreadState(801): oneway function results for code 6 on binder at 0xb400007e4d6087e0 will be dropped but finished with status UNKNOWN_TRANSACTION
02-09 12:25:46.094 D/ShellBackPreview(2056): initAnimation mMotionStarted=false
02-09 12:25:46.095 D/CoreBackPreview(1405): Focused window found using getFocusedWindowToken
02-09 12:25:46.096 D/CoreBackPreview(1405): startBackNavigation currentTask=Task{24a196b #146 type=standard A=10197:com.pluscubed.matlog}, topRunningActivity=ActivityRecord{15be6ba u0 com.pluscubed.matlog/com.pluscubed.logcat.ui.LogcatActivity t146}, callbackInfo=OnBackInvokedCallbackInfo{mCallback=android.window.IOnBackInvokedCallback$Stub$Proxy@1cca75f, mPriority=0, mIsAnimationCallback=false}, currentFocus=Window{46cec22 u0 com.pluscubed.matlog/com.pluscubed.logcat.ui.LogcatActivity}
02-09 12:25:46.096 D/ShellBackPreview(2056): Received backNavigationInfo:BackNavigationInfo{mType=TYPE_CALLBACK (4), mOnBackNavigationDone=android.os.RemoteCallback@82f4279, mOnBackInvokedCallback=android.window.IOnBackInvokedCallback$Stub$Proxy@4f65bbe, mPrepareRemoteAnimation=false, mAnimationCallback=false, mCustomizeAnimationInfo=null}
02-09 12:25:46.173 D/ShellBackPreview(2056): Finishing gesture with event action: 1
02-09 12:25:46.173 D/ShellBackPreview(2056): onGestureFinished() mTriggerBack == false
02-09 12:25:46.174 D/ShellBackPreview(2056): BackAnimationController: finishBackNavigation()
02-09 12:25:46.175 D/CoreBackPreview(1405): onBackNavigationDone backType=4, triggerBack=false
02-09 12:25:46.185 D/audioserver(857): logFgsApiBegin: FGS Logger Transaction failed, -129
02-09 12:25:46.186 D/audio_hw_primary(787): start_output_stream: enter: stream(0xecd88650)usecase(1: low-latency-playback) devices(0x2) is_haptic_usecase(0)
02-09 12:25:46.187 E/audio_hw_extn(787): audio_extn_perf_lock_acquire: Failed to acquire perf lock, err: -1
02-09 12:25:46.187 D/audio_hw_primary(787): select_devices for use case (low-latency-playback)
02-09 12:25:46.187 I/msm8974_platform(787): platform_check_and_set_codec_backend_cfg:becf: afe: bitwidth 16, samplerate 48000 channels 2, backend_idx 0 usecase = 1 device (speaker)
02-09 12:25:46.187 I/msm8974_platform(787): platform_check_and_set_codec_backend_cfg: new_snd_devices[0] is 2
02-09 12:25:46.187 I/msm8974_platform(787): platform_check_codec_backend_cfg:becf: afe: bitwidth 16, samplerate 48000 channels 2, backend_idx 0 usecase = 1 device (speaker)
02-09 12:25:46.188 I/android.hardware.power-service-qti(801): Boost 3Not Supported
02-09 12:25:46.191 D/msm8974_platform(787): platform_check_codec_backend_cfg:becf: updated afe: bitwidth 16, samplerate 48000 channels 2,backend_idx 0 usecase = 1 device (speaker)
02-09 12:25:46.191 I/msm8974_platform(787): platform_check_codec_backend_cfg:becf: afe: Codec selected backend: 0 updated bit width: 16 and sample rate: 48000
02-09 12:25:46.192 D/audio_hw_primary(787): check_usecases_codec_backend:becf: force routing 0
02-09 12:25:46.192 D/audio_hw_primary(787): check_usecases_codec_backend:becf: (87) check_usecases curr device: speaker, usecase device: backends match 0
02-09 12:25:46.192 D/audio_hw_primary(787): check_usecases_codec_backend:becf: check_usecases num.of Usecases to switch 0
02-09 12:25:46.192 D/hardware_info(787): hw_info_append_hw_type : device_name = speaker
02-09 12:25:46.192 D/audio_hw_primary(787): enable_snd_device: snd_device(2: speaker)
02-09 12:25:46.192 D/msm8974_platform(787): platform_get_island_cfg_on_device:island cfg status on snd_device = (speaker 0)
02-09 12:25:46.192 D/audio_route(787): Apply path: speaker
02-09 12:25:46.192 D/hardware_info(787): hw_info_append_hw_type : device_name = vi-feedback
02-09 12:25:46.192 D/audio_hw_primary(787): enable_snd_device: snd_device(206: vi-feedback)
02-09 12:25:46.192 D/msm8974_platform(787): platform_get_island_cfg_on_device:island cfg status on snd_device = (vi-feedback 0)
02-09 12:25:46.192 D/audio_route(787): Apply path: vi-feedback
02-09 12:25:46.192 D/msm8974_platform(787): fluence nn disabled
02-09 12:25:46.192 D/audio_hw_utils(787): audio_extn_utils_send_app_type_cfg: usecase->in_snd_device vi-feedback
02-09 12:25:46.193 E/audio_hw_utils(787): send_app_type_cfg_for_device: Could not get ctl for mixer cmd - Audio Stream Capture 40 App Type Cfg
02-09 12:25:46.193 D/ACDB-LOADER(787): ACDB -> send_audio_cal, acdb_id = 102, path = 1, app id = 0x11132, sample rate = 48000, afe_sample_rate = 48000
02-09 12:25:46.193 D/ACDB-LOADER(787): ACDB -> send_asm_topology
02-09 12:25:46.193 D/ACDB-LOADER(787): ACDB -> ACDB_CMD_GET_AUDPROC_STREAM_TOPOLOGY_ID
02-09 12:25:46.193 D/ACDB-LOADER(787): ACDB -> send_adm_topology
02-09 12:25:46.193 D/ACDB-LOADER(787): ACDB -> ACDB_CMD_GET_AUDPROC_COMMON_TOPOLOGY_ID
02-09 12:25:46.193 D/ACDB-LOADER(787): ACDB -> send_audtable
02-09 12:25:46.193 D/ACDB-LOADER(787): ACDB -> ACDB_CMD_GET_AUDPROC_COMMON_TABLE_SIZE
02-09 12:25:46.193 D/ACDB-LOADER(787): ACDB -> ACDB_CMD_GET_AUDPROC_COMMON_TABLE
02-09 12:25:46.193 D/ACDB-LOADER(787): ACDB -> AUDIO_SET_AUDPROC_CAL cal_type[11] acdb_id[102] app_type[69938]
02-09 12:25:46.193 D/ACDB-LOADER(787): check_fnn_usecase_status: fnn usecase active 0
02-09 12:25:46.193 D/ACDB-LOADER(787): ACDB -> ACDB_CMD_GET_PERSISTENT_AUDPROC_INSTANCE_COMMON_TABLE_SIZE
02-09 12:25:46.193 D/android.hardware.audio.service(787): Invalid AV file. It doesnt contain LUT for tblid 00000028 
02-09 12:25:46.193 D/android.hardware.audio.service(787): Failed to fetch the lookup information of the device 00000066 
02-09 12:25:46.193 D/ACDB-LOADER(787): Error: ACDB_CMD_GET_PERSISTENT_AUDPROC_INSTANCE_COMMON_TABLE_SIZE returned -20
02-09 12:25:46.193 D/ACDB-LOADER(787): ACDB -> send_audproc_persist_table -20 
02-09 12:25:46.193 D/ACDB-LOADER(787): Error: Invalid Audproc persist size = -20
02-09 12:25:46.193 D/ACDB-LOADER(787): ACDB -> ACDB_CMD_GET_AUDPROC_STREAM_TABLE_SIZE
02-09 12:25:46.193 D/ACDB-LOADER(787): ACDB -> send_audstrmtable
02-09 12:25:46.193 D/ACDB-LOADER(787): ACDB -> ACDB_CMD_GET_AUDPROC_STREAM_TABLE_V2
02-09 12:25:46.193 D/ACDB-LOADER(787): ACDB -> audstrm_cal->cal_type.cal_data.cal_size = 16
02-09 12:25:46.193 D/ACDB-LOADER(787): ACDB -> send_afe_topology
02-09 12:25:46.193 D/ACDB-LOADER(787): ACDB -> ACDB_CMD_GET_AFE_TOPOLOGY_ID
02-09 12:25:46.193 D/ACDB-LOADER(787): ACDB -> GET_AFE_TOPOLOGY_ID for adcd_id 102, Topology Id 1000b909
02-09 12:25:46.193 D/ACDB-LOADER(787): ACDB -> send_afe_cal
02-09 12:25:46.193 D/ACDB-LOADER(787): ACDB -> ACDB_CMD_GET_AFE_COMMON_TABLE_SIZE
02-09 12:25:46.194 D/ACDB-LOADER(787): ACDB -> ACDB_CMD_GET_AFE_COMMON_TABLE
02-09 12:25:46.194 D/ACDB-LOADER(787): ACDB -> AUDIO_SET_AFE_CAL cal_type[17] acdb_id[102]
02-09 12:25:46.194 D/ACDB-LOADER(787): ACDB -> send_hw_delay : acdb_id = 102 path = 1
02-09 12:25:46.194 D/ACDB-LOADER(787): ACDB -> ACDB_AVSYNC_INFO: ACDB_CMD_GET_DEVICE_PROPERTY
02-09 12:25:46.194 D/msm8974_platform(787): fluence nn disabled
02-09 12:25:46.194 D/audio_hw_primary(787): enable_audio_route: apply mixer and update path: spkr-vi-record
02-09 12:25:46.194 D/audio_route(787): Apply path: spkr-vi-record
02-09 12:25:46.198 D/amplifier_sdm660(787): pcm_dev_tx_id = 40
02-09 12:25:46.225 D/audio_hw_primary(787): audio_is_true_native_stream_active:napb: (0) (low-latency-playback)id (1) sr 48000 bw (16) device speaker
02-09 12:25:46.225 D/audio_hw_utils(787): audio_extn_utils_send_app_type_cfg: usecase->out_snd_device speaker
02-09 12:25:46.225 I/audio_hw_utils(787): send_app_type_cfg_for_device PLAYBACK app_type 69937, acdb_dev_id 15, sample_rate 48000, snd_device_be_idx 45
02-09 12:25:46.226 D/ACDB-LOADER(787): ACDB -> send_audio_cal, acdb_id = 15, path = 0, app id = 0x11131, sample rate = 48000, afe_sample_rate = 48000
02-09 12:25:46.226 D/ACDB-LOADER(787): ACDB -> send_asm_topology
02-09 12:25:46.226 D/ACDB-LOADER(787): ACDB -> ACDB_CMD_GET_AUDPROC_STREAM_TOPOLOGY_ID
02-09 12:25:46.226 D/ACDB-LOADER(787): ACDB -> send_adm_topology
02-09 12:25:46.226 D/ACDB-LOADER(787): ACDB -> ACDB_CMD_GET_AUDPROC_COMMON_TOPOLOGY_ID
02-09 12:25:46.227 D/ACDB-LOADER(787): ACDB -> send_audtable
02-09 12:25:46.227 D/ACDB-LOADER(787): ACDB -> ACDB_CMD_GET_AUDPROC_COMMON_TABLE_SIZE
02-09 12:25:46.227 D/ACDB-LOADER(787): ACDB -> ACDB_CMD_GET_AUDPROC_COMMON_TABLE
02-09 12:25:46.227 D/ACDB-LOADER(787): ACDB -> AUDIO_SET_AUDPROC_CAL cal_type[11] acdb_id[15] app_type[69937]
02-09 12:25:46.227 D/ACDB-LOADER(787): ACDB -> send_audvoltable
02-09 12:25:46.227 D/ACDB-LOADER(787): ACDB -> ACDB_CMD_GET_AUDPROC_GAIN_DEP_STEP_TABLE_SIZE
02-09 12:25:46.227 D/ACDB-LOADER(787): ACDB -> ACDB_CMD_GET_AUDPROC_GAIN_DEP_STEP_TABLE, vol index 0
02-09 12:25:46.227 D/ACDB-LOADER(787): ACDB -> AUDIO_SET_VOL_CAL cal type = 12
02-09 12:25:46.227 D/ACDB-LOADER(787): ACDB -> ACDB_CMD_GET_AUDPROC_STREAM_TABLE_SIZE
02-09 12:25:46.227 D/ACDB-LOADER(787): ACDB -> send_audstrmtable
02-09 12:25:46.227 D/ACDB-LOADER(787): ACDB -> ACDB_CMD_GET_AUDPROC_STREAM_TABLE_V2
02-09 12:25:46.227 D/ACDB-LOADER(787): ACDB -> audstrm_cal->cal_type.cal_data.cal_size = 16
02-09 12:25:46.227 D/ACDB-LOADER(787): ACDB -> send_afe_topology
02-09 12:25:46.227 D/ACDB-LOADER(787): ACDB -> ACDB_CMD_GET_AFE_TOPOLOGY_ID
02-09 12:25:46.227 D/ACDB-LOADER(787): ACDB -> GET_AFE_TOPOLOGY_ID for adcd_id 15, Topology Id 1000b910
02-09 12:25:46.227 D/ACDB-LOADER(787): ACDB -> send_afe_cal
02-09 12:25:46.227 D/ACDB-LOADER(787): ACDB -> ACDB_CMD_GET_AFE_COMMON_TABLE_SIZE
02-09 12:25:46.227 D/ACDB-LOADER(787): ACDB -> ACDB_CMD_GET_AFE_COMMON_TABLE
02-09 12:25:46.227 D/ACDB-LOADER(787): ACDB -> AUDIO_SET_AFE_CAL cal_type[16] acdb_id[15]
02-09 12:25:46.227 D/ACDB-LOADER(787): ACDB -> send_hw_delay : acdb_id = 15 path = 0
02-09 12:25:46.227 D/ACDB-LOADER(787): ACDB -> ACDB_AVSYNC_INFO: ACDB_CMD_GET_DEVICE_PROPERTY
02-09 12:25:46.227 D/audio_hw_primary(787): enable_audio_route: apply mixer and update path: low-latency-playback speaker
02-09 12:25:46.227 D/audio_route(787): Apply path: low-latency-playback speaker
02-09 12:25:46.228 D/audio_hw_primary(787): select_devices: done
02-09 12:25:46.228 D/msm8974_platform(787): platform_set_channel_map mixer_ctl_name:Playback Channel Map13
02-09 12:25:46.228 D/msm8974_platform(787): platform_set_channel_map: set mapping(1 2 0 0 0 0 0 0) for channel:2
02-09 12:25:46.229 E/msm8974_platform(787): platform_set_channel_map: Could not set ctl, error:-1 ch_count:2
02-09 12:25:46.231 I/android.hardware.power-service-qti(801): Power createHintSession
02-09 12:25:46.237 I/IPCThreadState(801): oneway function results for code 6 on binder at 0xb400007e4d607cd0 will be dropped but finished with status UNKNOWN_TRANSACTION
02-09 12:25:46.257 E/audio_hw_extn(787): audio_extn_perf_lock_release: Perf lock release error 
02-09 12:25:46.257 D/audio_hw_primary(787): start_output_stream: exit
02-09 12:25:46.258 I/android.hardware.power-service-qti(801): Boost 3Not Supported
02-09 12:25:46.292 I/IPCThreadState(801): oneway function results for code 6 on binder at 0xb400007e4d607cd0 will be dropped but finished with status UNKNOWN_TRANSACTION
02-09 12:25:46.420 D/audioserver(857): logFgsApiEnd: FGS Logger Transaction failed, -129
02-09 12:25:47.133 I/IPCThreadState(801): oneway function results for code 6 on binder at 0xb400007e4d607cd0 will be dropped but finished with status UNKNOWN_TRANSACTION
02-09 12:25:47.220 D/audioserver(857): logFgsApiBegin: FGS Logger Transaction failed, -129
02-09 12:25:47.229 I/IPCThreadState(801): oneway function results for code 6 on binder at 0xb400007e4d6087e0 will be dropped but finished with status UNKNOWN_TRANSACTION
02-09 12:25:47.229 I/IPCThreadState(801): oneway function results for code 6 on binder at 0xb400007e4d6087e0 will be dropped but finished with status UNKNOWN_TRANSACTION
02-09 12:25:47.267 I/GoogleInputMethodService(29934): GoogleInputMethodService.onFinishInput():3260 
02-09 12:25:47.270 I/GoogleInputMethodService(29934): GoogleInputMethodService.updateDeviceLockedStatus():2103 repeatCheckTimes = 0, locked = false
02-09 12:25:47.270 I/GoogleInputMethodService(29934): GoogleInputMethodService.onStartInput():1894 onStartInput(EditorInfo{EditorInfo{packageName=com.pluscubed.matlog, inputType=0, inputTypeString=NULL, enableLearning=false, autoCorrection=false, autoComplete=false, imeOptions=0, privateImeOptions=null, actionName=UNSPECIFIED, actionLabel=null, initialSelStart=-1, initialSelEnd=-1, initialCapsMode=0, label=null, fieldId=0, fieldName=null, extras=null, hintText=null, hintLocales=[]}}, false)
02-09 12:25:47.275 I/GoogleInputMethodService(29934): GoogleInputMethodService.updateDeviceLockedStatus():2103 repeatCheckTimes = 1, locked = false
02-09 12:25:47.379 D/audioserver(857): logFgsApiEnd: FGS Logger Transaction failed, -129
02-09 12:25:47.536 W/WindowOnBackDispatcher(31546): sendCancelIfRunning: isInProgress=falsecallback=android.view.ViewRootImpl$$ExternalSyntheticLambda17@aa683e2
02-09 12:25:47.540 D/OpenGLRenderer(31546): endAllActiveAnimators on 0x760d2f9160 (MenuPopupWindow$MenuDropDownListView) with handle 0x758d276fd0
02-09 12:25:47.543 W/InputManager-JNI(1405): Input channel object 'fcf638d PopupWindow:33dd271 (client)' was disposed without first being removed with the input manager!
02-09 12:25:49.059 E/QTI PowerHAL(801): Failed to acquire lock.
02-09 12:25:49.059 E/QTI PowerHAL(801): Failed process_boost for boost_handle
02-09 12:25:49.069 I/IPCThreadState(801): oneway function results for code 6 on binder at 0xb400007e4d6077c0 will be dropped but finished with status UNKNOWN_TRANSACTION
02-09 12:25:49.251 I/PowerGroup(1405): Powering off display group due to application (groupId= 0, uid= 10144, millisSinceLastUserActivity=-188, lastUserActivityEvent=touch)...
02-09 12:25:49.251 I/PowerManagerService(1405): Going to sleep due to application (uid 10144, screenOffTimeout=60000, activityTimeoutWM=-1, maxDimRatio=0.20000005, maxDimDur=7000)...
02-09 12:25:49.259 I/GoogleInputMethodService(29934): GoogleInputMethodService.onFinishInput():3260 
02-09 12:25:49.261 I/GoogleInputMethodService(29934): GoogleInputMethodService.updateDeviceLockedStatus():2103 repeatCheckTimes = 0, locked = false
02-09 12:25:49.269 D/AudioFlinger(857): AUDIO_OUTPUT_FLAG_FAST denied: sharedBuffer=0xb400007268bffcb0 frameCount=0 mFrameCount=192 format=0x1 mFormat=0x5 isLinear=1 channelMask=0x3 sampleRate=44100 mSampleRate=48000 hasFastMixer=1 tid=32124 fastTrackAvailMask=0xfc
02-09 12:25:49.278 D/audioserver(857): logFgsApiBegin: FGS Logger Transaction failed, -129
02-09 12:25:49.281 D/audioserver(857): logFgsApiEnd: FGS Logger Transaction failed, -129
02-09 12:25:49.281 I/IPCThreadState(801): oneway function results for code 6 on binder at 0xb400007e4d6077c0 will be dropped but finished with status UNKNOWN_TRANSACTION
02-09 12:25:49.283 D/BiometricUtils(1405): isEncrypted: false isLockdown: false
02-09 12:25:49.284 D/BiometricScheduler/Fingerprint21(1405): [Added] {[385] com.android.server.biometrics.sensors.fingerprint.hidl.FingerprintUpdateActiveUserClient, proto=1, owner=android, cookie=0, requestId=-1, userId=0}, new queue size: 1
02-09 12:25:49.284 D/BiometricScheduler/Fingerprint21(1405): [Polled] {[385] com.android.server.biometrics.sensors.fingerprint.hidl.FingerprintUpdateActiveUserClient, proto=1, owner=android, cookie=0, requestId=-1, userId=0}, State: 0
02-09 12:25:49.284 D/BiometricScheduler/Fingerprint21(1405): [Started] {[385] com.android.server.biometrics.sensors.fingerprint.hidl.FingerprintUpdateActiveUserClient, proto=1, owner=android, cookie=0, requestId=-1, userId=0}
02-09 12:25:49.284 D/FingerprintUpdateActiveUserClient(1405): Already user: com.android.server.biometrics.sensors.fingerprint.hidl.Fingerprint21$$ExternalSyntheticLambda7@e81c6f2, returning
02-09 12:25:49.284 D/BiometricSchedulerOperation(1405): [Finished / destroy]: {[385] com.android.server.biometrics.sensors.fingerprint.hidl.FingerprintUpdateActiveUserClient, proto=1, owner=android, cookie=0, requestId=-1, userId=0}
02-09 12:25:49.284 D/KeyguardViewMediator(2056): KeyguardViewMediator queue processing message: NOTIFY_STARTED_GOING_TO_SLEEP
02-09 12:25:49.284 V/BiometricSchedulerOperation(1405): started: {[385] com.android.server.biometrics.sensors.fingerprint.hidl.FingerprintUpdateActiveUserClient, proto=1, owner=android, cookie=0, requestId=-1, userId=0}, State: 5
02-09 12:25:49.287 D/BiometricScheduler/Fingerprint21(1405): [Added] {[386] com.android.server.biometrics.sensors.fingerprint.hidl.FingerprintAuthenticationClient, proto=3, owner=com.android.systemui, cookie=0, requestId=134, userId=0}, new queue size: 1
02-09 12:25:49.287 V/BiometricScheduler/Fingerprint21(1405): Not idle, current operation: {[385] com.android.server.biometrics.sensors.fingerprint.hidl.FingerprintUpdateActiveUserClient, proto=1, owner=android, cookie=0, requestId=-1, userId=0}, State: 5
02-09 12:25:49.288 D/BiometricScheduler/Fingerprint21(1405): [Finishing] {[385] com.android.server.biometrics.sensors.fingerprint.hidl.FingerprintUpdateActiveUserClient, proto=1, owner=android, cookie=0, requestId=-1, userId=0}, success: true
02-09 12:25:49.288 D/BiometricScheduler/Fingerprint21(1405): [Polled] {[386] com.android.server.biometrics.sensors.fingerprint.hidl.FingerprintAuthenticationClient, proto=3, owner=com.android.systemui, cookie=0, requestId=134, userId=0}, State: 0
02-09 12:25:49.288 D/GestureAvailabilityTracker(1405): Notifying gesture availability, active=false
02-09 12:25:49.288 D/BiometricScheduler/Fingerprint21(1405): [Started] {[386] com.android.server.biometrics.sensors.fingerprint.hidl.FingerprintAuthenticationClient, proto=3, owner=com.android.systemui, cookie=0, requestId=134, userId=0}
02-09 12:25:49.288 D/BiometricStateCallback(1405): State updated from 0 to 2, client {[386] com.android.server.biometrics.sensors.fingerprint.hidl.FingerprintAuthenticationClient, proto=3, owner=com.android.systemui, cookie=0, requestId=134, userId=0}
02-09 12:25:49.288 D/Biometrics/AuthenticationClient(1405): Requesting auth for com.android.systemui
02-09 12:25:49.289 D/fpHAL   (1118):  fingerprint_authenticate(0xb4000076aa24ec90, operation_id=0, gid=0)
02-09 12:25:49.289 D/fpHAL   (1118): int cfp_sensor_init(emu_fingerprint_hal_device_t *, int)[415]
02-09 12:25:49.289 D/fpHAL   (1118):  cfp sensor has already been inited!
02-09 12:25:49.289 D/cdfinger(1118): [FpService::Client::setActiveUser] 0
02-09 12:25:49.289 D/fpHAL   (1118): platform_build_version=14
02-09 12:25:49.289 D/cdfinger(1118): fnCa_set_active_user userid = 0, saveImgFlag = 0, platform = >
02-09 12:25:49.294 D/cdfingerTA(1118): qsee_spi_open retval = 0
02-09 12:25:49.294 D/cdfingerTA(1118): Run on ChipID[0X96] ......................................
02-09 12:25:49.294 D/cdfingerTA(1118): CFP_NZ: Switch [0] to [0], saveImgFlag = [0] [0] [0]
02-09 12:25:49.294 D/fpHAL   (1118):  the group 0 has already been actived.
02-09 12:25:49.294 D/fpHAL   (1118):  setListenerState(0xb4000076aa24ec90, 2)
02-09 12:25:49.294 D/fpHAL   (1118): fingerprint_authenticate[2]
02-09 12:25:49.294 D/cdfinger(1118): Client::getAuthToken[0x7fd26835a0], length[69]
02-09 12:25:49.294 D/cdfinger(1118): fnCa_get_auth_token,len = 69
02-09 12:25:49.294 D/cdfinger(1118): cfp_km_start
02-09 12:25:49.294 D/fpHAL   (1118): platform_build_version=14
02-09 12:25:49.294 D/QSEECOMAPI(1118): QSEECom_get_handle sb_length = 0x1000
02-09 12:25:49.294 D/QSEECOMAPI(1118): App is already loaded QSEE and app id = 65537
02-09 12:25:49.295 D/cdfinger(1118): Loading /vendor/firmware_mnt/image [keymaster64] Succeed.
02-09 12:25:49.295 D/cdfinger(1118): get key from keymaster...
02-09 12:25:49.300 D/cdfinger(1118): get key ret[0], pRsp[0x7fd2682d4d], pRsp.status[0x0], pRsp.offset[12], rsp.len[152]
02-09 12:25:49.300 D/cdfinger(1118): cfp_km_stop
02-09 12:25:49.300 D/QSEECOMAPI(1118): QSEECom_dealloc_memory 
02-09 12:25:49.300 D/QSEECOMAPI(1118): QSEECom_shutdown_app, app_id = 65537
02-09 12:25:49.300 D/cdfinger(1118): Unload keymaster64 succeed.
02-09 12:25:49.300 D/cdfinger(1118): fnCa_get_auth_token, get key success!
02-09 12:25:49.301 D/cdfingerTA(1118): Run on ChipID[0X96] ......................................
02-09 12:25:49.301 D/cdfingerTA(1118): CFP_NZ: FP_REQUEST_GET_AUTH_TOKEN
02-09 12:25:49.301 D/fpHAL   (1118):  cfp_sensor_fp_match(), fingerId = 0
02-09 12:25:49.301 E/cdfinger(1118): [FpService::Client::recognize ] enter.13
02-09 12:25:49.301 E/cdfinger(1118): Ta version: sensor:FPS988EAS_commoit:3ec7ce6_date:20190117_time:16:29:46
02-09 12:25:49.301 E/cdfinger(1118): [device_waitForFinger] ===> Waiting Finger Down.
02-09 12:25:49.302 E/cdfinger(1118): sem_wait : (0)
02-09 12:25:49.302 D/cdfinger(1118): Client::cancelReportkey 13
02-09 12:25:49.302 D/cdfinger(1118): Enter Switch Status, mCurStatus = 13
02-09 12:25:49.302 D/cdfinger(1118): mCurStatus = 13 , nextStatus = 15
02-09 12:25:49.302 D/cdfinger(1118): fingerprint cancel wait finger command.
02-09 12:25:49.302 D/cdfinger(1118): device_cancel_waitfinger 
02-09 12:25:49.302 D/cdfinger(1118): cancle run here 1
02-09 12:25:49.302 D/cdfinger(1118): setCurNotifyClientID:0
02-09 12:25:49.302 D/cdfinger(1118): wake_lock==========!
02-09 12:25:49.302 D/cdfinger(1118): Wait for finger Canceled.
02-09 12:25:49.302 W/cdfinger(1118): EventProcessThread wait hal_Down error!goto waitting!
02-09 12:25:49.302 D/cdfinger(1118): RawDataProcessLoop waiting signal!
02-09 12:25:49.303 D/cdfingerTA(1118): Run on ChipID[0X96] ......................................
02-09 12:25:49.303 D/cdfingerTA(1118): CFP_NZ: FP_REQUEST_RESET_ALGO mode: 1
02-09 12:25:49.303 D/cdfinger(1118): [ FpService:: RawDataProcessRequest( )]trigger rawdata signal sem!
02-09 12:25:49.303 D/cdfinger(1118): RawDataProcessLoop got signal! Current Status: 6|15
02-09 12:25:49.303 D/cdfinger(1118): Enter Switch Status, mCurStatus = 15
02-09 12:25:49.303 D/cdfinger(1118): mCurStatus = 15 , nextStatus = 6
02-09 12:25:49.303 D/cdfinger(1118): EventProcessThread wait hal_Down! status:6
02-09 12:25:49.303 D/cdfinger(1118): fingerprint wait for finger .
02-09 12:25:49.303 D/cdfinger(1118): device_waitForFinger===========
02-09 12:25:49.304 V/BiometricSchedulerOperation(1405): started: {[386] com.android.server.biometrics.sensors.fingerprint.hidl.FingerprintAuthenticationClient, proto=3, owner=com.android.systemui, cookie=0, requestId=134, userId=0}, State: 2
02-09 12:25:49.416 D/cdfingerTA(1118): Run on ChipID[0X96] ......................................
02-09 12:25:49.426 D/cdfingerTA(1118): Run on ChipID[0X96] ......................................
02-09 12:25:49.426 D/cdfingerTA(1118): CFP_NZ: FP_REQUEST_SETMODE
02-09 12:25:49.426 D/cdfingerTA(1118): cdfinger_config_interrupt 0xd1, mode = [2]
02-09 12:25:49.426 D/cdfingerTA(1118): qsee_spi_open retval = 0
02-09 12:25:49.426 D/cdfingerTA(1118): CFP_NZ: FP_REQUEST_SETMODE [2] ret[0]
02-09 12:25:49.426 D/cdfinger(1118): wake_unlock---------received!
02-09 12:25:49.487 I/IPCThreadState(801): oneway function results for code 6 on binder at 0xb400007e4d607220 will be dropped but finished with status UNKNOWN_TRANSACTION
02-09 12:25:49.580 D/audioserver(857): logFgsApiEnd: FGS Logger Transaction failed, -129
02-09 12:25:49.692 I/DisplayPowerController2[0](1405): Blocking screen off
02-09 12:25:49.696 I/DisplayPowerController2[0](1405): Unblocked screen off after 8 ms
02-09 12:25:49.703 E/android.system.suspend-service(559): Error opening kernel wakelock stats for: wakeup66 (../../devices/platform/soc/ca0c000.qcom,cci/ca0c000.qcom,cci:qcom,camera@2/video4linux/video4/wakeup66): Permission denied
02-09 12:25:49.704 E/android.system.suspend-service(559): Error opening kernel wakelock stats for: wakeup64 (../../devices/platform/soc/ca0c000.qcom,cci/ca0c000.qcom,cci:qcom,camera@1/video4linux/video3/wakeup64): Permission denied
02-09 12:25:49.709 E/android.system.suspend-service(559): Error opening kernel wakelock stats for: wakeup60 (../../devices/platform/soc/ca0c000.qcom,cci/ca0c000.qcom,cci:qcom,camera@0/video4linux/video2/wakeup60): Permission denied
02-09 12:25:49.713 D/ActivityTaskManager(1405): Top Process State changed to PROCESS_STATE_TOP_SLEEPING
02-09 12:25:49.716 V/WindowManagerShell(2056): Transition requested: android.os.BinderProxy@cb875ca TransitionRequestInfo { type = 12, triggerTask = null, remoteTransition = null, displayChange = null, flags = 0 }
02-09 12:25:49.720 V/WindowManager(1405): Sent Transition #754 createdAt=02-09 12:25:49.714 via request=TransitionRequestInfo { type = 12, triggerTask = null, remoteTransition = null, displayChange = null, flags = 0 }
02-09 12:25:49.720 V/WindowManager(1405):     startWCT=null
02-09 12:25:49.720 V/WindowManager(1405):     info={id=754 t=SLEEP f=0x0 trk=0 r=[] c=[]}
02-09 12:25:49.722 E/android.system.suspend-service(559): Error opening kernel wakelock stats for: wakeup21 (../../devices/virtual/input/input5/wakeup21): Permission denied
02-09 12:25:49.730 W/Transition(1405): Transition already started id=754 state=2
02-09 12:25:49.730 I/DisplayBrightnessStrategySelector(1405): Changing the DisplayBrightnessStrategy from InvalidBrightnessStrategy toScreenOffBrightnessStrategy for display 0
02-09 12:25:49.731 V/WindowManagerShell(2056): onTransitionReady android.os.BinderProxy@cb875ca: {id=754 t=SLEEP f=0x0 trk=0 r=[] c=[]}
02-09 12:25:49.731 V/WindowManagerShell(2056): No transition roots in (#754)android.os.BinderProxy@cb875ca@0 so abort
02-09 12:25:49.731 V/WindowManagerShell(2056): Transition animation finished (aborted=true), notifying core (#754)android.os.BinderProxy@cb875ca@0
02-09 12:25:49.732 V/DisplayPowerController2[0](1405): Brightness [0.0] reason changing to: 'screen_off', previous reason: 'manual'.
02-09 12:25:49.732 I/DisplayPowerController2[0](1405): BrightnessEvent: disp=0, physDisp=local:0, brt=0.0, initBrt=0.011883718, rcmdBrt=NaN, preBrt=NaN, lux=0.0, preLux=0.0, hbmMax=1.0, hbmMode=off, rbcStrength=50, thrmMax=1.0, powerFactor=1.0, wasShortTermModelActive=false, flags=, reason=screen_off, autoBrightness=false, strategy=ScreenOffBrightnessStrategy
02-09 12:25:49.733 E/QMI_FW  (788): qmi_cci_get_ref: ref count increased 2
02-09 12:25:49.733 D/SurfaceFlinger(880): Setting power mode 0 on display 0
02-09 12:25:49.733 I/SDM     (797): DisplayBase::SetDisplayState: Set state = 0, display 0
02-09 12:25:49.737 V/WindowManager(1405): Finish Transition #754: created at 02-09 12:25:49.714 collect-started=0.096ms request-sent=0.555ms started=1.216ms ready=1.202ms sent=4.732ms finished=21.933ms
02-09 12:25:49.739 I/InputManager-JNI(1405): Viewport [0] to add: local:0, isActive: false
02-09 12:25:49.740 I/InputReader(1405): Reconfiguring input devices, changes=DISPLAY_INFO
02-09 12:25:49.740 I/InputReader(1405): Disabling NVTCapacitiveTouchScreen (device 2) because the associated viewport is not active
02-09 12:25:49.740 I/InputReader(1405): Device reconfigured: id=2, name='NVTCapacitiveTouchScreen', size 1081x2161, orientation 0, mode 0, display id 0
02-09 12:25:49.741 V/WindowManagerShell(2056): Track 0 became idle
02-09 12:25:49.741 V/WindowManagerShell(2056): All active transition animations finished
02-09 12:25:49.744 W/SurfaceControl(1405): Invalid layer stack -1
02-09 12:25:49.744 I/DisplayDevice(1405): [0] Layerstack set to -1 for local:0
02-09 12:25:49.749 D/CentralSurfaces(2056): !shouldBeKeyguard mStatusBarStateController.isKeyguardRequested() false keyguardForDozing false wakeAndUnlocking false isWakingAndOccluded false
02-09 12:25:49.749 D/CentralSurfaces(2056): hideKeyguardImpl false
02-09 12:25:49.750 I/IPCThreadState(801): oneway function results for code 6 on binder at 0xb400007e4d607610 will be dropped but finished with status UNKNOWN_TRANSACTION
02-09 12:25:49.754 D/DisplayManagerService(1405): Ignore redundant display event 0/2 to 10183/2767
02-09 12:25:49.754 D/DisplayManagerService(1405): Ignore redundant display event 0/2 to 10125/2785
02-09 12:25:49.754 D/DisplayManagerService(1405): Ignore redundant display event 0/2 to 10134/3350
02-09 12:25:49.754 D/DisplayManagerService(1405): Ignore redundant display event 0/2 to 10088/30983
02-09 12:25:49.760 D/ActivityManager(1405): sync unfroze 31908 com.android.settings for 3
02-09 12:25:49.766 I/LineageHealth(1405): Current mChargingStopReason: 0
02-09 12:25:49.779 E/FirebaseInstanceId(31546): Google Play services missing or without correct permission.
02-09 12:25:49.780 E/QMI_FW  (899): qmi_cci_get_ref: ref count increased 2
02-09 12:25:49.784 E/QMI_FW  (899): qmi_cci_get_ref: ref count increased 2
02-09 12:25:49.787 E/QMI_FW  (899): qmi_cci_get_ref: ref count increased 2
02-09 12:25:49.788 E/QMI_FW  (899): qmi_cci_get_ref: ref count increased 2
02-09 12:25:49.788 E/QMI_FW  (900): qmi_cci_get_ref: ref count increased 2
02-09 12:25:49.788 D/BatteryUsageBroadcastReceiver(31908): onReceive:android.intent.action.BATTERY_LEVEL_CHANGED
02-09 12:25:49.792 E/QMI_FW  (899): qmi_cci_get_ref: ref count increased 2
02-09 12:25:49.793 E/QMI_FW  (899): qmi_cci_get_ref: ref count increased 2
02-09 12:25:49.793 E/QMI_FW  (899): qmi_cci_get_ref: ref count increased 2
02-09 12:25:49.793 E/QMI_FW  (900): qmi_cci_get_ref: ref count increased 2
02-09 12:25:49.797 E/QMI_FW  (899): qmi_cci_get_ref: ref count increased 2
02-09 12:25:49.798 E/QMI_FW  (900): qmi_cci_get_ref: ref count increased 2
02-09 12:25:49.798 E/QMI_FW  (899): qmi_cci_get_ref: ref count increased 2
02-09 12:25:49.798 E/QMI_FW  (899): qmi_cci_get_ref: ref count increased 2
02-09 12:25:49.799 E/QMI_FW  (900): qmi_cci_get_ref: ref count increased 2
02-09 12:25:49.799 E/QMI_FW  (899): qmi_cci_get_ref: ref count increased 2
02-09 12:25:49.800 E/QMI_FW  (899): qmi_cci_get_ref: ref count increased 2
02-09 12:25:49.800 E/QMI_FW  (899): qmi_cci_get_ref: ref count increased 2
02-09 12:25:49.801 E/QMI_FW  (899): qmi_cci_get_ref: ref count increased 2
02-09 12:25:49.802 E/QMI_FW  (899): qmi_cci_get_ref: ref count increased 2
02-09 12:25:49.802 E/QMI_FW  (899): qmi_cci_get_ref: ref count increased 2
02-09 12:25:49.802 E/QMI_FW  (899): qmi_cci_get_ref: ref count increased 2
02-09 12:25:49.802 E/QMI_FW  (900): qmi_cci_get_ref: ref count increased 2
02-09 12:25:49.802 E/QMI_FW  (899): qmi_cci_get_ref: ref count increased 2
02-09 12:25:49.803 D/BatteryUsageBroadcastReceiver(31908): fetch data because of event: ACTION_BATTERY_LEVEL_CHANGED
02-09 12:25:49.803 E/QMI_FW  (899): qmi_cci_get_ref: ref count increased 2
02-09 12:25:49.804 E/QMI_FW  (900): qmi_cci_get_ref: ref count increased 2
02-09 12:25:49.805 E/QMI_FW  (899): qmi_cci_get_ref: ref count increased 2
02-09 12:25:49.806 E/QMI_FW  (900): qmi_cci_get_ref: ref count increased 2
02-09 12:25:49.808 E/QMI_FW  (900): qmi_cci_get_ref: ref count increased 2
02-09 12:25:49.809 E/QMI_FW  (900): qmi_cci_get_ref: ref count increased 2
02-09 12:25:49.809 E/QMI_FW  (900): qmi_cci_get_ref: ref count increased 2
02-09 12:25:49.810 E/QMI_FW  (900): qmi_cci_get_ref: ref count increased 2
02-09 12:25:49.811 E/QMI_FW  (900): qmi_cci_get_ref: ref count increased 2
02-09 12:25:49.812 E/QMI_FW  (900): qmi_cci_get_ref: ref count increased 2
02-09 12:25:49.917 I/ndroid.systemui(2056): NativeAlloc concurrent copying GC freed 345372(9897KB) AllocSpace objects, 0(0B) LOS objects, 48% free, 25MB/49MB, paused 151us,92us total 204.573ms
02-09 12:25:49.990 D/SurfaceFlinger(880): Finished setting power mode 0 on display 0
02-09 12:25:49.991 D/SurfaceControl(1405): Excessive delay in setPowerMode()
02-09 12:25:49.992 I/android.hardware.power-service-qti(801): Power setMode: 7 to: 0
02-09 12:25:49.994 E/QTI PowerHAL(801): Failed to acquire lock for hint_id: 1040.
02-09 12:25:50.012 I/PowerManagerService(1405): Dozing...
02-09 12:25:50.027 I/DreamController(1405): Starting dream: name=ComponentInfo{com.android.systemui/com.android.systemui.doze.DozeService}, isPreviewMode=false, canDoze=true, userId=0, reason='power manager request'
02-09 12:25:50.029 I/IPCThreadState(801): oneway function results for code 6 on binder at 0xb400007e4d607610 will be dropped but finished with status UNKNOWN_TRANSACTION
02-09 12:25:50.029 I/IPCThreadState(801): oneway function results for code 6 on binder at 0xb400007e4d6077c0 will be dropped but finished with status UNKNOWN_TRANSACTION
02-09 12:25:50.034 I/IPCThreadState(801): oneway function results for code 6 on binder at 0xb400007e4d607c70 will be dropped but finished with status UNKNOWN_TRANSACTION
02-09 12:25:50.048 W/System  (2056): A resource failed to call release. 
02-09 12:25:50.048 W/System  (2056): A resource failed to call release. 
02-09 12:25:50.049 W/System  (2056): A resource failed to call release. 
02-09 12:25:50.049 W/System  (2056): A resource failed to call release. 
02-09 12:25:50.049 W/System  (2056): A resource failed to call release. 
02-09 12:25:50.049 W/System  (2056): A resource failed to call release. 
02-09 12:25:50.049 W/System  (2056): A resource failed to call release. 
02-09 12:25:50.049 W/System  (2056): A resource failed to call release. 
02-09 12:25:50.049 W/System  (2056): A resource failed to call release. 
02-09 12:25:50.049 W/System  (2056): A resource failed to call release. 
02-09 12:25:50.049 W/System  (2056): A resource failed to call release. 
02-09 12:25:50.050 W/System  (2056): A resource failed to call release. 
02-09 12:25:50.050 W/System  (2056): A resource failed to call release. 
02-09 12:25:50.050 W/System  (2056): A resource failed to call release. 
02-09 12:25:50.050 W/System  (2056): A resource failed to call release. 
02-09 12:25:50.050 W/System  (2056): A resource failed to call release. 
02-09 12:25:50.050 W/System  (2056): A resource failed to call release. 
02-09 12:25:50.050 W/System  (2056): A resource failed to call release. 
02-09 12:25:50.050 W/System  (2056): A resource failed to call release. 
02-09 12:25:50.050 W/System  (2056): A resource failed to call release. 
02-09 12:25:50.058 D/SbStateController(2056): setState: requested state KEYGUARD!= upcomingState: SHADE. This usually means the status bar state transition was interrupted before the upcoming state could be applied.
02-09 12:25:50.108 D/SenseService(14139): OnReceive intent = Intent { act=android.intent.action.SCREEN_OFF flg=0x50200010 }
02-09 12:25:50.111 D/ActivityManager(1405): sync unfroze 3261 io.chaldeaprjkt.gamespace for 3
02-09 12:25:50.111 D/BiometricService(1405): Sensor ID(1008), oemStrength: 255, updatedStrength: 255, modality 8, state: 0, cookie: 0, sensorId 1008, hasEnrollments: false cannot participate in Keystore operations
02-09 12:25:50.114 I/keystore2(560): system/security/keystore2/src/authorization.rs:143 - on_lock_screen_event(r#LOCK, user_id=0, password.is_some()=false, unlocking_sids=Some([596516649]))
02-09 12:25:50.115 I/keystore2(560): system/security/keystore2/src/super_key.rs:930 - Locking screen bound for user 0 sids [596516649]
02-09 12:25:50.119 D/DrmLibTime(551): got the req here! ret=0
02-09 12:25:50.120 D/DrmLibTime(551): command id, time_cmd_id = 770
02-09 12:25:50.120 D/DrmLibTime(551): time_getutcsec starts!
02-09 12:25:50.120 D/DrmLibTime(551): QSEE Time Listener: time_getutcsec
02-09 12:25:50.120 D/DrmLibTime(551): QSEE Time Listener: get_utc_seconds
02-09 12:25:50.120 D/DrmLibTime(551): QSEE Time Listener: time_get_modem_time
02-09 12:25:50.120 D/DrmLibTime(551): QSEE Time Listener: Checking if ATS_MODEM is set or not.
02-09 12:25:50.120 D/QC-time-services(551): Lib:time_genoff_operation: pargs->base = 13
02-09 12:25:50.120 D/QC-time-services(551): Lib:time_genoff_operation: pargs->operation = 2
02-09 12:25:50.120 D/QC-time-services(551): Lib:time_genoff_operation: pargs->ts_val = 0
02-09 12:25:50.120 D/QC-time-services(551): Lib:time_genoff_operation: Send to server  passed!!
02-09 12:25:50.120 D/QC-time-services(1069): Daemon: Connection accepted:time_genoff
02-09 12:25:50.121 D/QC-time-services(1069): Daemon:Received base = 13, unit = 1, operation = 2,value = 0
02-09 12:25:50.121 D/QC-time-services(1069): Daemon:genoff_opr: Base = 13, val = 0, operation = 2
02-09 12:25:50.121 D/QC-time-services(1069): offset is: 1 for base: 13
02-09 12:25:50.121 E/QC-time-services(551): Receive Passed == base = 13, unit = 1, operation = 2, result = 0
02-09 12:25:50.121 D/DrmLibTime(551): QSEE Time Listener: ATS_MODEM is set. Try to retrieve it.
02-09 12:25:50.121 E/QC-time-services(1069): Daemon: Time-services: Waiting to acceptconnection
02-09 12:25:50.121 D/QC-time-services(1069): Daemon: Connection accepted:time_genoff
02-09 12:25:50.122 D/QC-time-services(1069): Daemon:Received base = 13, unit = 1, operation = 1,value = 0
02-09 12:25:50.122 D/QC-time-services(1069): Daemon:genoff_opr: Base = 13, val = 0, operation = 1
02-09 12:25:50.122 D/QC-time-services(1069): Daemon: genoff get for 13
02-09 12:25:50.122 D/QC-time-services(1069): Daemon:Value read from QTimer mseconds = 7292237
02-09 12:25:50.122 D/QC-time-services(1069): Daemon:Value read from RTC mseconds on boot = 37633139000
02-09 12:25:50.122 D/QC-time-services(1069): Daemon:Value read from QTimer mseconds = 7292237
02-09 12:25:50.122 D/QC-time-services(1069): Daemon:Value read from generic offset = 1669821344749
02-09 12:25:50.122 D/QC-time-services(1069): Daemon:Delta read on boot mseconds = 37633114584
02-09 12:25:50.122 D/QC-time-services(1069): Daemon:Final Time = 1707461751570
02-09 12:25:50.122 D/DrmLibTime(551): QSEE Time Listener: Time GenOff - seconds: 1707461751
02-09 12:25:50.122 D/DrmLibTime(551): time_getutcsec returns 0, sec = 1707461751; nsec = 0
02-09 12:25:50.122 D/DrmLibTime(551): time_getutcsec finished! 
02-09 12:25:50.122 D/DrmLibTime(551): iotcl_continue_command finished! and return 0 
02-09 12:25:50.122 D/DrmLibTime(551): before calling ioctl to read the next time_cmd
02-09 12:25:50.124 E/QC-time-services(1069): Daemon: Time-services: Waiting to acceptconnection
02-09 12:25:50.132 E/QTI PowerHAL(801): Failed to acquire lock.
02-09 12:25:50.132 E/QTI PowerHAL(801): Failed process_boost for boost_handle
02-09 12:25:50.135 D/KeyguardViewMediator(2056): KeyguardViewMediator queue processing message: SHOW
02-09 12:25:50.141 W/AlarmManager(1405): Unrecognized alarm listener com.android.server.locksettings.LockSettingsStrongAuth$NonStrongBiometricIdleTimeoutAlarmListener@5e4dd8b
02-09 12:25:50.144 D/audio_hw_primary(787): adev_set_parameters: enter: screen_state=off
02-09 12:25:50.144 E/soundtrigger(787): audio_extn_sound_trigger_set_parameters: str_params NULL
02-09 12:25:50.147 E/QMI_FW  (788): qmi_cci_get_ref: ref count increased 2
02-09 12:25:50.149 I/PowerManagerService(1405): onFlip(): Face up.
02-09 12:25:50.154 D/b/279059025(19269): go to state Normal
02-09 12:25:50.154 D/b/279059025(19269): current animation cancelled
02-09 12:25:50.155 D/b/279059025(19269): Notifying listeners for state transition start to state: Normal
02-09 12:25:50.155 D/b/279059025(19269): overview state enabled state has changed: false
02-09 12:25:50.156 I/IPCThreadState(801): oneway function results for code 6 on binder at 0xb400007e4d608990 will be dropped but finished with status UNKNOWN_TRANSACTION
02-09 12:25:50.164 I/IPCThreadState(801): oneway function results for code 6 on binder at 0xb400007e4d607610 will be dropped but finished with status UNKNOWN_TRANSACTION
02-09 12:25:50.166 I/ImeTracker(19269): com.android.launcher3:8561bbe8: onFailed at PHASE_CLIENT_VIEW_SERVED
02-09 12:25:50.167 D/StatsLog(19269): LAUNCHER_ALLAPPS_EXIT
02-09 12:25:50.167 D/b/279059025(19269): Notifying 4 listeners for end transition for state: Normal
02-09 12:25:50.170 D/b/293191790(19269): finish recents animation but recents animation controller was null. returning.
02-09 12:25:50.175 I/DeviceStatusMonitor(29934): DeviceStatusMonitor.handleBroadcast():123 onReceive() : Action = android.intent.action.SCREEN_OFF
02-09 12:25:50.178 I/EmojifyExtensionImpl(29934): EmojifyExtensionImpl.onDestroy():662 Destroying Emojify extension dgs@cf1776c.
02-09 12:25:50.182 I/AbstractOpenableExtension(29934): AbstractOpenableExtension.maybeDestroyExistingKeyboardGroupManager():515 Destroy existing keyboard group manager in dhy
02-09 12:25:50.186 I/AbstractOpenableExtension(29934): AbstractOpenableExtension.maybeDestroyExistingKeyboardGroupManager():515 Destroy existing keyboard group manager in eyv
02-09 12:25:50.188 I/DeviceStatusMonitor(29934): DeviceStatusMonitor.updateCountryInfo():139 updateCountryInfo(), notifyAnyway = false
02-09 12:25:50.191 D/InstantWifi(1405): mScreenOn is changed to false
02-09 12:25:50.201 W/AccessPointsManager(29934): AccessPointsManager.removeAccessPoint():861 The holder controller #0x7f0b2052 is not registered
02-09 12:25:50.213 I/AbstractOpenableExtension(29934): AbstractOpenableExtension.maybeDestroyExistingKeyboardGroupManager():515 Destroy existing keyboard group manager in fsm
02-09 12:25:50.224 I/DeviceLockTags(29934): DeviceLockTags.notifyDeviceLockStatusChanged():112 notifyDeviceLockStatusChanged(): deviceLocked=true, blockPersonalData=false
02-09 12:25:50.224 I/GoogleInputMethodService(29934): GoogleInputMethodService.updateDeviceLockedStatus():2103 repeatCheckTimes = 0, locked = true
02-09 12:25:50.224 W/ModuleManager(29934): ModuleManager.loadModule():459 Module fpv is not available
02-09 12:25:50.224 W/NotificationCenter(29934): NotificationCenter$ListenerData.notifyOnExecutor():667 Heavy notify work detected on UI thread: |ken->dwl| takes 49ms
02-09 12:25:50.226 I/AbstractOpenableExtension(29934): AbstractOpenableExtension$3.onSuccess():528 KeyboardGroupManager destroyed in dhy.
02-09 12:25:50.226 I/AbstractOpenableExtension(29934): AbstractOpenableExtension$3.onSuccess():528 KeyboardGroupManager destroyed in eyv.
02-09 12:25:50.226 I/InputBundle(29934): InputBundle.consumeEvent():873 Skip consuming an event as imeStatus is 0
02-09 12:25:50.227 I/OnDeviceRecognitionProvider(29934): OnDeviceRecognitionProvider.maybeScheduleAutoPackDownload():365 maybeScheduleAutoPackDownload() : LanguageTag = hi-IN
02-09 12:25:50.227 I/SpeechPackManager(29934): SpeechPackManager.isPackAvailableOnDisk():203 isPackAvailableOnDisk() : LanguageTag = hi-IN
02-09 12:25:50.228 I/AbstractOpenableExtension(29934): AbstractOpenableExtension$3.onSuccess():528 KeyboardGroupManager destroyed in fsm.
02-09 12:25:50.248 D/cdfinger(1118): SIGIO signal FINGERDOWN received!
02-09 12:25:50.248 D/cdfinger(1118): wake_lock==========!
02-09 12:25:50.248 D/cdfinger(1118): sem wait succeeded or interrupted by signal
02-09 12:25:50.248 D/cdfinger(1118): EventProcessThread case status:6
02-09 12:25:50.248 D/cdfinger(1118): finger touch!!
02-09 12:25:50.248 D/cdfinger(1118): notifyClient,type:1,msg:0,ext:0,clientID:0
02-09 12:25:50.249 D/cdfinger(1118): handleGenericNotify,msgType:1, ext1:0, ext2:0
02-09 12:25:50.249 D/fpHAL   (1118):  CfpDevice::notify(), fingerid = 0
02-09 12:25:50.249 D/fpHAL   (1118):  CfpDevice::notify(), msgType=1, ext1=0, ext2=0
02-09 12:25:50.249 D/fpHAL   (1118):  send_fp_touch()
02-09 12:25:50.249 D/fpHAL   (1118):  notify end!
02-09 12:25:50.249 D/cdfinger(1118): Enter Switch Status, mCurStatus = 6
02-09 12:25:50.249 D/cdfinger(1118): mCurStatus = 6 , nextStatus = 7
02-09 12:25:50.249 D/fpHAL   (1118):  recv_fp_scan_data(), received
02-09 12:25:50.249 D/fpHAL   (1118):  recv_fp_scan_data(), result:{action=1, msg_type=1, custom_fp_id=230238515, cfp_fp_id=1, arg1=1102, arg2=0, data=0x74ba040bc8}
02-09 12:25:50.249 D/fpHAL   (1118): notify acquired message 1102
02-09 12:25:50.249 D/android.hardware.biometrics.fingerprint@2.1-service(1118): onAcquired(6)
02-09 12:25:50.249 D/fpHAL   (1118):  recv_fp_scan_data(0x74b8e54ae0)
02-09 12:25:50.249 D/fpHAL   (1118):  recv_fp_scan_data(), receiving
02-09 12:25:50.251 V/Biometrics/AcquisitionClient(1405): Acquired: 6 102, shouldSend: true
02-09 12:25:50.253 D/KeyguardViewMediator(2056): KeyguardViewMediator queue processing message: NOTIFY_FINISHED_GOING_TO_SLEEP
02-09 12:25:50.253 D/SbStateController(2056): setIsDreaming:true
02-09 12:25:50.257 D/SystemServerTiming(1405): getUserSwitchability-0
02-09 12:25:50.257 D/SystemServerTiming(1405): TM.isInCall
02-09 12:25:50.258 D/SystemServerTiming(1405): hasUserRestriction-DISALLOW_USER_SWITCH
02-09 12:25:50.258 D/SystemServerTiming(1405): getInt-ALLOW_USER_SWITCHING_WHEN_SYSTEM_USER_LOCKED
02-09 12:25:50.258 D/SystemServerTiming(1405): isUserUnlocked-USER_SYSTEM
02-09 12:25:50.273 W/FingerprintManager(2056): Invalid acquired message: 6, 102
02-09 12:25:50.292 D/SystemServerTiming(1405): getUserSwitchability-0
02-09 12:25:50.292 D/SystemServerTiming(1405): TM.isInCall
02-09 12:25:50.292 D/SystemServerTiming(1405): getUserSwitchability-0
02-09 12:25:50.292 D/SystemServerTiming(1405): TM.isInCall
02-09 12:25:50.293 D/SystemServerTiming(1405): hasUserRestriction-DISALLOW_USER_SWITCH
02-09 12:25:50.293 D/SystemServerTiming(1405): getInt-ALLOW_USER_SWITCHING_WHEN_SYSTEM_USER_LOCKED
02-09 12:25:50.293 D/SystemServerTiming(1405): isUserUnlocked-USER_SYSTEM
02-09 12:25:50.293 D/SystemServerTiming(1405): hasUserRestriction-DISALLOW_USER_SWITCH
02-09 12:25:50.293 D/SystemServerTiming(1405): getInt-ALLOW_USER_SWITCHING_WHEN_SYSTEM_USER_LOCKED
02-09 12:25:50.293 D/SystemServerTiming(1405): isUserUnlocked-USER_SYSTEM
02-09 12:25:50.295 D/BiometricsRepositoryImpl(2056): currentUser authFlags changed, new value: AuthenticationFlags(userId=0, flag=0)
02-09 12:25:50.296 D/BiometricsRepositoryImpl(2056): currentUser authFlags changed, new value: AuthenticationFlags(userId=0, flag=0)
02-09 12:25:50.296 D/BiometricsRepositoryImpl(2056): currentUser authFlags changed, new value: AuthenticationFlags(userId=0, flag=0)
02-09 12:25:50.296 D/BiometricsRepositoryImpl(2056): currentUser authFlags changed, new value: AuthenticationFlags(userId=0, flag=0)
