02-09 12:25:50.297 D/BiometricsRepositoryImpl(2056): currentUser authFlags changed, new value: AuthenticationFlags(userId=0, flag=0)
02-09 12:25:50.298 D/BiometricsRepositoryImpl(2056): currentUser authFlags changed, new value: AuthenticationFlags(userId=0, flag=0)
02-09 12:25:50.301 D/ControlsListingControllerImpl(2056): Subscribing callback, service count: 0
02-09 12:25:50.302 D/ControlsListingControllerImpl(2056): Subscribing callback, service count: 0
02-09 12:25:50.303 D/ControlsListingControllerImpl(2056): Subscribing callback, service count: 0
02-09 12:25:50.500 D/cdfingerTA(1118): qsee_spi_open retval = 0
02-09 12:25:50.500 D/cdfingerTA(1118): Run on ChipID[0X96] ......................................
02-09 12:25:50.500 D/cdfingerTA(1118): CFP_NZ: FP_REQUEST_RECOGNIZE
02-09 12:25:50.500 D/cdfingerTA(1118): getStableFingerImage enter...
02-09 12:25:50.500 D/cdfingerTA(1118): write agc 0xe9 to device
02-09 12:25:50.500 D/cdfingerTA(1118): cdfinger_config_agc 0
02-09 12:25:50.500 D/cdfingerTA(1118): write agc 0xe9 to device spend 4 ms
02-09 12:25:50.500 D/cdfingerTA(1118): get image success 2245124576
02-09 12:25:50.500 D/cdfingerTA(1118): cdfinger_read_image spend 26 ms, retval[0]
02-09 12:25:50.500 D/cdfingerTA(1118): get image success 2244524576
02-09 12:25:50.500 D/cdfingerTA(1118): cdfinger_read_image spend 26 ms, retval[0]
02-09 12:25:50.500 D/cdfingerTA(1118): sunlin=====getStableBgImage score=103
02-09 12:25:50.500 D/cdfingerTA(1118): StableBgImage: Can not get stable image...after 0 images
02-09 12:25:50.500 D/cdfingerTA(1118): getStableBgImage exit 103
02-09 12:25:50.500 D/cdfingerTA(1118): get image success 2244024576
02-09 12:25:50.500 D/cdfingerTA(1118): cdfinger_read_image spend 26 ms, retval[0]
02-09 12:25:50.500 D/cdfingerTA(1118): sunlin==suns===nConvergenceFlag=1  gInterruptOKFlag 1   d4
02-09 12:25:50.500 D/cdfingerTA(1118): isFingerDown mode 2
02-09 12:25:50.500 D/cdfingerTA(1118): cdfingerT isFingerDown return 135, Run_time(5)ms
02-09 12:25:50.500 D/cdfingerTA(1118): getStableFingerImage exit
02-09 12:25:50.500 D/cdfingerTA(1118): cfp_devReadFingerImage() spend 87 ms
02-09 12:25:50.500 D/cdfingerTA(1118): cdfingerT preProcess() spend 5 ms
02-09 12:25:50.500 D/cdfingerTA(1118): [CFP_NZ] Begin Verfiy!
02-09 12:25:50.500 D/cdfingerTA(1118): recognizeByPolicy enter :TemplateIdx[-1], whichPatch[-1], score[0], update[-1]
02-09 12:25:50.500 D/cdfingerTA(1118): cdfingerT: beginRecognition and glimmerComputeFtr Spend time: 42
02-09 12:25:50.500 D/cdfingerTA(1118): cdfingerT: glimmerRecognition Spend time: 111
02-09 12:25:50.500 D/cdfingerTA(1118): recognizeByPo
02-09 12:25:50.668 I/IPCThreadState(801): oneway function results for code 6 on binder at 0xb400007e4d607610 will be dropped but finished with status UNKNOWN_TRANSACTION
02-09 12:25:50.723 D/cdfingerTA(1118): Run on ChipID[0X96] ......................................
02-09 12:25:50.723 D/cdfingerTA(1118): CFP_NZ: FP_REQUEST_RECOGNIZE
02-09 12:25:50.723 D/cdfingerTA(1118): getStableFingerImage enter...
02-09 12:25:50.723 D/cdfingerTA(1118): write agc 0xe9 to device
02-09 12:25:50.723 D/cdfingerTA(1118): cdfinger_config_agc 0
02-09 12:25:50.723 D/cdfingerTA(1118): write agc 0xe9 to device spend 5 ms
02-09 12:25:50.723 D/cdfingerTA(1118): get image success 2243224576
02-09 12:25:50.723 D/cdfingerTA(1118): cdfinger_read_image spend 27 ms, retval[0]
02-09 12:25:50.723 D/cdfingerTA(1118): get image success 2242724576
02-09 12:25:50.723 D/cdfingerTA(1118): cdfinger_read_image spend 26 ms, retval[0]
02-09 12:25:50.723 D/cdfingerTA(1118): sunlin=====getStableBgImage score=24
02-09 12:25:50.723 D/cdfingerTA(1118): getStableBgImage exit 24
02-09 12:25:50.723 D/cdfingerTA(1118): sunlin==suns===nConvergenceFlag=1  gInterruptOKFlag 1   d4
02-09 12:25:50.723 D/cdfingerTA(1118): isFingerDown mode 2
02-09 12:25:50.723 D/cdfingerTA(1118): cdfingerT isFingerDown return 135, Run_time(5)ms
02-09 12:25:50.723 D/cdfingerTA(1118): getStableFingerImage exit
02-09 12:25:50.723 D/cdfingerTA(1118): cfp_devReadFingerImage() spend 63 ms
02-09 12:25:50.723 D/cdfingerTA(1118): cdfingerT preProcess() spend 4 ms
02-09 12:25:50.723 D/cdfingerTA(1118): [CFP_NZ] Begin Verfiy!
02-09 12:25:50.723 D/cdfingerTA(1118): recognizeByPolicy enter :TemplateIdx[-1], whichPatch[-1], score[0], update[-1]
02-09 12:25:50.723 D/cdfingerTA(1118): cdfingerT: beginRecognition and glimmerComputeFtr Spend time: 43
02-09 12:25:50.723 D/cdfingerTA(1118): cdfingerT: glimmerRecognition Spend time: 111
02-09 12:25:50.723 D/cdfingerTA(1118): recognizeByPolicy end :TemplateIdx[-1], whichPatch[-1], score[0], update[-1]
02-09 12:25:50.723 D/cdfingerTA(1118): [CFP_TZ] Verify Spend time: 154
02-09 12:25:50.723 D/cdfingerTA(1118): [CFP_TZ] Verfiy Done!
02-09 12:25:50.723 D/cdfingerTA(1118): CFP_TZ :FP_REQUEST_RECOGNIZE, recognizeIn
02-09 12:25:50.724 E/cdfinger(1118): sem_waited : (0)
02-09 12:25:50.724 E/cdfinger(1118): [device_waitForFinger] FINGER DOWN! 1
02-09 12:25:50.724 D/cdfinger(1118): notifyClient,type:2,msg:0,ext:0,clientID:0
02-09 12:25:50.724 D/cdfinger(1118): handleGenericNotify,msgType:2, ext1:0, ext2:0
02-09 12:25:50.724 D/fpHAL   (1118):  CfpDevice::notify(), fingerid = 0
02-09 12:25:50.724 D/fpHAL   (1118):  CfpDevice::notify(), msgType=2, ext1=0, ext2=0
02-09 12:25:50.724 D/fpHAL   (1118):  send_fp_untouch()
02-09 12:25:50.724 D/fpHAL   (1118):  notify end!
02-09 12:25:50.724 D/fpHAL   (1118):  recv_fp_scan_data(), received
02-09 12:25:50.724 D/fpHAL   (1118):  recv_fp_scan_data(), result:{action=2, msg_type=1, custom_fp_id=230238515, cfp_fp_id=1, arg1=2001, arg2=0, data=0x74ba040bc8}
02-09 12:25:50.724 D/fpHAL   (1118): notify acquired message 2001
02-09 12:25:50.724 D/android.hardware.biometrics.fingerprint@2.1-service(1118): onAcquired(6)
02-09 12:25:50.724 D/fpHAL   (1118):  recv_fp_scan_data(0x74b8e54ae0)
02-09 12:25:50.724 D/fpHAL   (1118):  recv_fp_scan_data(), receiving
02-09 12:25:50.727 V/Biometrics/AcquisitionClient(1405): Acquired: 6 1001, shouldSend: true
02-09 12:25:50.729 W/FingerprintManager(2056): Invalid acquired message: 6, 1001
02-09 12:25:50.741 D/cdfingerTA(1118): Run on ChipID[0X96] ......................................
02-09 12:25:50.741 D/cdfingerTA(1118): cdfingerT:GainQua ret 0, nQua 100, nValidArea 98
02-09 12:25:50.741 D/cdfinger(1118): glimmerQuaScore nValidArea 98 quality 100
02-09 12:25:50.741 D/cdfinger(1118): notifyClient,type:259,msg:0,ext:0,clientID:0
02-09 12:25:50.741 D/cdfinger(1118): handleGenericNotify,msgType:259, ext1:0, ext2:0
02-09 12:25:50.741 D/fpHAL   (1118):  CfpDevice::notify(), fingerid = 0
02-09 12:25:50.741 D/fpHAL   (1118):  CfpDevice::notify(), msgType=259, ext1=0, ext2=0
02-09 12:25:50.741 D/fpHAL   (1118):  CfpDevice::notify(), match, arg = 0
02-09 12:25:50.741 D/fpHAL   (1118):  send_fp_scan_on(5, 0, 0, 0, 3 ...)
02-09 12:25:50.741 D/fpHAL   (1118):  notify end!
02-09 12:25:50.741 E/cdfinger(1118): Authenticate: success[0], spend [493]ms, Max[493]ms, Min[114]ms, Avg[185.000000], cnt[67]
02-09 12:25:50.741 D/fpHAL   (1118):  recv_fp_scan_data(), received
02-09 12:25:50.741 D/cdfinger(1118): fingerprint_hal_waitForFingerUp  mode = 0
02-09 12:25:50.741 D/cdfinger(1118): [device_waitForFinger] ===> Waiting Finger Up.
02-09 12:25:50.741 D/cdfinger(1118): [device_waitForFinger]:use read image, val[1]
02-09 12:25:50.741 D/fpHAL   (1118):  recv_fp_scan_data(), result:{action=3, msg_type=5, custom_fp_id=0, cfp_fp_id=0, arg1=0, arg2=3, data=0x0}
02-09 12:25:50.741 D/fpHAL   (1118):  listener_send_notice, notified FINGERPRINT_ACQUIRED_GOOD
02-09 12:25:50.741 D/fpHAL   (1118):  receivingListener -- FINGERPRINT_AUTHENTICATED, acquired_info=3
02-09 12:25:50.741 D/fpHAL   (1118): Authenticate failed!
02-09 12:25:50.742 D/fpHAL   (1118): acquired_info : 3, match failed!
02-09 12:25:50.742 D/fpHAL   (1118):  recv_fp_scan_data(0x74b8e54ae0)
02-09 12:25:50.742 D/fpHAL   (1118):  recv_fp_scan_data(), receiving
02-09 12:25:50.743 V/BiometricLogger(1405): Authentication latency: -1
02-09 12:25:50.748 D/Sensors (788): batch called handle:1 sample_ns:200000000 latency_ns:0
02-09 12:25:50.748 D/Sensors (788): activate called handle:1 enable:1
02-09 12:25:50.748 D/Sensors (788): stk3x1x-light calling driver enable
02-09 12:25:50.749 W/libc    (788): Access denied finding property "sensors.light.loopback"
02-09 12:25:50.749 D/Sensors (788): LightSensor: set EVIOCSCLOCKID = 1
02-09 12:25:50.775 D/Sensors (788): stk3x1x-light calling driver setDelay 200 ms
02-09 12:25:50.776 W/libc    (788): Access denied finding property "sensors.light.loopback"
02-09 12:25:50.777 V/ALSProbe(1405): Enable ALS: 266399131
02-09 12:25:50.778 V/Biometrics/AuthenticationClient(1405): onAuthenticated(false), ID:0, Owner: com.android.systemui, isBP: false, listener: com.android.server.biometrics.sensors.ClientMonitorCallbackConverter@c0c9538, requireConfirmation: false, user: 0, clientMonitor: {[386] com.android.server.biometrics.sensors.fingerprint.hidl.FingerprintAuthenticationClient, proto=3, owner=com.android.systemui, cookie=0, requestId=134, userId=0}
02-09 12:25:50.778 W/Biometrics/AuthenticationClient(1405): Allowing background authentication, this is allowed only for platform or test invocations
02-09 12:25:50.784 D/cdfingerTA(1118): Run on ChipID[0X96] ......................................
02-09 12:25:50.784 D/cdfingerTA(1118): CFP_NZ: FP_REQUEST_DETECT_FINGER [1]
02-09 12:25:50.784 D/cdfingerTA(1118): write agc 0xe9 to device
02-09 12:25:50.784 D/cdfingerTA(1118): cdfinger_config_agc 0
02-09 12:25:50.784 D/cdfingerTA(1118): write agc 0xe9 to device spend 5 ms
02-09 12:25:50.784 D/cdfingerTA(1118): get image success 2242024576
02-09 12:25:50.784 D/cdfingerTA(1118): cdfinger_read_image spend 26 ms, retval[0]
02-09 12:25:50.784 D/cdfingerTA(1118): isFingerUp mode 2
02-09 12:25:50.784 D/cdfingerTA(1118): isFingerUp return 0x80
02-09 12:25:50.784 D/cdfingerTA(1118): CFP_NZ: FP_REQUEST_DETECT_FINGER, result = 128
02-09 12:25:50.784 D/cdfinger(1118): got up=================
02-09 12:25:50.784 D/cdfinger(1118): Enter Switch Status, mCurStatus = 7
02-09 12:25:50.784 D/cdfinger(1118): mCurStatus = 7 , nextStatus = 6
02-09 12:25:50.784 D/cdfinger(1118): EventProcessThread end,then check status 6 and global status 1
02-09 12:25:50.785 D/cdfinger(1118): fnCa_update_template:index = 0
02-09 12:25:50.787 D/cdfingerTA(1118): Run on ChipID[0X96] ......................................
02-09 12:25:50.787 D/cdfingerTA(1118): CFP_HS: FP_REQUEST_UPDATE_TEMPLATE: idx = 0
02-09 12:25:50.787 D/cdfingerTA(1118): CFP_HS: FP_REQUEST_UPDATE_TEMPLATE, idx = 0, gCurrTemplatCnts[2]
02-09 12:25:50.787 D/cdfinger(1118): Update spend 2 ms
02-09 12:25:50.787 D/cdfinger(1118): EventProcessThread wait hal_Down! status:6
02-09 12:25:50.787 D/cdfinger(1118): fingerprint wait for finger .
02-09 12:25:50.787 D/cdfinger(1118): device_waitForFinger===========
02-09 12:25:50.888 V/ALSProbe(1405): Finishing next consumer
02-09 12:25:50.888 W/BiometricFrameworkStatsLogger(1405): found a negative latency : -1
02-09 12:25:50.901 D/cdfingerTA(1118): Run on ChipID[0X96] ......................................
02-09 12:25:50.912 D/cdfingerTA(1118): Run on ChipID[0X96] ......................................
02-09 12:25:50.912 D/cdfingerTA(1118): CFP_NZ: FP_REQUEST_SETMODE
02-09 12:25:50.912 D/cdfingerTA(1118): cdfinger_config_interrupt 0xd1, mode = [2]
02-09 12:25:50.912 D/cdfingerTA(1118): qsee_spi_open retval = 0
02-09 12:25:50.912 D/cdfingerTA(1118): CFP_NZ: FP_REQUEST_SETMODE [2] ret[0]
02-09 12:25:50.912 D/cdfinger(1118): wake_unlock---------received!
02-09 12:25:50.948 D/cdfinger(1118): SIGIO signal FINGERDOWN received!
02-09 12:25:50.948 D/cdfinger(1118): wake_lock==========!
02-09 12:25:50.948 D/cdfinger(1118): sem wait succeeded or interrupted by signal
02-09 12:25:50.948 D/cdfinger(1118): EventProcessThread case status:6
02-09 12:25:50.948 D/cdfinger(1118): Enter Switch Status, mCurStatus = 6
02-09 12:25:50.948 D/cdfinger(1118): mCurStatus = 6 , nextStatus = 7
02-09 12:25:51.062 I/IPCThreadState(801): oneway function results for code 6 on binder at 0xb400007e4d607610 will be dropped but finished with status UNKNOWN_TRANSACTION
02-09 12:25:51.084 D/cdfingerTA(1118): qsee_spi_open retval = 0
02-09 12:25:51.084 D/cdfingerTA(1118): Run on ChipID[0X96] ......................................
02-09 12:25:51.084 D/cdfingerTA(1118): CFP_NZ: FP_REQUEST_RECOGNIZE
02-09 12:25:51.084 D/cdfingerTA(1118): getStableFingerImage enter...
02-09 12:25:51.084 D/cdfingerTA(1118): write agc 0xe9 to device
02-09 12:25:51.084 D/cdfingerTA(1118): cdfinger_config_agc 0
02-09 12:25:51.084 D/cdfingerTA(1118): write agc 0xe9 to device spend 5 ms
02-09 12:25:51.084 D/cdfingerTA(1118): get image success 2243424576
02-09 12:25:51.084 D/cdfingerTA(1118): cdfinger_read_image spend 26 ms, retval[0]
02-09 12:25:51.084 D/cdfingerTA(1118): get image success 2243124576
02-09 12:25:51.084 D/cdfingerTA(1118): cdfinger_read_image spend 27 ms, retval[0]
02-09 12:25:51.084 D/cdfingerTA(1118): sunlin=====getStableBgImage score=25
02-09 12:25:51.084 D/cdfingerTA(1118): getStableBgImage exit 25
02-09 12:25:51.084 D/cdfingerTA(1118): sunlin==suns===nConvergenceFlag=1  gInterruptOKFlag 1   d4
02-09 12:25:51.084 D/cdfingerTA(1118): isFingerDown mode 2
02-09 12:25:51.084 D/cdfingerTA(1118): cdfingerT isFingerDown return 135, Run_time(5)ms
02-09 12:25:51.084 D/cdfingerTA(1118): getStableFingerImage exit
02-09 12:25:51.084 D/cdfingerTA(1118): cfp_devReadFingerImage() spend 63 ms
02-09 12:25:51.084 D/cdfingerTA(1118): cdfingerT preProcess() spend 4 ms
02-09 12:25:51.084 D/cdfingerTA(1118): [CFP_NZ] Begin Verfiy!
02-09 12:25:51.084 D/cdfingerTA(1118): recognizeByPolicy enter :TemplateIdx[-1], whichPatch[-1], score[0], update[-1]
02-09 12:25:51.084 D/cdfingerTA(1118): cdfingerT: beginRecognition and glimmerComputeFtr Spend time: 39
02-09 12:25:51.084 D/cdfingerTA(1118): cdfingerT: glimmerRecognition Spend time: 11
02-09 12:25:51.084 D/cdfingerTA(1118): recognizeByPolicy end :TemplateIdx[0], whichPatch[11], score[91], update[0]
02-09 12:25:51.084 D/cdfingerTA(1118): [CFP_TZ] Verify Spend time: 50
02-09 12:25:51.084 D/cdfingerTA(1118): [CFP_TZ] Verfiy Done!
02-09 12:25:51.084 D/cdfingerTA(1118): CFP_NZ: Index = 1 ,
02-09 12:25:51.084 E/cdfinger(1118): sem_waited : (0)
02-09 12:25:51.084 E/cdfinger(1118): [device_waitForFinger] FINGER DOWN! 1
02-09 12:25:51.084 D/cdfinger(1118): postData2Client,msgType:257,length:88,clientID:0
02-09 12:25:51.084 D/cdfinger(1118): handleNotifyData, msgType:257, length:88, pdata:0x74ba040bc8
02-09 12:25:51.084 D/fpHAL   (1118):  CfpDevice::notifyData(), msgType=257, length=88, data:0x74ba040bc8
02-09 12:25:51.084 D/fpHAL   (1118):  CfpDevice::notifyData(), matched, MSG_TYPE_RECONGNIZE_SUCCESS
02-09 12:25:51.084 D/fpHAL   (1118):  CfpDevice::notifyData(), matched, verifyIndex=1, verifyScore=91, verifyID=230238515
02-09 12:25:51.084 D/fpHAL   (1118):  send authentication success message
02-09 12:25:51.084 D/fpHAL   (1118):  send_fp_scan_on(5, 230238515, 1, 91, 0 ...)
02-09 12:25:51.084 D/fpHAL   (1118):  CfpDevice::notifyData() end!
02-09 12:25:51.085 E/cdfinger(1118): Authenticate: success[1], spend [136]ms, Max[493]ms, Min[114]ms, Avg[184.000000], cnt[68]
02-09 12:25:51.085 D/cdfinger(1118): fingerprint_hal_waitForFingerUp  mode = 0
02-09 12:25:51.085 D/cdfinger(1118): [device_waitForFinger] ===> Waiting Finger Up.
02-09 12:25:51.085 D/fpHAL   (1118):  recv_fp_scan_data(), received
02-09 12:25:51.085 D/cdfinger(1118): [device_waitForFinger]:use read image, val[1]
02-09 12:25:51.085 D/fpHAL   (1118):  recv_fp_scan_data(), result:{action=3, msg_type=5, custom_fp_id=230238515, cfp_fp_id=1, arg1=91, arg2=0, data=0x74ba040bc8}
02-09 12:25:51.085 D/fpHAL   (1118):  listener_send_notice, notified FINGERPRINT_ACQUIRED_GOOD
02-09 12:25:51.085 D/fpHAL   (1118):  receivingListener -- FINGERPRINT_AUTHENTICATED, acquired_info=0
02-09 12:25:51.085 D/fpHAL   (1118): fingerid[230238515] already enrolled: secure_user_id[12194579528661408069], authenticator_id[596516649]
02-09 12:25:51.085 D/fpHAL   (1118): =====================================================================================
02-09 12:25:51.085 D/fpHAL   (1118): hat->version[0x00]
02-09 12:25:51.085 D/fpHAL   (1118): hat->challenge[0x00000000]
02-09 12:25:51.085 D/fpHAL   (1118): hat->user_id[0xa93bd978bf1d1945]
02-09 12:25:51.085 D/fpHAL   (1118): hat->authenticator_id[0x238e1f29]
02-09 12:25:51.085 D/fpHAL   (1118): hat->authenticator_type[0x02000000]
02-09 12:25:51.085 D/fpHAL   (1118): hat->timestamp[0x5496f0000000000]
02-09 12:25:51.085 D/fpHAL   (1118): [0xef] [0x54] [0x0c] [0x39] [0xa0] [0x29] [0xca] [0xc8] 
02-09 12:25:51.085 D/fpHAL   (1118): [0x3b] [0x7c] [0x97] [0x51] [0x84] [0x28] [0x14] [0x23] 
02-09 12:25:51.085 D/fpHAL   (1118): [0xff] [0xeb] [0x91] [0x8a] [0xc4] [0x7b] [0x37] [0xc6] 
02-09 12:25:51.085 D/fpHAL   (1118): [0xfd] [0xba] [0x5c] [0x80] [0xf4] [0x67] [0x55] [0xd7] 
02-09 12:25:51.085 D/fpHAL   (1118): =====================================================================================
02-09 12:25:51.085 D/android.hardware.biometrics.fingerprint@2.1-service(1118): onAuthenticated(fid=230238515, gid=0)
02-09 12:25:51.086 D/fpHAL   (1118):  recv_fp_scan_data(0x74b8e54ae0)
02-09 12:25:51.086 D/fpHAL   (1118):  recv_fp_scan_data(), receiving
02-09 12:25:51.087 V/BiometricLogger(1405): Authentication latency: -1
02-09 12:25:51.088 W/BiometricFrameworkStatsLogger(1405): found a negative latency : -1
02-09 12:25:51.089 V/Biometrics/AuthenticationClient(1405): onAuthenticated(true), ID:230238515, Owner: com.android.systemui, isBP: false, listener: com.android.server.biometrics.sensors.ClientMonitorCallbackConverter@c0c9538, requireConfirmation: false, user: 0, clientMonitor: {[386] com.android.server.biometrics.sensors.fingerprint.hidl.FingerprintAuthenticationClient, proto=3, owner=com.android.systemui, cookie=0, requestId=134, userId=0}
02-09 12:25:51.089 W/Biometrics/AuthenticationClient(1405): Allowing background authentication, this is allowed only for platform or test invocations
02-09 12:25:51.089 D/BaseClientMonitor(1405): marking operation as done: {[386] com.android.server.biometrics.sensors.fingerprint.hidl.FingerprintAuthenticationClient, proto=3, owner=com.android.systemui, cookie=0, requestId=134, userId=0}
02-09 12:25:51.090 D/BiometricService(1405): resetLockout from: 0, for: 1008, userId: 0
02-09 12:25:51.094 D/Biometrics/AuthenticationClient(1405): Error adding auth token : 0
02-09 12:25:51.096 D/BiometricStateCallback(1405): Client finished, state updated to 0, client {[386] com.android.server.biometrics.sensors.fingerprint.hidl.FingerprintAuthenticationClient, proto=3, owner=com.android.systemui, cookie=0, requestId=134, userId=0}
02-09 12:25:51.097 D/BiometricSchedulerOperation(1405): [Finished / destroy]: {[386] com.android.server.biometrics.sensors.fingerprint.hidl.FingerprintAuthenticationClient, proto=3, owner=com.android.systemui, cookie=0, requestId=134, userId=0}
02-09 12:25:51.099 D/Sensors (788): activate called handle:1 enable:0
02-09 12:25:51.099 D/Sensors (788): stk3x1x-light calling driver disable
02-09 12:25:51.099 W/libc    (788): Access denied finding property "sensors.light.loopback"
02-09 12:25:51.099 D/Sensors (788): LightSensor: set EVIOCSCLOCKID = 1
02-09 12:25:51.101 V/ALSProbe(1405): Disable ALS: 266399131
02-09 12:25:51.104 E/QTI PowerHAL(801): Failed to acquire lock.
02-09 12:25:51.104 E/QTI PowerHAL(801): Failed process_boost for boost_handle
02-09 12:25:51.104 W/SenseProvider(1405): Ignoring lockout reset, no templates enrolled for user: 0
02-09 12:25:51.106 D/BiometricService(1405): Sensor ID(1008), oemStrength: 255, updatedStrength: 255, modality 8, state: 0, cookie: 0, sensorId 1008, hasEnrollments: false cannot participate in Keystore operations
02-09 12:25:51.107 I/keystore2(560): system/security/keystore2/src/authorization.rs:143 - on_lock_screen_event(r#UNLOCK, user_id=0, password.is_some()=false, unlocking_sids=Some([596516649]))
02-09 12:25:51.110 I/PowerGroup(1405): Waking up power group from Dozing (groupId=0, uid=10144, reason=WAKE_REASON_BIOMETRIC, details=android.policy:BIOMETRIC)...
02-09 12:25:51.110 I/PowerManagerService(1405): Waking up from Dozing (uid=10144, reason=WAKE_REASON_BIOMETRIC, details=android.policy:BIOMETRIC)...
02-09 12:25:51.114 I/DisplayPowerController2[0](1405): Blocking screen on until initial contents have been drawn.
02-09 12:25:51.115 I/DisplayBrightnessStrategySelector(1405): Changing the DisplayBrightnessStrategy from ScreenOffBrightnessStrategy toInvalidBrightnessStrategy for display 0
02-09 12:25:51.117 V/DisplayPowerController2[0](1405): Brightness [0.011883718] reason changing to: 'manual', previous reason: 'screen_off'.
02-09 12:25:51.117 E/android.system.suspend-service(559): Error opening kernel wakelock stats for: wakeup66 (../../devices/platform/soc/ca0c000.qcom,cci/ca0c000.qcom,cci:qcom,camera@2/video4linux/video4/wakeup66): Permission denied
02-09 12:25:51.117 I/DisplayPowerController2[0](1405): BrightnessEvent: disp=0, physDisp=local:0, brt=0.011883718, initBrt=0.0, rcmdBrt=NaN, preBrt=NaN, lux=0.0, preLux=0.0, hbmMax=1.0, hbmMode=off, rbcStrength=50, thrmMax=1.0, powerFactor=1.0, wasShortTermModelActive=false, flags=, reason=manual, autoBrightness=false, strategy=InvalidBrightnessStrategy
02-09 12:25:51.119 I/android.hardware.power-service-qti(801): Power setMode: 7 to: 1
02-09 12:25:51.119 D/SurfaceFlinger(880): Setting power mode 2 on display 0
02-09 12:25:51.119 I/SDM     (797): DisplayBase::SetDisplayState: Set state = 1, display 0
02-09 12:25:51.119 E/QTI PowerHAL(801): Failed to acquire lock for hint_id: 1041.
02-09 12:25:51.120 E/android.system.suspend-service(559): Error opening kernel wakelock stats for: wakeup64 (../../devices/platform/soc/ca0c000.qcom,cci/ca0c000.qcom,cci:qcom,camera@1/video4linux/video3/wakeup64): Permission denied
02-09 12:25:51.122 I/InputManager-JNI(1405): Viewport [0] to add: local:0, isActive: true
02-09 12:25:51.124 I/InputReader(1405): Reconfiguring input devices, changes=DISPLAY_INFO
02-09 12:25:51.124 I/InputReader(1405): Device reconfigured: id=2, name='NVTCapacitiveTouchScreen', size 1080x2160, orientation 0, mode 1, display id 0
02-09 12:25:51.129 E/android.system.suspend-service(559): Error opening kernel wakelock stats for: wakeup60 (../../devices/platform/soc/ca0c000.qcom,cci/ca0c000.qcom,cci:qcom,camera@0/video4linux/video2/wakeup60): Permission denied
02-09 12:25:51.130 I/IPCThreadState(801): oneway function results for code 6 on binder at 0xb400007e4d608990 will be dropped but finished with status UNKNOWN_TRANSACTION
02-09 12:25:51.133 I/DisplayDevice(1405): [0] Layerstack set to 0 for local:0
02-09 12:25:51.136 D/CentralSurfaces(2056): !shouldBeKeyguard mStatusBarStateController.isKeyguardRequested() true keyguardForDozing true wakeAndUnlocking true isWakingAndOccluded false
02-09 12:25:51.136 D/CentralSurfaces(2056): hideKeyguardImpl false
02-09 12:25:51.136 D/SbStateController(2056): setState: requested state SHADE!= upcomingState: KEYGUARD. This usually means the status bar state transition was interrupted before the upcoming state could be applied.
02-09 12:25:51.136 E/QMI_FW  (899): qmi_cci_get_ref: ref count increased 2
02-09 12:25:51.139 E/QMI_FW  (899): qmi_cci_get_ref: ref count increased 2
02-09 12:25:51.140 E/android.system.suspend-service(559): Error opening kernel wakelock stats for: wakeup21 (../../devices/virtual/input/input5/wakeup21): Permission denied
02-09 12:25:51.142 E/QMI_FW  (899): qmi_cci_get_ref: ref count increased 2
02-09 12:25:51.143 E/QMI_FW  (899): qmi_cci_get_ref: ref count increased 2
02-09 12:25:51.144 E/QMI_FW  (900): qmi_cci_get_ref: ref count increased 2
02-09 12:25:51.146 E/QMI_FW  (900): qmi_cci_get_ref: ref count increased 2
02-09 12:25:51.147 E/QMI_FW  (899): qmi_cci_get_ref: ref count increased 2
02-09 12:25:51.149 E/QMI_FW  (900): qmi_cci_get_ref: ref count increased 2
02-09 12:25:51.152 E/QMI_FW  (900): qmi_cci_get_ref: ref count increased 2
02-09 12:25:51.155 E/QMI_FW  (900): qmi_cci_get_ref: ref count increased 2
02-09 12:25:51.156 E/QMI_FW  (900): qmi_cci_get_ref: ref count increased 2
02-09 12:25:51.157 E/QMI_FW  (899): qmi_cci_get_ref: ref count increased 2
02-09 12:25:51.161 E/QMI_FW  (900): qmi_cci_get_ref: ref count increased 2
02-09 12:25:51.164 D/cdfinger(1118): SIGIO signal FINGERUP received!
02-09 12:25:51.168 E/QMI_FW  (900): qmi_cci_get_ref: ref count increased 2
02-09 12:25:51.171 E/QMI_FW  (900): qmi_cci_get_ref: ref count increased 2
02-09 12:25:51.171 E/QMI_FW  (900): qmi_cci_get_ref: ref count increased 2
02-09 12:25:51.180 D/cdfingerTA(1118): Run on ChipID[0X96] ......................................
02-09 12:25:51.180 D/cdfingerTA(1118): CFP_NZ: FP_REQUEST_DETECT_FINGER [1]
02-09 12:25:51.180 D/cdfingerTA(1118): write agc 0xe9 to device
02-09 12:25:51.180 D/cdfingerTA(1118): cdfinger_config_agc 0
02-09 12:25:51.180 D/cdfingerTA(1118): write agc 0xe9 to device spend 5 ms
02-09 12:25:51.180 D/cdfingerTA(1118): get image success 2241924576
02-09 12:25:51.180 D/cdfingerTA(1118): cdfinger_read_image spend 26 ms, retval[0]
02-09 12:25:51.180 D/cdfingerTA(1118): isFingerUp mode 2
02-09 12:25:51.180 D/cdfingerTA(1118): InterruptCheckUp tVal d4
02-09 12:25:51.180 D/cdfingerTA(1118): InterruptCheckUp mode 135
02-09 12:25:51.180 D/cdfingerTA(1118): isFingerUp return 0x00
02-09 12:25:51.180 D/cdfingerTA(1118): CFP_NZ: FP_REQUEST_DETECT_FINGER, result = 0
02-09 12:25:51.181 E/QMI_FW  (899): qmi_cci_get_ref: ref count increased 2
02-09 12:25:51.182 E/QMI_FW  (899): qmi_cci_get_ref: ref count increased 2
02-09 12:25:51.185 E/KeyguardViewMediator(2056): mHideAnimationFinishedRunnable#run
02-09 12:25:51.193 W/IWlanNetworkService(2295): 235 > Response Processed
02-09 12:25:51.195 E/QMI_FW  (899): qmi_cci_get_ref: ref count increased 2
02-09 12:25:51.195 E/QMI_FW  (899): qmi_cci_get_ref: ref count increased 2
02-09 12:25:51.198 D/ActivityTaskManager(1405): Top Process State changed to PROCESS_STATE_TOP
02-09 12:25:51.199 E/QMI_FW  (899): qmi_cci_get_ref: ref count increased 2
02-09 12:25:51.200 V/WindowManagerShell(2056): Transition requested: android.os.BinderProxy@6822ac4 TransitionRequestInfo { type = 4, triggerTask = null, remoteTransition = null, displayChange = null, flags = 262 }
02-09 12:25:51.200 E/QMI_FW  (899): qmi_cci_get_ref: ref count increased 2
02-09 12:25:51.201 E/QMI_FW  (899): qmi_cci_get_ref: ref count increased 2
02-09 12:25:51.202 E/QMI_FW  (899): qmi_cci_get_ref: ref count increased 2
02-09 12:25:51.202 E/QMI_FW  (900): qmi_cci_get_ref: ref count increased 2
02-09 12:25:51.202 E/QMI_FW  (900): qmi_cci_get_ref: ref count increased 2
02-09 12:25:51.203 E/QMI_FW  (900): qmi_cci_get_ref: ref count increased 2
02-09 12:25:51.203 E/QMI_FW  (899): qmi_cci_get_ref: ref count increased 2
02-09 12:25:51.203 I/IPCThreadState(801): oneway function results for code 6 on binder at 0xb400007e4d607910 will be dropped but finished with status UNKNOWN_TRANSACTION
02-09 12:25:51.203 I/IPCThreadState(801): oneway function results for code 6 on binder at 0xb400007e4d608150 will be dropped but finished with status UNKNOWN_TRANSACTION
02-09 12:25:51.203 I/IPCThreadState(801): oneway function results for code 6 on binder at 0xb400007e4d607c70 will be dropped but finished with status UNKNOWN_TRANSACTION
02-09 12:25:51.203 I/IPCThreadState(801): oneway function results for code 6 on binder at 0xb400007e4d6075b0 will be dropped but finished with status UNKNOWN_TRANSACTION
02-09 12:25:51.204 I/IPCThreadState(801): oneway function results for code 6 on binder at 0xb400007e4d607220 will be dropped but finished with status UNKNOWN_TRANSACTION
02-09 12:25:51.204 I/IPCThreadState(801): oneway function results for code 6 on binder at 0xb400007e4d607f10 will be dropped but finished with status UNKNOWN_TRANSACTION
02-09 12:25:51.204 I/IPCThreadState(801): oneway function results for code 6 on binder at 0xb400007e4d607b20 will be dropped but finished with status UNKNOWN_TRANSACTION
02-09 12:25:51.204 E/QMI_FW  (900): qmi_cci_get_ref: ref count increased 2
02-09 12:25:51.204 E/QMI_FW  (899): qmi_cci_get_ref: ref count increased 2
02-09 12:25:51.204 E/QMI_FW  (899): qmi_cci_get_ref: ref count increased 2
02-09 12:25:51.205 E/QMI_FW  (899): qmi_cci_get_ref: ref count increased 2
02-09 12:25:51.205 E/QMI_FW  (900): qmi_cci_get_ref: ref count increased 2
02-09 12:25:51.206 E/QMI_FW  (899): qmi_cci_get_ref: ref count increased 2
02-09 12:25:51.206 E/QMI_FW  (900): qmi_cci_get_ref: ref count increased 2
02-09 12:25:51.207 E/QMI_FW  (899): qmi_cci_get_ref: ref count increased 2
02-09 12:25:51.207 E/QMI_FW  (900): qmi_cci_get_ref: ref count increased 2
02-09 12:25:51.208 E/QMI_FW  (899): qmi_cci_get_ref: ref count increased 2
02-09 12:25:51.208 E/QMI_FW  (900): qmi_cci_get_ref: ref count increased 2
02-09 12:25:51.209 E/QMI_FW  (900): qmi_cci_get_ref: ref count increased 2
02-09 12:25:51.210 E/QMI_FW  (900): qmi_cci_get_ref: ref count increased 2
02-09 12:25:51.210 E/QMI_FW  (899): qmi_cci_get_ref: ref count increased 2
02-09 12:25:51.211 E/QMI_FW  (900): qmi_cci_get_ref: ref count increased 2
02-09 12:25:51.212 E/QMI_FW  (900): qmi_cci_get_ref: ref count increased 2
02-09 12:25:51.213 E/QMI_FW  (900): qmi_cci_get_ref: ref count increased 2
02-09 12:25:51.218 E/QMI_FW  (900): qmi_cci_get_ref: ref count increased 2
02-09 12:25:51.218 E/QMI_FW  (900): qmi_cci_get_ref: ref count increased 2
02-09 12:25:51.219 E/QMI_FW  (900): qmi_cci_get_ref: ref count increased 2
02-09 12:25:51.221 E/QMI_FW  (899): qmi_cci_get_ref: ref count increased 2
02-09 12:25:51.221 E/QMI_FW  (899): qmi_cci_get_ref: ref count increased 2
02-09 12:25:51.226 W/IWlanNetworkService(2295): 236 > Response Processed
02-09 12:25:51.236 V/SnapshotDrawerUtils(2056): Drawing snapshot surface sizeMismatch=false
02-09 12:25:51.244 E/QMI_FW  (899): qmi_cci_get_ref: ref count increased 2
02-09 12:25:51.247 E/QMI_FW  (899): qmi_cci_get_ref: ref count increased 2
02-09 12:25:51.252 E/QMI_FW  (899): qmi_cci_get_ref: ref count increased 2
02-09 12:25:51.259 E/QMI_FW  (899): qmi_cci_get_ref: ref count increased 2
02-09 12:25:51.265 D/cdfinger(1118): SIGIO signal FINGERUP received!
02-09 12:25:51.266 V/WindowManagerShell(2056): onTransitionReady android.os.BinderProxy@6822ac4: {id=755 t=TO_BACK f=0x106 trk=0 r=[0@Point(0, 0)] c=[{WCT{android.window.IWindowContainerToken$Stub$Proxy@6ed8db4} m=TO_FRONT f=NONE p=WCT{android.window.IWindowContainerToken$Stub$Proxy@18a5ddd} leash=Surface(name=Task=146)/@0x249d8a1 sb=Rect(0, 0 - 1080, 2160) eb=Rect(0, 0 - 1080, 2160) d=0},{WCT{android.window.IWindowContainerToken$Stub$Proxy@6717d52} m=TO_FRONT f=NONE leash=Surface(name=DefaultTaskDisplayArea)/@0x6f87ac6 sb=Rect(0, 0 - 1080, 2160) eb=Rect(0, 0 - 1080, 2160) d=0}]}
02-09 12:25:51.268 V/WindowManager(1405): Sent Transition #755 createdAt=02-09 12:25:51.198 via request=TransitionRequestInfo { type = 4, triggerTask = null, remoteTransition = null, displayChange = null, flags = 262 }
02-09 12:25:51.277 V/WindowManager(1405):     startWCT=WindowContainerTransaction { changes = {} hops = [] errorCallbackToken=null taskFragmentOrganizer=null }
02-09 12:25:51.277 V/WindowManagerShell(2056): Playing animation for (#755)android.os.BinderProxy@6822ac4@0
02-09 12:25:51.278 V/WindowManagerShell(2056):  try handler com.android.wm.shell.transition.DefaultMixedHandler@3dbd22
02-09 12:25:51.278 V/WindowManagerShell(2056):  try handler com.android.wm.shell.keyguard.KeyguardTransitionHandler@43613b3
02-09 12:25:51.278 V/WindowManager(1405):     info={id=755 t=TO_BACK f=0x106 trk=0 r=[0@Point(0, 0)] c=[{WCT{RemoteToken{6f0b23f Task{24a196b #146 type=standard A=10197:com.pluscubed.matlog}}} m=TO_FRONT f=NONE p=WCT{RemoteToken{7936457 DefaultTaskDisplayArea@249720367}} leash=Surface(name=Task=146)/@0xc8b5b99 sb=Rect(0, 0 - 1080, 2160) eb=Rect(0, 0 - 1080, 2160) d=0},{WCT{RemoteToken{7936457 DefaultTaskDisplayArea@249720367}} m=TO_FRONT f=NONE leash=Surface(name=DefaultTaskDisplayArea)/@0x872c23b sb=Rect(0, 0 - 1080, 2160) eb=Rect(0, 0 - 1080, 2160) d=0}]}
02-09 12:25:51.278 V/WindowManagerShell(2056): start keyguard going-away transition, info = {id=755 t=TO_BACK f=0x106 trk=0 r=[0@Point(0, 0)] c=[{WCT{android.window.IWindowContainerToken$Stub$Proxy@6ed8db4} m=TO_FRONT f=NONE p=WCT{android.window.IWindowContainerToken$Stub$Proxy@18a5ddd} leash=Surface(name=Task=146)/@0x249d8a1 sb=Rect(0, 0 - 1080, 2160) eb=Rect(0, 0 - 1080, 2160) d=0},{WCT{android.window.IWindowContainerToken$Stub$Proxy@6717d52} m=TO_FRONT f=NONE leash=Surface(name=DefaultTaskDisplayArea)/@0x6f87ac6 sb=Rect(0, 0 - 1080, 2160) eb=Rect(0, 0 - 1080, 2160) d=0}]}
02-09 12:25:51.278 D/KeyguardService(2056): Starts IRemoteAnimationRunner: info={id=755 t=TO_BACK f=0x106 trk=0 r=[0@Point(0, 0)] c=[{WCT{android.window.IWindowContainerToken$Stub$Proxy@6ed8db4} m=TO_FRONT f=NONE p=WCT{android.window.IWindowContainerToken$Stub$Proxy@18a5ddd} leash=Surface(name=Task=146)/@0x249d8a1 sb=Rect(0, 0 - 1080, 2160) eb=Rect(0, 0 - 1080, 2160) d=0},{WCT{android.window.IWindowContainerToken$Stub$Proxy@6717d52} m=TO_FRONT f=NONE leash=Surface(name=DefaultTaskDisplayArea)/@0x6f87ac6 sb=Rect(0, 0 - 1080, 2160) eb=Rect(0, 0 - 1080, 2160) d=0}]}
02-09 12:25:51.280 D/KeyguardViewMediator(2056): handleStartKeyguardExitAnimation startTime=0 fadeoutDuration=0
02-09 12:25:51.281 D/KeyguardUnlock(2056): playCannedUnlockAnimation
02-09 12:25:51.281 D/KeyguardUnlock(2056): playCannedUnlockAnimation, isWakeAndUnlock
02-09 12:25:51.281 V/WindowManagerShell(2056):  animated by com.android.wm.shell.keyguard.KeyguardTransitionHandler@43613b3
02-09 12:25:51.281 D/KeyguardViewMediator(2056): exitKeyguardAndFinishSurfaceBehindRemoteAnimation
02-09 12:25:51.281 D/KeyguardViewMediator(2056): KeyguardViewMediator queue processing message: START_KEYGUARD_EXIT_ANIM
02-09 12:25:51.281 D/cdfingerTA(1118): Run on ChipID[0X96] ......................................
02-09 12:25:51.281 D/cdfingerTA(1118): CFP_NZ: FP_REQUEST_DETECT_FINGER [1]
02-09 12:25:51.281 D/cdfingerTA(1118): write agc 0xe9 to device
02-09 12:25:51.281 D/cdfingerTA(1118): cdfinger_config_agc 0
02-09 12:25:51.281 D/cdfingerTA(1118): write agc 0xe9 to device spend 3 ms
02-09 12:25:51.281 D/cdfingerTA(1118): get image success 2243224576
02-09 12:25:51.281 D/cdfingerTA(1118): cdfinger_read_image spend 27 ms, retval[0]
02-09 12:25:51.281 D/cdfingerTA(1118): isFingerUp mode 2
02-09 12:25:51.281 D/cdfingerTA(1118): InterruptCheckUp tVal d4
02-09 12:25:51.281 D/cdfingerTA(1118): InterruptCheckUp mode 135
02-09 12:25:51.281 D/cdfingerTA(1118): isFingerUp return 0x00
02-09 12:25:51.281 D/cdfingerTA(1118): CFP_NZ: FP_REQUEST_DETECT_FINGER, result = 0
02-09 12:25:51.285 E/QMI_FW  (899): qmi_cci_get_ref: ref count increased 2
02-09 12:25:51.301 E/QMI_FW  (899): qmi_cci_get_ref: ref count increased 2
02-09 12:25:51.304 E/QMI_FW  (899): qmi_cci_get_ref: ref count increased 2
02-09 12:25:51.307 E/QMI_FW  (899): qmi_cci_get_ref: ref count increased 2
02-09 12:25:51.307 E/QMI_FW  (899): qmi_cci_get_ref: ref count increased 2
02-09 12:25:51.311 E/QMI_FW  (899): qmi_cci_get_ref: ref count increased 2
02-09 12:25:51.312 E/QMI_FW  (899): qmi_cci_get_ref: ref count increased 2
02-09 12:25:51.313 E/QMI_FW  (899): qmi_cci_get_ref: ref count increased 2
02-09 12:25:51.316 E/QMI_FW  (899): qmi_cci_get_ref: ref count increased 2
02-09 12:25:51.318 E/QMI_FW  (899): qmi_cci_get_ref: ref count increased 2
02-09 12:25:51.329 D/SurfaceFlinger(880): Finished setting power mode 2 on display 0
02-09 12:25:51.329 D/SurfaceControl(1405): Excessive delay in setPowerMode()
02-09 12:25:51.332 D/DisplayManagerService(1405): Ignore redundant display event 0/2 to 10183/2767
02-09 12:25:51.332 D/DisplayManagerService(1405): Ignore redundant display event 0/2 to 10125/2785
02-09 12:25:51.332 D/DisplayManagerService(1405): Ignore redundant display event 0/2 to 10134/3350
02-09 12:25:51.333 D/DisplayManagerService(1405): Ignore redundant display event 0/2 to 10088/30983
02-09 12:25:51.333 D/DisplayManagerService(1405): Ignore redundant display event 0/2 to 10184/31608
02-09 12:25:51.339 D/cdfingerTA(1118): Run on ChipID[0X96] ......................................
02-09 12:25:51.339 D/cdfingerTA(1118): CFP_NZ: FP_REQUEST_DETECT_FINGER [1]
02-09 12:25:51.339 D/cdfingerTA(1118): write agc 0xe9 to device
02-09 12:25:51.339 D/cdfingerTA(1118): cdfinger_config_agc 0
02-09 12:25:51.339 D/cdfingerTA(1118): write agc 0xe9 to device spend 3 ms
02-09 12:25:51.339 D/cdfingerTA(1118): get image success 2244024576
02-09 12:25:51.339 D/cdfingerTA(1118): cdfinger_read_image spend 27 ms, retval[0]
02-09 12:25:51.339 D/cdfingerTA(1118): isFingerUp mode 2
02-09 12:25:51.339 D/cdfingerTA(1118): isFingerUp return 0x80
02-09 12:25:51.339 D/cdfingerTA(1118): CFP_NZ: FP_REQUEST_DETECT_FINGER, result = 128
02-09 12:25:51.339 D/cdfinger(1118): got up=================
02-09 12:25:51.339 D/cdfinger(1118): Enter Switch Status, mCurStatus = 7
02-09 12:25:51.339 D/cdfinger(1118): mCurStatus = 7 , nextStatus = 13
02-09 12:25:51.339 D/cdfinger(1118): EventProcessThread end,then check status 13 and global status 1
02-09 12:25:51.340 D/cdfinger(1118): fnCa_update_template:index = 1
02-09 12:25:51.342 W/IWlanNetworkService(2295): 237 > Response Processed
02-09 12:25:51.343 W/IWlanNetworkService(2295): 238 > Response Processed
02-09 12:25:51.345 I/keystore2(560): system/security/keystore2/src/super_key.rs:1049 - Successfully unlocked with biometric
02-09 12:25:51.347 W/Looper  (1405): Slow dispatch took 243ms main h=com.android.server.trust.TrustManagerService$2 c=null m=14
02-09 12:25:51.347 D/BiometricScheduler/Fingerprint21(1405): [Finishing] {[386] com.android.server.biometrics.sensors.fingerprint.hidl.FingerprintAuthenticationClient, proto=3, owner=com.android.systemui, cookie=0, requestId=134, userId=0}, success: true
02-09 12:25:51.347 D/GestureAvailabilityTracker(1405): Notifying gesture availability, active=true
02-09 12:25:51.347 D/BiometricScheduler/Fingerprint21(1405): No operations, returning to idle
02-09 12:25:51.348 W/Looper  (1405): Slow delivery took 251ms main h=android.os.Handler c=com.android.server.biometrics.sensors.BiometricScheduler$1$$ExternalSyntheticLambda0@d6bbc68 m=0
02-09 12:25:51.350 D/KeyguardViewMediator(2056): onKeyguardExitRemoteAnimationFinished#hideKeyguardViewAfterRemoteAnimation
02-09 12:25:51.353 I/IPCThreadState(801): oneway function results for code 6 on binder at 0xb400007e4d6077c0 will be dropped but finished with status UNKNOWN_TRANSACTION
02-09 12:25:51.355 E/ActivityManager(1405): Cancel pending or running compactions as system is awake
02-09 12:25:51.358 D/CentralSurfaces(2056): !shouldBeKeyguard mStatusBarStateController.isKeyguardRequested() false keyguardForDozing true wakeAndUnlocking true isWakingAndOccluded false
02-09 12:25:51.358 D/CentralSurfaces(2056): hideKeyguardImpl false
02-09 12:25:51.359 E/CentralSurfaces(2056): Keyguard is done going away, but someone left the light reveal scrim at reveal amount: 0.1
02-09 12:25:51.361 I/DisplayPowerController2[0](1405): Unblocked screen on after 247 ms
02-09 12:25:51.361 E/QMI_FW  (899): qmi_cci_get_ref: ref count increased 2
02-09 12:25:51.362 D/KeyguardService(2056): Finish IRemoteAnimationRunner.
02-09 12:25:51.362 V/WindowManagerShell(2056): Transition animation finished (aborted=false), notifying core (#755)android.os.BinderProxy@6822ac4@0
02-09 12:25:51.363 E/QMI_FW  (788): qmi_cci_get_ref: ref count increased 2
02-09 12:25:51.364 E/QMI_FW  (788): qmi_cci_get_ref: ref count increased 2
02-09 12:25:51.364 E/QMI_FW  (899): qmi_cci_get_ref: ref count increased 2
02-09 12:25:51.364 W/PowerManagerService(1405): Screen on took 255 ms
02-09 12:25:51.368 E/QMI_FW  (788): qmi_cci_get_ref: ref count increased 2
02-09 12:25:51.368 E/QMI_FW  (899): qmi_cci_get_ref: ref count increased 2
02-09 12:25:51.369 W/Looper  (1405): Drained
02-09 12:25:51.370 V/WindowManager(1405): Finish Transition #755: created at 02-09 12:25:51.198 collect-started=0.089ms request-sent=0.193ms started=23.436ms ready=23.353ms sent=62.495ms finished=171.884ms
02-09 12:25:51.372 D/audio_hw_primary(787): adev_set_parameters: enter: screen_state=on
02-09 12:25:51.373 E/soundtrigger(787): audio_extn_sound_trigger_set_parameters: str_params NULL
02-09 12:25:51.373 V/WindowManagerShell(2056): Track 0 became idle
02-09 12:25:51.373 V/WindowManagerShell(2056): All active transition animations finished
02-09 12:25:51.374 E/QMI_FW  (899): qmi_cci_get_ref: ref count increased 2
02-09 12:25:51.374 D/KeyguardService(2056): setOccluded(false)
02-09 12:25:51.374 D/KeyguardViewMediator(2056): setOccluded(false)
02-09 12:25:51.377 E/QMI_FW  (788): qmi_cci_get_ref: ref count increased 2
02-09 12:25:51.376 E/QMI_FW  (899): qmi_cci_get_ref: ref count increased 2
02-09 12:25:51.380 D/FastPairService(1405): onReceive: ACTION_SCREEN_ON
02-09 12:25:51.380 V/FastPairService(1405): invalidateScan: scan is disabled
02-09 12:25:51.380 E/NearbyManager(1405): Cannot stop scan with this callback because it is never registered.
02-09 12:25:51.382 E/QMI_FW  (899): qmi_cci_get_ref: ref count increased 2
02-09 12:25:51.383 E/QMI_FW  (899): qmi_cci_get_ref: ref count increased 2
02-09 12:25:51.388 E/QMI_FW  (899): qmi_cci_get_ref: ref count increased 2
02-09 12:25:51.397 D/SystemServerTiming(1405): getUserSwitchability-0
02-09 12:25:51.397 D/SystemServerTiming(1405): TM.isInCall
02-09 12:25:51.398 E/QMI_FW  (899): qmi_cci_get_ref: ref count increased 2
02-09 12:25:51.398 D/SystemServerTiming(1405): hasUserRestriction-DISALLOW_USER_SWITCH
02-09 12:25:51.398 D/SystemServerTiming(1405): getInt-ALLOW_USER_SWITCHING_WHEN_SYSTEM_USER_LOCKED
02-09 12:25:51.398 D/SystemServerTiming(1405): isUserUnlocked-USER_SYSTEM
02-09 12:25:51.401 I/DeviceStatusMonitor(29934): DeviceStatusMonitor.handleBroadcast():123 onReceive() : Action = android.intent.action.SCREEN_ON
02-09 12:25:51.401 E/QMI_FW  (899): qmi_cci_get_ref: ref count increased 2
02-09 12:25:51.401 I/DeviceStatusMonitor(29934): DeviceStatusMonitor.updateCountryInfo():139 updateCountryInfo(), notifyAnyway = false
02-09 12:25:51.403 D/KeyguardViewMediator(2056): KeyguardViewMediator queue processing message: NOTIFY_STARTED_WAKING_UP
02-09 12:25:51.404 D/CentralSurfaces(2056): mShouldDelayWakeUpAnimation CLEARED
02-09 12:25:51.404 D/CentralSurfaces(2056): !shouldBeKeyguard mStatusBarStateController.isKeyguardRequested() false keyguardForDozing false wakeAndUnlocking false isWakingAndOccluded false
02-09 12:25:51.404 D/CentralSurfaces(2056): hideKeyguardImpl false
02-09 12:25:51.404 E/QMI_FW  (899): qmi_cci_get_ref: ref count increased 2
02-09 12:25:51.406 E/QMI_FW  (899): qmi_cci_get_ref: ref count increased 2
02-09 12:25:51.410 E/QMI_FW  (899): qmi_cci_get_ref: ref count increased 2
02-09 12:25:51.411 E/QMI_FW  (899): qmi_cci_get_ref: ref count increased 2
02-09 12:25:51.414 E/QMI_FW  (899): qmi_cci_get_ref: ref count increased 2
02-09 12:25:51.415 I/DreamController(1405): Stopping dream: name=ComponentInfo{com.android.systemui/com.android.systemui.doze.DozeService}, isPreviewMode=false, canDoze=true, userId=0, reason='finished self'(from 'power manager request')
02-09 12:25:51.416 E/QMI_FW  (899): qmi_cci_get_ref: ref count increased 2
02-09 12:25:51.418 D/cdfingerTA(1118): Run on ChipID[0X96] ......................................
02-09 12:25:51.418 D/cdfingerTA(1118): CFP_HS: FP_REQUEST_UPDATE_TEMPLATE: idx = 1
02-09 12:25:51.418 D/cdfingerTA(1118): CFP_HS: FP_REQUEST_UPDATE_TEMPLATE, idx = 1, gCurrTemplatCnts[2]
02-09 12:25:51.418 D/cdfingerTA(1118): glimmerLearn: index[0] , g_whichOnePatch[11], g_update[0]
02-09 12:25:51.418 D/cdfingerTA(1118): CFP_HS: glimmerLearn spend 33 ms
02-09 12:25:51.418 D/cdfingerTA(1118): gFpRegisterRecords[0x3820f8f8]
02-09 12:25:51.418 D/cdfingerTA(1118): update feature name. Tempsize = 0
02-09 12:25:51.418 D/cdfingerTA(1118): update_FeatureTable
02-09 12:25:51.418 D/cdfingerTA(1118): update_FeatureTable done!
02-09 12:25:51.418 D/cdfingerTA(1118): CFP_HS: updateTemplate spend 40 ms
02-09 12:25:51.418 D/cdfinger(1118): Update spend 4e ms
02-09 12:25:51.418 D/cdfinger(1118): EventProcessThread wait hal_Down! status:13
02-09 12:25:51.418 D/cdfinger(1118): fingerprint wait for finger .
02-09 12:25:51.418 D/cdfinger(1118): device_waitForFinger===========
02-09 12:25:51.422 I/GoogleInputMethodService(29934): GoogleInputMethodService.onStartInput():1894 onStartInput(EditorInfo{EditorInfo{packageName=com.pluscubed.matlog, inputType=0, inputTypeString=NULL, enableLearning=false, autoCorrection=false, autoComplete=false, imeOptions=0, privateImeOptions=null, actionName=UNSPECIFIED, actionLabel=null, initialSelStart=-1, initialSelEnd=-1, initialCapsMode=0, label=null, fieldId=0, fieldName=null, extras=null, hintText=null, hintLocales=[]}}, false)
02-09 12:25:51.422 D/InstantWifi(1405): mScreenOn is changed to true
02-09 12:25:51.427 I/EmojifyExtensionImpl(29934): EmojifyExtensionImpl.onCreate():656 Creating Emojify extension dgs@8580736.
02-09 12:25:51.428 I/AbstractOpenableExtension(29934): AbstractOpenableExtension.maybeDestroyExistingKeyboardGroupManager():515 Destroy existing keyboard group manager in dhy
02-09 12:25:51.429 I/AbstractOpenableExtension(29934): AbstractOpenableExtension.createKeyboardGroupManagerListenableFuture():125 Create keyboard group manager listenable future in dhy
02-09 12:25:51.429 I/AbstractOpenableExtension(29934): AbstractOpenableExtension.maybeDestroyExistingKeyboardGroupManager():515 Destroy existing keyboard group manager in eyv
02-09 12:25:51.429 I/AbstractOpenableExtension(29934): AbstractOpenableExtension.createKeyboardGroupManagerListenableFuture():125 Create keyboard group manager listenable future in eyv
02-09 12:25:51.430 I/KeyboardGroupDefParser(29934): KeyboardGroupDefParser.parseKeyboardGroupDef():83 parseKeyboardGroupDef() 2132214038 -> 0_resource_name_obfuscated : WaitTime = 1 ms : RunTime = 0 ms
02-09 12:25:51.430 I/LineageHealth(1405): Current mChargingStopReason: 0
02-09 12:25:51.432 I/KeyboardGroupDefParser(29934): KeyboardGroupDefParser.parseKeyboardGroupDef():83 parseKeyboardGroupDef() 2132214039 -> 0_resource_name_obfuscated : WaitTime = 0 ms : RunTime = 2 ms
02-09 12:25:51.433 W/AccessPointsManager(29934): AccessPointsManager.removeAccessPoint():861 The holder controller #0x7f0b2052 is not registered
02-09 12:25:51.436 I/ClipboardDataHandler(29934): ClipboardDataHandler.updateScreenshotsContentObserver():267 Disable the feature of handling screenshots in the clipboard.
02-09 12:25:51.439 D/KeyguardViewMediator(2056): handleSetOccluded(false)
02-09 12:25:51.439 D/KeyguardViewMediator(2056): KeyguardViewMediator queue processing message: SET_OCCLUDED
02-09 12:25:51.447 I/KeyboardGroupDefParser(29934): KeyboardGroupDefParser.parseKeyboardGroupDef():83 parseKeyboardGroupDef() 2132214025 -> 0_resource_name_obfuscated : WaitTime = 0 ms : RunTime = 2 ms
02-09 12:25:51.454 I/DeviceLockTags(29934): DeviceLockTags.notifyDeviceLockStatusChanged():112 notifyDeviceLockStatusChanged(): deviceLocked=false, blockPersonalData=false
02-09 12:25:51.454 I/GoogleInputMethodService(29934): GoogleInputMethodService.updateDeviceLockedStatus():2103 repeatCheckTimes = 1, locked = false
02-09 12:25:51.460 E/QTI PowerHAL(801): Failed to acquire lock.
02-09 12:25:51.460 E/QTI PowerHAL(801): Failed process_boost for boost_handle
02-09 12:25:51.497 D/SbStateController(2056): setIsDreaming:false
02-09 12:25:51.530 D/cdfingerTA(1118): Run on ChipID[0X96] ......................................
02-09 12:25:51.536 D/cdfingerTA(1118): Run on ChipID[0X96] ......................................
02-09 12:25:51.536 D/cdfingerTA(1118): CFP_NZ: FP_REQUEST_SETMODE
02-09 12:25:51.536 D/cdfingerTA(1118): qsee_spi_open retval = 0
02-09 12:25:51.536 D/cdfingerTA(1118): interrupt build time 0
02-09 12:25:51.536 D/cdfingerTA(1118): CFP_NZ: FP_REQUEST_SETMODE [3] ret[0]
02-09 12:25:51.536 D/cdfinger(1118): wake_unlock---------received!
02-09 12:25:51.686 D/ResourceTrimmer(2056): Sending TRIM_MEMORY_UI_HIDDEN.
02-09 12:25:52.032 D/ControlsListingControllerImpl(2056): Unsubscribing callback
02-09 12:25:52.044 D/ControlsListingControllerImpl(2056): Unsubscribing callback
02-09 12:25:52.044 D/ControlsListingControllerImpl(2056): Unsubscribing callback
02-09 12:25:52.508 D/audio_hw_primary(787): out_standby: enter: stream (0xecd88650) usecase(1: low-latency-playback)
02-09 12:25:52.533 D/audio_hw_primary(787): disable_audio_route: reset and update mixer path: low-latency-playback speaker
02-09 12:25:52.537 D/hardware_info(787): hw_info_append_hw_type : device_name = speaker
02-09 12:25:52.537 D/audio_hw_primary(787): disable_snd_device: snd_device(2: speaker)
02-09 12:25:52.551 D/hardware_info(787): hw_info_append_hw_type : device_name = vi-feedback
02-09 12:25:52.551 D/audio_hw_primary(787): disable_snd_device: snd_device(206: vi-feedback)
02-09 12:25:52.551 D/audio_hw_primary(787): disable_audio_route: reset and update mixer path: spkr-vi-record
02-09 12:25:52.784 E/QTI PowerHAL(801): Failed to acquire lock.
02-09 12:25:52.784 E/QTI PowerHAL(801): Failed process_boost for boost_handle
02-09 12:25:52.827 I/IPCThreadState(801): oneway function results for code 6 on binder at 0xb400007e4d6087e0 will be dropped but finished with status UNKNOWN_TRANSACTION
02-09 12:25:52.859 D/audioserver(857): logFgsApiBegin: FGS Logger Transaction failed, -129
02-09 12:25:52.861 D/audio_hw_primary(787): start_output_stream: enter: stream(0xecd88650)usecase(1: low-latency-playback) devices(0x2) is_haptic_usecase(0)
02-09 12:25:52.861 I/android.hardware.power-service-qti(801): Boost 3Not Supported
02-09 12:25:52.861 E/audio_hw_extn(787): audio_extn_perf_lock_acquire: Failed to acquire perf lock, err: -1
02-09 12:25:52.861 D/audio_hw_primary(787): select_devices for use case (low-latency-playback)
