02-09 12:25:52.861 I/msm8974_platform(787): platform_check_and_set_codec_backend_cfg:becf: afe: bitwidth 16, samplerate 48000 channels 2, backend_idx 0 usecase = 1 device (speaker)
02-09 12:25:52.861 I/msm8974_platform(787): platform_check_and_set_codec_backend_cfg: new_snd_devices[0] is 2
02-09 12:25:52.861 I/msm8974_platform(787): platform_check_codec_backend_cfg:becf: afe: bitwidth 16, samplerate 48000 channels 2, backend_idx 0 usecase = 1 device (speaker)
02-09 12:25:52.865 D/msm8974_platform(787): platform_check_codec_backend_cfg:becf: updated afe: bitwidth 16, samplerate 48000 channels 2,backend_idx 0 usecase = 1 device (speaker)
02-09 12:25:52.865 I/msm8974_platform(787): platform_check_codec_backend_cfg:becf: afe: Codec selected backend: 0 updated bit width: 16 and sample rate: 48000
02-09 12:25:52.865 D/audio_hw_primary(787): check_usecases_codec_backend:becf: force routing 0
02-09 12:25:52.865 D/audio_hw_primary(787): check_usecases_codec_backend:becf: (87) check_usecases curr device: speaker, usecase device: backends match 0
02-09 12:25:52.865 D/audio_hw_primary(787): check_usecases_codec_backend:becf: check_usecases num.of Usecases to switch 0
02-09 12:25:52.865 D/hardware_info(787): hw_info_append_hw_type : device_name = speaker
02-09 12:25:52.866 D/audio_hw_primary(787): enable_snd_device: snd_device(2: speaker)
02-09 12:25:52.866 D/msm8974_platform(787): platform_get_island_cfg_on_device:island cfg status on snd_device = (speaker 0)
02-09 12:25:52.866 D/audio_route(787): Apply path: speaker
02-09 12:25:52.866 D/hardware_info(787): hw_info_append_hw_type : device_name = vi-feedback
02-09 12:25:52.866 D/audio_hw_primary(787): enable_snd_device: snd_device(206: vi-feedback)
02-09 12:25:52.866 D/msm8974_platform(787): platform_get_island_cfg_on_device:island cfg status on snd_device = (vi-feedback 0)
02-09 12:25:52.866 D/audio_route(787): Apply path: vi-feedback
02-09 12:25:52.866 D/msm8974_platform(787): fluence nn disabled
02-09 12:25:52.866 D/audio_hw_utils(787): audio_extn_utils_send_app_type_cfg: usecase->in_snd_device vi-feedback
02-09 12:25:52.867 E/audio_hw_utils(787): send_app_type_cfg_for_device: Could not get ctl for mixer cmd - Audio Stream Capture 40 App Type Cfg
02-09 12:25:52.867 D/ACDB-LOADER(787): ACDB -> send_audio_cal, acdb_id = 102, path = 1, app id = 0x11132, sample rate = 48000, afe_sample_rate = 48000
02-09 12:25:52.867 D/ACDB-LOADER(787): ACDB -> send_asm_topology
02-09 12:25:52.867 D/ACDB-LOADER(787): ACDB -> ACDB_CMD_GET_AUDPROC_STREAM_TOPOLOGY_ID
02-09 12:25:52.867 D/ACDB-LOADER(787): ACDB -> send_adm_topology
02-09 12:25:52.867 D/ACDB-LOADER(787): ACDB -> ACDB_CMD_GET_AUDPROC_COMMON_TOPOLOGY_ID
02-09 12:25:52.867 D/ACDB-LOADER(787): ACDB -> send_audtable
02-09 12:25:52.867 D/ACDB-LOADER(787): ACDB -> ACDB_CMD_GET_AUDPROC_COMMON_TABLE_SIZE
02-09 12:25:52.867 D/ACDB-LOADER(787): ACDB -> ACDB_CMD_GET_AUDPROC_COMMON_TABLE
02-09 12:25:52.867 D/ACDB-LOADER(787): ACDB -> AUDIO_SET_AUDPROC_CAL cal_type[11] acdb_id[102] app_type[69938]
02-09 12:25:52.867 D/ACDB-LOADER(787): check_fnn_usecase_status: fnn usecase active 0
02-09 12:25:52.867 D/ACDB-LOADER(787): ACDB -> ACDB_CMD_GET_PERSISTENT_AUDPROC_INSTANCE_COMMON_TABLE_SIZE
02-09 12:25:52.867 D/android.hardware.audio.service(787): Invalid AV file. It doesnt contain LUT for tblid 00000028 
02-09 12:25:52.867 D/android.hardware.audio.service(787): Failed to fetch the lookup information of the device 00000066 
02-09 12:25:52.867 D/ACDB-LOADER(787): Error: ACDB_CMD_GET_PERSISTENT_AUDPROC_INSTANCE_COMMON_TABLE_SIZE returned -20
02-09 12:25:52.867 D/ACDB-LOADER(787): ACDB -> send_audproc_persist_table -20 
02-09 12:25:52.867 D/ACDB-LOADER(787): Error: Invalid Audproc persist size = -20
02-09 12:25:52.867 D/ACDB-LOADER(787): ACDB -> ACDB_CMD_GET_AUDPROC_STREAM_TABLE_SIZE
02-09 12:25:52.867 D/ACDB-LOADER(787): ACDB -> send_audstrmtable
02-09 12:25:52.867 D/ACDB-LOADER(787): ACDB -> ACDB_CMD_GET_AUDPROC_STREAM_TABLE_V2
02-09 12:25:52.867 D/ACDB-LOADER(787): ACDB -> audstrm_cal->cal_type.cal_data.cal_size = 16
02-09 12:25:52.867 D/ACDB-LOADER(787): ACDB -> send_afe_topology
02-09 12:25:52.867 D/ACDB-LOADER(787): ACDB -> ACDB_CMD_GET_AFE_TOPOLOGY_ID
02-09 12:25:52.867 D/ACDB-LOADER(787): ACDB -> GET_AFE_TOPOLOGY_ID for adcd_id 102, Topology Id 1000b909
02-09 12:25:52.867 D/ACDB-LOADER(787): ACDB -> send_afe_cal
02-09 12:25:52.867 D/ACDB-LOADER(787): ACDB -> ACDB_CMD_GET_AFE_COMMON_TABLE_SIZE
02-09 12:25:52.867 D/ACDB-LOADER(787): ACDB -> ACDB_CMD_GET_AFE_COMMON_TABLE
02-09 12:25:52.867 D/ACDB-LOADER(787): ACDB -> AUDIO_SET_AFE_CAL cal_type[17] acdb_id[102]
02-09 12:25:52.868 D/ACDB-LOADER(787): ACDB -> send_hw_delay : acdb_id = 102 path = 1
02-09 12:25:52.868 D/ACDB-LOADER(787): ACDB -> ACDB_AVSYNC_INFO: ACDB_CMD_GET_DEVICE_PROPERTY
02-09 12:25:52.868 D/msm8974_platform(787): fluence nn disabled
02-09 12:25:52.868 D/audio_hw_primary(787): enable_audio_route: apply mixer and update path: spkr-vi-record
02-09 12:25:52.868 D/audio_route(787): Apply path: spkr-vi-record
02-09 12:25:52.871 D/amplifier_sdm660(787): pcm_dev_tx_id = 40
02-09 12:25:52.894 D/audio_hw_primary(787): audio_is_true_native_stream_active:napb: (0) (low-latency-playback)id (1) sr 48000 bw (16) device speaker
02-09 12:25:52.894 D/audio_hw_utils(787): audio_extn_utils_send_app_type_cfg: usecase->out_snd_device speaker
02-09 12:25:52.895 I/audio_hw_utils(787): send_app_type_cfg_for_device PLAYBACK app_type 69937, acdb_dev_id 15, sample_rate 48000, snd_device_be_idx 45
02-09 12:25:52.897 D/ACDB-LOADER(787): ACDB -> send_audio_cal, acdb_id = 15, path = 0, app id = 0x11131, sample rate = 48000, afe_sample_rate = 48000
02-09 12:25:52.897 D/ACDB-LOADER(787): ACDB -> send_asm_topology
02-09 12:25:52.897 D/ACDB-LOADER(787): ACDB -> ACDB_CMD_GET_AUDPROC_STREAM_TOPOLOGY_ID
02-09 12:25:52.898 D/ACDB-LOADER(787): ACDB -> send_adm_topology
02-09 12:25:52.898 D/ACDB-LOADER(787): ACDB -> ACDB_CMD_GET_AUDPROC_COMMON_TOPOLOGY_ID
02-09 12:25:52.898 D/ACDB-LOADER(787): ACDB -> send_audtable
02-09 12:25:52.898 D/ACDB-LOADER(787): ACDB -> ACDB_CMD_GET_AUDPROC_COMMON_TABLE_SIZE
02-09 12:25:52.898 D/ACDB-LOADER(787): ACDB -> ACDB_CMD_GET_AUDPROC_COMMON_TABLE
02-09 12:25:52.898 D/ACDB-LOADER(787): ACDB -> AUDIO_SET_AUDPROC_CAL cal_type[11] acdb_id[15] app_type[69937]
02-09 12:25:52.898 D/ACDB-LOADER(787): ACDB -> send_audvoltable
02-09 12:25:52.898 D/ACDB-LOADER(787): ACDB -> ACDB_CMD_GET_AUDPROC_GAIN_DEP_STEP_TABLE_SIZE
02-09 12:25:52.898 D/ACDB-LOADER(787): ACDB -> ACDB_CMD_GET_AUDPROC_GAIN_DEP_STEP_TABLE, vol index 0
02-09 12:25:52.898 D/ACDB-LOADER(787): ACDB -> AUDIO_SET_VOL_CAL cal type = 12
02-09 12:25:52.898 D/ACDB-LOADER(787): ACDB -> ACDB_CMD_GET_AUDPROC_STREAM_TABLE_SIZE
02-09 12:25:52.898 D/ACDB-LOADER(787): ACDB -> send_audstrmtable
02-09 12:25:52.898 D/ACDB-LOADER(787): ACDB -> ACDB_CMD_GET_AUDPROC_STREAM_TABLE_V2
02-09 12:25:52.898 D/ACDB-LOADER(787): ACDB -> audstrm_cal->cal_type.cal_data.cal_size = 16
02-09 12:25:52.898 D/ACDB-LOADER(787): ACDB -> send_afe_topology
02-09 12:25:52.898 D/ACDB-LOADER(787): ACDB -> ACDB_CMD_GET_AFE_TOPOLOGY_ID
02-09 12:25:52.898 D/ACDB-LOADER(787): ACDB -> GET_AFE_TOPOLOGY_ID for adcd_id 15, Topology Id 1000b910
02-09 12:25:52.898 D/ACDB-LOADER(787): ACDB -> send_afe_cal
02-09 12:25:52.898 D/ACDB-LOADER(787): ACDB -> ACDB_CMD_GET_AFE_COMMON_TABLE_SIZE
02-09 12:25:52.898 D/ACDB-LOADER(787): ACDB -> ACDB_CMD_GET_AFE_COMMON_TABLE
02-09 12:25:52.898 D/ACDB-LOADER(787): ACDB -> AUDIO_SET_AFE_CAL cal_type[16] acdb_id[15]
02-09 12:25:52.898 D/ACDB-LOADER(787): ACDB -> send_hw_delay : acdb_id = 15 path = 0
02-09 12:25:52.898 D/ACDB-LOADER(787): ACDB -> ACDB_AVSYNC_INFO: ACDB_CMD_GET_DEVICE_PROPERTY
02-09 12:25:52.898 D/audio_hw_primary(787): enable_audio_route: apply mixer and update path: low-latency-playback speaker
02-09 12:25:52.898 D/audio_route(787): Apply path: low-latency-playback speaker
02-09 12:25:52.901 D/audio_hw_primary(787): select_devices: done
02-09 12:25:52.901 D/msm8974_platform(787): platform_set_channel_map mixer_ctl_name:Playback Channel Map13
02-09 12:25:52.902 D/msm8974_platform(787): platform_set_channel_map: set mapping(1 2 0 0 0 0 0 0) for channel:2
02-09 12:25:52.904 E/msm8974_platform(787): platform_set_channel_map: Could not set ctl, error:-1 ch_count:2
02-09 12:25:52.914 I/IPCThreadState(801): oneway function results for code 6 on binder at 0xb400007e4d6087e0 will be dropped but finished with status UNKNOWN_TRANSACTION
02-09 12:25:52.934 E/audio_hw_extn(787): audio_extn_perf_lock_release: Perf lock release error 
02-09 12:25:52.934 I/android.hardware.power-service-qti(801): Boost 3Not Supported
02-09 12:25:52.934 D/audio_hw_primary(787): start_output_stream: exit
02-09 12:25:53.014 I/IPCThreadState(801): oneway function results for code 6 on binder at 0xb400007e4d6087e0 will be dropped but finished with status UNKNOWN_TRANSACTION
02-09 12:25:53.112 D/audioserver(857): logFgsApiEnd: FGS Logger Transaction failed, -129
02-09 12:25:53.116 I/IPCThreadState(801): oneway function results for code 6 on binder at 0xb400007e4d6087e0 will be dropped but finished with status UNKNOWN_TRANSACTION
02-09 12:25:53.344 I/IPCThreadState(801): oneway function results for code 6 on binder at 0xb400007e4d6087e0 will be dropped but finished with status UNKNOWN_TRANSACTION
02-09 12:25:53.635 V/ShellRecents(2056): RecentsTransitionHandler.startRecentsTransition
02-09 12:25:53.636 V/WindowManagerShell(2056): Directly starting a new transition type=3 wct=WindowContainerTransaction { changes = {} hops = [{PendingIntent: options=Bundle[mParcelledData.dataSize=332]}] errorCallbackToken=null taskFragmentOrganizer=null } handler=com.android.wm.shell.recents.RecentsTransitionHandler@b85acce
02-09 12:25:53.641 I/android.hardware.power-service-qti(801): Power setMode: 5 to: 1
02-09 12:25:53.641 E/QTI PowerHAL(801): Failed to acquire lock.
02-09 12:25:53.641 E/QTI PowerHAL(801): Failed process_boost for boost_handle
02-09 12:25:53.641 E/QTI PowerHAL(801): Failed to perform launch boost
02-09 12:25:53.644 I/IPCThreadState(801): oneway function results for code 6 on binder at 0xb400007e4d608990 will be dropped but finished with status UNKNOWN_TRANSACTION
02-09 12:25:53.651 D/b/279059025(19269): go to state Background
02-09 12:25:53.651 D/b/279059025(19269): current animation cancelled
02-09 12:25:53.652 D/b/279059025(19269): Notifying listeners for state transition start to state: Background
02-09 12:25:53.652 V/ShellRecents(2056): [56841661] RecentsController.setTransition: id=android.os.BinderProxy@29947b2
02-09 12:25:53.652 D/b/279059025(19269): overview state enabled state has changed: true
02-09 12:25:53.656 D/b/279059025(19269): Notifying 4 listeners for end transition for state: Background
02-09 12:25:53.675 D/BaseDepthController(19269): setSurface:
02-09 12:25:53.675 D/BaseDepthController(19269): 	mWaitingOnSurfaceValidity: false
02-09 12:25:53.675 D/BaseDepthController(19269): 	mSurface: Surface(name=com.android.launcher3/com.android.launcher3.uioverrides.QuickstepLauncher)/@0xe1616a1
02-09 12:25:53.707 V/WindowManagerShell(2056): onTransitionReady android.os.BinderProxy@29947b2: {id=756 t=TO_FRONT f=0x80 trk=0 r=[0@Point(0, 0)] c=[{WCT{android.window.IWindowContainerToken$Stub$Proxy@54cbc5f} m=TO_FRONT f=SHOW_WALLPAPER|MOVE_TO_TOP leash=Surface(name=Task=1)/@0x4c7f303 sb=Rect(0, 0 - 1080, 2160) eb=Rect(0, 0 - 1080, 2160) d=0},{WCT{android.window.IWindowContainerToken$Stub$Proxy@38b56ac} m=TO_BACK f=NONE leash=Surface(name=Task=146)/@0xc7f9280 sb=Rect(0, 0 - 1080, 2160) eb=Rect(0, 0 - 1080, 2160) d=0},{null m=TO_FRONT f=IS_WALLPAPER leash=Surface(name=WallpaperWindowToken{9fc31e7 token=android.os.Binder@b563a6})/@0xff490b9 sb=Rect(0, 0 - 1080, 2160) eb=Rect(0, 0 - 1080, 2160) d=0}]}
02-09 12:25:53.710 V/WindowManagerShell(2056): Playing animation for (#756)android.os.BinderProxy@29947b2@0
02-09 12:25:53.710 V/WindowManagerShell(2056):  try firstHandler com.android.wm.shell.recents.RecentsTransitionHandler@b85acce
02-09 12:25:53.711 V/WindowManager(1405): Sent Transition #756 createdAt=02-09 12:25:53.637
02-09 12:25:53.711 V/WindowManager(1405):     startWCT=WindowContainerTransaction { changes = {} hops = [{PendingIntent: options=Bundle[{android.activity.splashScreenStyle=-1, android.activity.sourceInfo=android.app.ActivityOptions$SourceInfo@d2f40dc, android.activity.transientLaunch=true}]}] errorCallbackToken=null taskFragmentOrganizer=null }
02-09 12:25:53.711 V/WindowManager(1405):     info={id=756 t=TO_FRONT f=0x80 trk=0 r=[0@Point(0, 0)] c=[{WCT{RemoteToken{b9919d6 Task{5dbf427 #1 type=home}}} m=TO_FRONT f=SHOW_WALLPAPER|MOVE_TO_TOP leash=Surface(name=Task=1)/@0x31b3eb1 sb=Rect(0, 0 - 1080, 2160) eb=Rect(0, 0 - 1080, 2160) d=0},{WCT{RemoteToken{6f0b23f Task{24a196b #146 type=standard A=10197:com.pluscubed.matlog}}} m=TO_BACK f=NONE leash=Surface(name=Task=146)/@0xc8b5b99 sb=Rect(0, 0 - 1080, 2160) eb=Rect(0, 0 - 1080, 2160) d=0},{null m=TO_FRONT f=IS_WALLPAPER leash=Surface(name=WallpaperWindowToken{9fc31e7 token=android.os.Binder@b563a6})/@0xbe0bc09 sb=Rect(0, 0 - 1080, 2160) eb=Rect(0, 0 - 1080, 2160) d=0}]}
02-09 12:25:53.715 V/ShellRecents(2056): [56841661] RecentsController.start
02-09 12:25:53.716 V/ShellRecents(2056):   adding pausing leaf taskId=146 at layer=8
02-09 12:25:53.717 I/InputDispatcher(1405): Channel [Gesture Monitor] swipe-up (server) is stealing touch from [46cec22 com.pluscubed.matlog/com.pluscubed.logcat.ui.LogcatActivity (server), [Gesture Monitor] edge-swipe (server)]
02-09 12:25:53.721 V/ShellRecents(2056): [56841661] RecentsController.start: calling onAnimationStart
02-09 12:25:53.722 V/WindowManagerShell(2056):  animated by firstHandler
02-09 12:25:53.728 D/b/279059025(19269): current animation cancelled
02-09 12:25:53.744 D/RemoteTargetGluer(19269): appCount: 1 handleLength: 2
02-09 12:25:53.744 D/RemoteTargetGluer(19269): resizing handles
02-09 12:25:53.745 D/RemoteTargetGluer(19269): containsSplitTargets? false handleLength: 1 appsLength: 1
02-09 12:25:53.747 D/RemoteTargetGluer(19269): appCount: 1 handleLength: 1
02-09 12:25:53.747 D/RemoteTargetGluer(19269): containsSplitTargets? false handleLength: 1 appsLength: 1
02-09 12:25:53.748 V/ShellRecents(2056): [56841661] RecentsController.setInputConsumerEnabled: set focus to recents
02-09 12:25:53.751 I/IPCThreadState(801): oneway function results for code 6 on binder at 0xb400007e4d6087e0 will be dropped but finished with status UNKNOWN_TRANSACTION
02-09 12:25:53.814 V/ShellRecents(2056): [56841661] RecentsController.detachNavigationBarFromApp
02-09 12:25:53.820 D/b/279059025(19269): current animation cancelled
02-09 12:25:53.822 D/StatsLog(19269): LAUNCHER_ONRESUME
02-09 12:25:53.822 D/WindowManagerShell(2056): setLauncherKeepClearAreaHeight: visible=true, height=425
02-09 12:25:53.822 D/b/279059025(19269): Notifying listeners for state transition start to state: Normal
02-09 12:25:53.823 D/b/279059025(19269): overview state enabled state has changed: false
02-09 12:25:53.823 D/b/279059025(19269): creating animation fromState: Background toState: Normal
02-09 12:25:53.829 I/ImeTracker(19269): com.android.launcher3:71bbbd33: onFailed at PHASE_CLIENT_VIEW_SERVED
02-09 12:25:53.840 W/ActivityManager(1405): Unable to start service Intent { act=com.android.launcher3.WINDOW_OVERLAY dat=app://com.android.launcher3:10146/... pkg=com.google.android.googlequicksearchbox } U=0: not found
02-09 12:25:53.856 I/IPCThreadState(801): oneway function results for code 6 on binder at 0xb400007e4d6087e0 will be dropped but finished with status UNKNOWN_TRANSACTION
02-09 12:25:53.986 I/IPCThreadState(801): oneway function results for code 6 on binder at 0xb400007e4d6087e0 will be dropped but finished with status UNKNOWN_TRANSACTION
02-09 12:25:54.393 D/b/279059025(19269): Notifying 4 listeners for end transition for state: Normal
02-09 12:25:54.397 V/ShellRecents(2056): [56841661] RecentsController.screenshotTask: taskId=146
02-09 12:25:54.414 I/IPCThreadState(801): oneway function results for code 6 on binder at 0xb400007e4d6087e0 will be dropped but finished with status UNKNOWN_TRANSACTION
02-09 12:25:54.420 I/ImeTracker(19269): com.android.launcher3:1e76f066: onFailed at PHASE_CLIENT_VIEW_SERVED
02-09 12:25:54.431 D/StatsLog(19269): LAUNCHER_HOME_GESTURE
02-09 12:25:54.431 V/ShellRecents(2056): [56841661] RecentsController.finishInner: toHome=true userLeave=true willFinishToHome=true state=0
02-09 12:25:54.431 V/ShellRecents(2056):   normal finish
02-09 12:25:54.431 V/ShellRecents(2056): [56841661] RecentsController.cleanup
02-09 12:25:54.432 V/WindowManagerShell(2056): Transition animation finished (aborted=false), notifying core (#756)android.os.BinderProxy@29947b2@0
02-09 12:25:54.433 D/b/293191790(19269): finish recents animation but recents animation controller was null. returning.
02-09 12:25:54.434 V/WindowManager(1405): Finish Transition #756: created at 02-09 12:25:53.637 collect-started=2.651ms started=2.819ms ready=9.829ms sent=60.055ms finished=796.024ms
02-09 12:25:54.444 I/android.hardware.power-service-qti(801): Power setMode: 5 to: 0
02-09 12:25:54.451 V/WindowManagerShell(2056): Track 0 became idle
02-09 12:25:54.451 V/WindowManagerShell(2056): All active transition animations finished
02-09 12:25:54.452 V/WindowManager(1405): Unknown focus tokens, dropping reportFocusChanged
02-09 12:25:54.493 I/GoogleInputMethodService(29934): GoogleInputMethodService.onFinishInput():3260 
02-09 12:25:54.494 I/GoogleInputMethodService(29934): GoogleInputMethodService.updateDeviceLockedStatus():2103 repeatCheckTimes = 0, locked = false
02-09 12:25:54.495 I/GoogleInputMethodService(29934): GoogleInputMethodService.onStartInput():1894 onStartInput(EditorInfo{EditorInfo{packageName=com.android.launcher3, inputType=0, inputTypeString=NULL, enableLearning=false, autoCorrection=false, autoComplete=false, imeOptions=0, privateImeOptions=null, actionName=UNSPECIFIED, actionLabel=null, initialSelStart=-1, initialSelEnd=-1, initialCapsMode=0, label=null, fieldId=0, fieldName=null, extras=null, hintText=null, hintLocales=[]}}, false)
02-09 12:25:54.496 I/GoogleInputMethodService(29934): GoogleInputMethodService.updateDeviceLockedStatus():2103 repeatCheckTimes = 1, locked = false
02-09 12:25:54.541 I/droid.launcher3(19269): NativeAlloc concurrent copying GC freed 40861(1932KB) AllocSpace objects, 8(160KB) LOS objects, 49% free, 6462KB/12MB, paused 145us,51us total 123.296ms
02-09 12:25:54.550 W/System  (19269): A resource failed to call CursorWindow.close. 
02-09 12:25:54.550 W/System  (19269): A resource failed to call CursorWrapperInner.close. 
02-09 12:25:54.550 W/System  (19269): A resource failed to call CursorWindow.close. 
02-09 12:25:54.550 W/System  (19269): A resource failed to call CursorWrapperInner.close. 
02-09 12:25:54.551 W/System  (19269): A resource failed to call CursorWindow.close. 
02-09 12:25:54.551 W/System  (19269): A resource failed to call CursorWrapperInner.close. 
02-09 12:25:54.551 W/System  (19269): A resource failed to call CursorWindow.close. 
02-09 12:25:54.551 W/System  (19269): A resource failed to call CursorWrapperInner.close. 
02-09 12:25:54.553 W/System  (19269): A resource failed to call CursorWindow.close. 
02-09 12:25:54.553 W/System  (19269): A resource failed to call CursorWrapperInner.close. 
02-09 12:25:54.553 W/System  (19269): A resource failed to call CursorWindow.close. 
02-09 12:25:54.553 W/System  (19269): A resource failed to call CursorWrapperInner.close. 
02-09 12:25:54.567 D/b/279059025(19269): current animation cancelled
02-09 12:25:54.572 D/StatsLog(19269): LAUNCHER_ALLAPPS_ENTRY_WITH_DEVICE_SEARCH
02-09 12:25:54.573 D/b/279059025(19269): Notifying listeners for state transition start to state: AllApps
02-09 12:25:54.573 D/b/279059025(19269): overview state enabled state has changed: false
02-09 12:25:54.574 D/WindowManagerShell(2056): setLauncherKeepClearAreaHeight: visible=false, height=425
02-09 12:25:54.611 I/IPCThreadState(801): oneway function results for code 6 on binder at 0xb400007e4d6077c0 will be dropped but finished with status UNKNOWN_TRANSACTION
02-09 12:25:54.615 D/b/279059025(19269): Notifying listeners for state transition start to state: AllApps
02-09 12:25:54.615 D/b/279059025(19269): overview state enabled state has changed: false
02-09 12:25:54.628 E/FirebaseInstanceId(31546): Google Play services missing or without correct permission.
02-09 12:25:54.683 W/ViewRootImpl(2056): Not reporting timeline because gpuCompletedTime is 1488.723292ms ahead of presentTime. FRAME_TIMELINE_VSYNC_ID=4997676, INPUT_EVENT_ID=735304577
02-09 12:25:54.719 I/system_server(1405): NativeAlloc concurrent copying GC freed 137090(4508KB) AllocSpace objects, 11(412KB) LOS objects, 47% free, 26MB/50MB, paused 318us,209us total 234.098ms
02-09 12:25:54.728 W/System  (1405): A resource failed to call HardwareBuffer.close. 
02-09 12:25:54.728 W/System  (1405): A resource failed to call HardwareBuffer.close. 
02-09 12:25:54.729 W/System  (1405): A resource failed to call HardwareBuffer.close. 
02-09 12:25:54.730 W/System  (1405): A resource failed to call release. 
02-09 12:25:54.731 W/System  (1405): A resource failed to call HardwareBuffer.close. 
02-09 12:25:54.792 D/b/279059025(19269): Notifying 4 listeners for end transition for state: AllApps
02-09 12:25:54.795 D/StatsLog(19269): LAUNCHER_ALLAPPS_OPEN_UP
02-09 12:25:55.883 I/IPCThreadState(801): oneway function results for code 6 on binder at 0xb400007e4d608990 will be dropped but finished with status UNKNOWN_TRANSACTION
02-09 12:25:55.885 D/HotseatPredictionController(19269): setPauseUIUpdate parameter `paused` is true
02-09 12:25:55.890 D/audioserver(857): logFgsApiBegin: FGS Logger Transaction failed, -129
02-09 12:25:55.915 I/android.hardware.power-service-qti(801): Power setMode: 5 to: 1
02-09 12:25:55.915 E/QTI PowerHAL(801): Failed to acquire lock.
02-09 12:25:55.915 E/QTI PowerHAL(801): Failed process_boost for boost_handle
02-09 12:25:55.915 E/QTI PowerHAL(801): Failed to perform launch boost
02-09 12:25:55.919 I/ActivityTaskManager(1405): START u0 {act=android.intent.action.MAIN cat=[android.intent.category.LAUNCHER] flg=0x10200000 cmp=tw.nekomimi.nekogram/org.telegram.messenger.DefaultIcon bnds=[216,1309][432,1639]} with LAUNCH_SINGLE_TASK from uid 10146 (BAL_ALLOW_ALLOWLISTED_COMPONENT) result code=0
02-09 12:25:55.920 D/StatsLog(19269): LAUNCHER_APP_LAUNCH_TAP
02-09 12:25:55.925 V/WindowManagerShell(2056): Transition requested: android.os.BinderProxy@eeaddd6 TransitionRequestInfo { type = 1, triggerTask = TaskInfo{userId=0 taskId=159 displayId=0 isRunning=true baseIntent=Intent { act=android.app.action.UNLOCK_APP flg=0x10800000 pkg=com.android.settings cmp=com.android.settings/.security.applock.AppLockCredentialActivity } baseActivity=ComponentInfo{com.android.settings/com.android.settings.security.applock.AppLockCredentialActivity} topActivity=ComponentInfo{com.android.settings/com.android.settings.security.applock.AppLockCredentialActivity} origActivity=null realActivity=ComponentInfo{com.android.settings/com.android.settings.security.applock.AppLockCredentialActivity} numActivities=1 lastActiveTime=7283916 supportsMultiWindow=true resizeMode=1 isResizeable=true minWidth=-1 minHeight=-1 defaultMinSize=220 token=WCT{android.window.IWindowContainerToken$Stub$Proxy@31bd857} topActivityType=1 pictureInPictureParams=null shouldDockBigOverlays=false launchIntoPipHostTaskId=-1 lastParentTaskIdBeforePip=-1 displayCutoutSafeInsets=null topActivityInfo=ActivityInfo{90fcf44 com.android.settings.security.applock.AppLockCredentialActivity} launchCookies=[android.os.BinderProxy@f7a282d] positionInParent=Point(0, 0) parentTaskId=-1 isFocused=false isVisible=false isVisibleRequested=false isSleeping=false topActivityInSizeCompat=false topActivityEligibleForLetterboxEducation= false isLetterboxDoubleTapEnabled= false topActivityEligibleForUserAspectRatioButton= false topActivityBoundsLetterboxed= false isFromLetterboxDoubleTap= false topActivityLetterboxVerticalPosition= -1 topActivityLetterboxHorizontalPosition= -1 topActivityLetterboxWidth=-1 topActivityLetterboxHeight=-1 isUserFullscreenOverrideEnabled=false isTopActivityTransparent=true locusId=null displayAreaFeatureId=1 cameraCompatControlState=hidden}, remoteTransition = RemoteTransition { remoteTransition = android.window.IRemoteTransition$Stub$Proxy@f0f0162, appThread = android.app.IApplicationThread$Stub$Proxy@f9ba2f3, debugName = QuickstepLaunch }, displayChange = null, flags = 0 }
02-09 12:25:55.926 V/WindowManagerShell(2056): RemoteTransition directly requested for android.os.BinderProxy@eeaddd6: RemoteTransition { remoteTransition = android.window.IRemoteTransition$Stub$Proxy@f0f0162, appThread = android.app.IApplicationThread$Stub$Proxy@f9ba2f3, debugName = QuickstepLaunch }
02-09 12:25:55.978 W/ElapsedTimeUtils(31908): getElapsedTime: sSuwFinishedTimeStamp is null
02-09 12:25:55.982 D/BiometricService/PreAuthInfo(1405): Package: com.android.settings Sensor ID: 1008 Modality: 8 Status: 7
02-09 12:25:55.983 W/BiometricService/PreAuthInfo(1405): isBiometricDisabledByDevicePolicy(2,0)=false
02-09 12:25:55.983 D/BiometricService/PreAuthInfo(1405): Package: com.android.settings Sensor ID: 0 Modality: 2 Status: 1
02-09 12:25:55.984 D/BiometricService/PreAuthInfo(1405): getCanAuthenticateInternal Modality: 3 AuthenticatorStatus: 1
02-09 12:25:55.984 D/BiometricService(1405): handleAuthenticate: modality(3), status(0), preAuthInfo: BiometricRequested: true, StrengthRequested: 255, CredentialRequested: true, Eligible:{0 }, Ineligible:{ID(1008), oemStrength: 255, updatedStrength: 255, modality 8, state: 0, cookie: 0:7 }, CredentialAvailable: true,  requestId: 56 promptInfo.isIgnoreEnrollmentState: false
02-09 12:25:55.984 D/BiometricService(1405): Creating authSession with authRequest: BiometricRequested: true, StrengthRequested: 255, CredentialRequested: true, Eligible:{0 }, Ineligible:{ID(1008), oemStrength: 255, updatedStrength: 255, modality 8, state: 0, cookie: 0:7 }, CredentialAvailable: true, 
02-09 12:25:55.984 D/BiometricService/AuthSession(1405): Creating AuthSession with: BiometricRequested: true, StrengthRequested: 255, CredentialRequested: true, Eligible:{0 }, Ineligible:{ID(1008), oemStrength: 255, updatedStrength: 255, modality 8, state: 0, cookie: 0:7 }, CredentialAvailable: true, 
02-09 12:25:55.985 V/BiometricService/AuthSession(1405): set to unknown state sensor: 0
02-09 12:25:55.985 V/BiometricService/AuthSession(1405): waiting for cooking for sensor: 0
02-09 12:25:55.985 D/BiometricScheduler/Fingerprint21(1405): [Added] {[387] com.android.server.biometrics.sensors.fingerprint.hidl.FingerprintUpdateActiveUserClient, proto=1, owner=android, cookie=0, requestId=-1, userId=0}, new queue size: 1
02-09 12:25:55.986 D/BiometricScheduler/Fingerprint21(1405): [Polled] {[387] com.android.server.biometrics.sensors.fingerprint.hidl.FingerprintUpdateActiveUserClient, proto=1, owner=android, cookie=0, requestId=-1, userId=0}, State: 0
02-09 12:25:55.986 D/BiometricScheduler/Fingerprint21(1405): [Started] {[387] com.android.server.biometrics.sensors.fingerprint.hidl.FingerprintUpdateActiveUserClient, proto=1, owner=android, cookie=0, requestId=-1, userId=0}
02-09 12:25:55.986 D/FingerprintUpdateActiveUserClient(1405): Already user: com.android.server.biometrics.sensors.fingerprint.hidl.Fingerprint21$$ExternalSyntheticLambda7@9f2832f, returning
02-09 12:25:55.986 D/BiometricSchedulerOperation(1405): [Finished / destroy]: {[387] com.android.server.biometrics.sensors.fingerprint.hidl.FingerprintUpdateActiveUserClient, proto=1, owner=android, cookie=0, requestId=-1, userId=0}
02-09 12:25:55.988 V/BiometricSchedulerOperation(1405): started: {[387] com.android.server.biometrics.sensors.fingerprint.hidl.FingerprintUpdateActiveUserClient, proto=1, owner=android, cookie=0, requestId=-1, userId=0}, State: 5
02-09 12:25:55.988 I/android.hardware.power-service-qti(801): Power createHintSession
02-09 12:25:55.992 D/BiometricScheduler/Fingerprint21(1405): [Added] {[388] com.android.server.biometrics.sensors.fingerprint.hidl.FingerprintAuthenticationClient, proto=3, owner=com.android.settings, cookie=442933019, requestId=56, userId=0}, new queue size: 1
02-09 12:25:55.992 V/BiometricScheduler/Fingerprint21(1405): Not idle, current operation: {[387] com.android.server.biometrics.sensors.fingerprint.hidl.FingerprintUpdateActiveUserClient, proto=1, owner=android, cookie=0, requestId=-1, userId=0}, State: 5
02-09 12:25:55.992 D/BiometricScheduler/Fingerprint21(1405): [Finishing] {[387] com.android.server.biometrics.sensors.fingerprint.hidl.FingerprintUpdateActiveUserClient, proto=1, owner=android, cookie=0, requestId=-1, userId=0}, success: true
02-09 12:25:55.992 D/BiometricScheduler/Fingerprint21(1405): [Polled] {[388] com.android.server.biometrics.sensors.fingerprint.hidl.FingerprintAuthenticationClient, proto=3, owner=com.android.settings, cookie=442933019, requestId=56, userId=0}, State: 0
02-09 12:25:55.993 D/GestureAvailabilityTracker(1405): Notifying gesture availability, active=false
02-09 12:25:55.993 D/BiometricScheduler/Fingerprint21(1405): Waiting for cookie before starting: {[388] com.android.server.biometrics.sensors.fingerprint.hidl.FingerprintAuthenticationClient, proto=3, owner=com.android.settings, cookie=442933019, requestId=56, userId=0}, State: 4
02-09 12:25:55.993 D/BiometricService/Sensor(1405): Sensor(0) matched cookie: 442933019
02-09 12:25:55.993 D/BiometricService/AuthSession(1405): Remaining cookies: 0
02-09 12:25:56.003 D/AuthController(2056): showAuthenticationDialog, authenticators: 33023, sensorIds: 0 , credentialAllowed: true, requireConfirmation: false, operationId: 0, requestId: 56
02-09 12:25:56.011 E/ThemeUtils(2056): View class com.android.systemui.biometrics.BiometricPromptLottieViewWrapper is an AppCompat widget that can only be used with a Theme.AppCompat theme (or descendant).
02-09 12:25:56.012 E/ThemeUtils(2056): View class com.android.systemui.biometrics.BiometricPromptLottieViewWrapper is an AppCompat widget that can only be used with a Theme.AppCompat theme (or descendant).
02-09 12:25:56.020 D/AuthController(2056): userId: 0 savedState: null mCurrentDialog: null newDialog: com.android.systemui.biometrics.AuthContainerView{6a15bf8 VFE...... .F....I. 0,0-0,0}
02-09 12:25:56.020 I/AdrenoGLES-0(31908): QUALCOMM build                   : 015159c, Idb46f6465a
02-09 12:25:56.020 I/AdrenoGLES-0(31908): Build Date                       : 04/26/21
02-09 12:25:56.020 I/AdrenoGLES-0(31908): OpenGL ES Shader Compiler Version: EV031.32.02.09
02-09 12:25:56.020 I/AdrenoGLES-0(31908): Local Branch                     : mybrancheba651a4-ab3f-f14b-b3c6-08f1eafda2d8
02-09 12:25:56.020 I/AdrenoGLES-0(31908): Remote Branch                    : quic/gfx-adreno.lnx.1.0.r117-rel
02-09 12:25:56.020 I/AdrenoGLES-0(31908): Remote Branch                    : NONE
02-09 12:25:56.020 I/AdrenoGLES-0(31908): Reconstruct Branch               : NOTHING
02-09 12:25:56.020 I/AdrenoGLES-0(31908): Build Config                     : S L 10.0.7 AArch64
02-09 12:25:56.021 I/AdrenoGLES-0(31908): Driver Path                      : /vendor/lib64/egl/libGLESv2_adreno.so
02-09 12:25:56.030 I/android.hardware.power-service-qti(801): Power createHintSession
02-09 12:25:56.034 I/AdrenoGLES-0(31908): PFP: 0x005ff11a, ME: 0x005ff066
02-09 12:25:56.042 W/AuthController(2056): Evicting client due to: com.android.launcher3
02-09 12:25:56.052 W/ActivityTaskManager(1405): takeTaskSnapshot: taskId=159 not found or not visible
02-09 12:25:56.055 D/audioserver(857): logFgsApiEnd: FGS Logger Transaction failed, -129
02-09 12:25:56.058 I/IPCThreadState(801): oneway function results for code 6 on binder at 0xb400007e4d607a60 will be dropped but finished with status UNKNOWN_TRANSACTION
02-09 12:25:56.059 I/IPCThreadState(801): oneway function results for code 6 on binder at 0xb400007e4d608930 will be dropped but finished with status UNKNOWN_TRANSACTION
02-09 12:25:56.080 V/WindowManagerShell(2056): onTransitionReady android.os.BinderProxy@eeaddd6: {id=757 t=OPEN f=0x0 trk=0 r=[0@Point(0, 0)] c=[{WCT{android.window.IWindowContainerToken$Stub$Proxy@2f2a1e6} m=OPEN f=TRANSLUCENT leash=Surface(name=Task=159)/@0x91fb328 sb=Rect(0, 0 - 1080, 2160) eb=Rect(0, 0 - 1080, 2160) d=0}]}
02-09 12:25:56.081 V/WindowManagerShell(2056): Playing animation for (#757)android.os.BinderProxy@eeaddd6@0
02-09 12:25:56.081 V/WindowManagerShell(2056):  try firstHandler com.android.wm.shell.transition.DefaultMixedHandler@3dbd22
02-09 12:25:56.081 V/WindowManagerShell(2056):  Delegate animation for #757 to RemoteTransition { remoteTransition = android.window.IRemoteTransition$Stub$Proxy@f0f0162, appThread = android.app.IApplicationThread$Stub$Proxy@f9ba2f3, debugName = QuickstepLaunch }
02-09 12:25:56.082 V/WindowManagerShell(2056):  animated by firstHandler
02-09 12:25:56.087 I/android.hardware.power-service-qti(801): Power setMode: 5 to: 0
02-09 12:25:56.089 D/b/279059025(19269): current animation cancelled
02-09 12:25:56.091 I/ActivityTaskManager(1405): Displayed com.android.settings/.security.applock.AppLockCredentialActivity for user 0: +177ms
02-09 12:25:56.092 V/WindowManager(1405): Sent Transition #757 createdAt=02-09 12:25:55.905 via request=TransitionRequestInfo { type = 1, triggerTask = TaskInfo{userId=0 taskId=159 displayId=0 isRunning=true baseIntent=Intent { act=android.app.action.UNLOCK_APP flg=0x10800000 pkg=com.android.settings cmp=com.android.settings/.security.applock.AppLockCredentialActivity } baseActivity=ComponentInfo{com.android.settings/com.android.settings.security.applock.AppLockCredentialActivity} topActivity=ComponentInfo{com.android.settings/com.android.settings.security.applock.AppLockCredentialActivity} origActivity=null realActivity=ComponentInfo{com.android.settings/com.android.settings.security.applock.AppLockCredentialActivity} numActivities=1 lastActiveTime=7283916 supportsMultiWindow=true resizeMode=1 isResizeable=true minWidth=-1 minHeight=-1 defaultMinSize=220 token=WCT{RemoteToken{492a17 Task{cf12709 #159 type=standard A=1000:com.android.settings.applock}}} topActivityType=1 pictureInPictureParams=null shouldDockBigOverlays=false launchIntoPipHostTaskId=-1 lastParentTaskIdBeforePip=-1 displayCutoutSafeInsets=null topActivityInfo=ActivityInfo{ec41e04 com.android.settings.security.applock.AppLockCredentialActivity} launchCookies=[android.os.BinderProxy@5be2fed] positionInParent=Point(0, 0) parentTaskId=-1 isFocused=false isVisible=false isVisibleRequested=false isSleeping=false topActivityInSizeCompat=false topActivityEligibleForLetterboxEducation= false isLetterboxDoubleTapEnabled= false topActivityEligibleForUserAspectRatioButton= false topActivityBoundsLetterboxed= false isFromLetterboxDoubleTap= false topActivityLetterboxVerticalPosition= -1 topActivityLetterboxHorizontalPosition= -1 topActivityLetterboxWidth=-1 topActivityLetterboxHeight=-1 isUserFullscreenOverrideEnabled=false isTopActivityTransparent=true locusId=null displayAreaFeatureId=1 cameraCompatControlState=hidden}, remoteTransition = RemoteTransition { remoteTransition = android.window.IRemoteTransition$Stub$Proxy@2e2ce22, appThread = android.app.IApplicationThread$Stub$Proxy@5ac50b3, debugName = QuickstepLaunch }, displayChange = null, flags = 0 }
02-09 12:25:56.092 V/WindowManager(1405):     startWCT=WindowContainerTransaction { changes = {} hops = [] errorCallbackToken=null taskFragmentOrganizer=null }
02-09 12:25:56.092 V/WindowManager(1405):     info={id=757 t=OPEN f=0x0 trk=0 r=[0@Point(0, 0)] c=[{WCT{RemoteToken{492a17 Task{cf12709 #159 type=standard A=1000:com.android.settings.applock}}} m=OPEN f=TRANSLUCENT leash=Surface(name=Task=159)/@0xcd61458 sb=Rect(0, 0 - 1080, 2160) eb=Rect(0, 0 - 1080, 2160) d=0}]}
02-09 12:25:56.094 W/AuthContainerView(2056): startDismiss(): waiting for onDialogAnimatedIn
02-09 12:25:56.095 V/BiometricService/AuthSession(1405): Dismissed! Modality: 1, User: 0, IsCrypto: false, Action: 2, Client: 2, Reason: 3, Error: 10, Latency: 102, SessionId: 0
02-09 12:25:56.096 D/BiometricService/AuthSession(1405): Cancelling sensorId: 0
02-09 12:25:56.096 D/FingerprintService(1405): cancelAuthenticationFromService, sensorId: 0
02-09 12:25:56.096 D/Fingerprint21(1405): cancelAuthentication, sensorId: 0
02-09 12:25:56.096 D/BiometricScheduler/Fingerprint21(1405): cancelAuthenticationOrDetection, requestId: 56
02-09 12:25:56.096 D/BiometricScheduler/Fingerprint21(1405): Cancelling auth/detect op: {[388] com.android.server.biometrics.sensors.fingerprint.hidl.FingerprintAuthenticationClient, proto=3, owner=com.android.settings, cookie=442933019, requestId=56, userId=0}, State: 4
02-09 12:25:56.096 D/BiometricSchedulerOperation(1405): [Cancelling] Current client (without start): {[388] com.android.server.biometrics.sensors.fingerprint.hidl.FingerprintAuthenticationClient, proto=3, owner=com.android.settings, cookie=442933019, requestId=56, userId=0}
02-09 12:25:56.097 D/Biometrics/AcquisitionClient(1405): cancelWithoutStarting: {[388] com.android.server.biometrics.sensors.fingerprint.hidl.FingerprintAuthenticationClient, proto=3, owner=com.android.settings, cookie=442933019, requestId=56, userId=0}
02-09 12:25:56.097 D/BiometricStateCallback(1405): Client finished, state updated to 0, client {[388] com.android.server.biometrics.sensors.fingerprint.hidl.FingerprintAuthenticationClient, proto=3, owner=com.android.settings, cookie=442933019, requestId=56, userId=0}
02-09 12:25:56.097 D/BiometricSchedulerOperation(1405): [Finished / destroy]: {[388] com.android.server.biometrics.sensors.fingerprint.hidl.FingerprintAuthenticationClient, proto=3, owner=com.android.settings, cookie=442933019, requestId=56, userId=0}
02-09 12:25:56.097 D/BiometricService(1405): handleOnError() sensorId: 0, cookie: 442933019, error: 5, vendorCode: 0
02-09 12:25:56.097 W/BiometricService(1405): handleOnError: AuthSession is not current
02-09 12:25:56.097 D/BiometricScheduler/Fingerprint21(1405): [Finishing] {[388] com.android.server.biometrics.sensors.fingerprint.hidl.FingerprintAuthenticationClient, proto=3, owner=com.android.settings, cookie=442933019, requestId=56, userId=0}, success: true
02-09 12:25:56.098 D/GestureAvailabilityTracker(1405): Notifying gesture availability, active=true
02-09 12:25:56.098 D/BiometricScheduler/Fingerprint21(1405): No operations, returning to idle
02-09 12:25:56.111 V/WindowManagerShell(2056): Transition requested: android.os.BinderProxy@8cbbf40 TransitionRequestInfo { type = 2, triggerTask = TaskInfo{userId=0 taskId=159 displayId=0 isRunning=false baseIntent=Intent { act=android.app.action.UNLOCK_APP flg=0x10800000 pkg=com.android.settings cmp=com.android.settings/.security.applock.AppLockCredentialActivity } baseActivity=null topActivity=null origActivity=null realActivity=ComponentInfo{com.android.settings/com.android.settings.security.applock.AppLockCredentialActivity} numActivities=0 lastActiveTime=7283934 supportsMultiWindow=true resizeMode=1 isResizeable=true minWidth=-1 minHeight=-1 defaultMinSize=220 token=WCT{android.window.IWindowContainerToken$Stub$Proxy@e861e79} topActivityType=1 pictureInPictureParams=null shouldDockBigOverlays=false launchIntoPipHostTaskId=-1 lastParentTaskIdBeforePip=-1 displayCutoutSafeInsets=null topActivityInfo=null launchCookies=[android.os.BinderProxy@f7a282d] positionInParent=Point(0, 0) parentTaskId=-1 isFocused=true isVisible=true isVisibleRequested=true isSleeping=false topActivityInSizeCompat=false topActivityEligibleForLetterboxEducation= false isLetterboxDoubleTapEnabled= false topActivityEligibleForUserAspectRatioButton= false topActivityBoundsLetterboxed= false isFromLetterboxDoubleTap= false topActivityLetterboxVerticalPosition= -1 topActivityLetterboxHorizontalPosition= -1 topActivityLetterboxWidth=-1 topActivityLetterboxHeight=-1 isUserFullscreenOverrideEnabled=false isTopActivityTransparent=false locusId=null displayAreaFeatureId=1 cameraCompatControlState=hidden}, remoteTransition = null, displayChange = null, flags = 0 }
02-09 12:25:56.113 W/ElapsedTimeUtils(31908): getElapsedTime: sSuwFinishedTimeStamp is null
02-09 12:25:56.120 W/WindowOnBackDispatcher(31908): sendCancelIfRunning: isInProgress=falsecallback=androidx.activity.OnBackPressedDispatcher$Api33Impl$$ExternalSyntheticLambda0@999a834
02-09 12:25:56.123 W/ActivityTaskManager(1405): Finishing task with all activities already finished
02-09 12:25:56.124 W/ActivityTaskManager(1405): Duplicate finish request for r=ActivityRecord{9f25010 u0 com.android.settings/.security.applock.AppLockCredentialActivity t159 f}}
02-09 12:25:56.134 D/StatsLog(19269): LAUNCHER_ONRESUME
02-09 12:25:56.150 V/WindowManager(1405): Sent Transition #758 createdAt=02-09 12:25:56.105 via request=TransitionRequestInfo { type = 2, triggerTask = TaskInfo{userId=0 taskId=159 displayId=0 isRunning=false baseIntent=Intent { act=android.app.action.UNLOCK_APP flg=0x10800000 pkg=com.android.settings cmp=com.android.settings/.security.applock.AppLockCredentialActivity } baseActivity=null topActivity=null origActivity=null realActivity=ComponentInfo{com.android.settings/com.android.settings.security.applock.AppLockCredentialActivity} numActivities=0 lastActiveTime=7283934 supportsMultiWindow=true resizeMode=1 isResizeable=true minWidth=-1 minHeight=-1 defaultMinSize=220 token=WCT{RemoteToken{492a17 Task{cf12709 #159 type=standard A=1000:com.android.settings.applock}}} topActivityType=1 pictureInPictureParams=null shouldDockBigOverlays=false launchIntoPipHostTaskId=-1 lastParentTaskIdBeforePip=-1 displayCutoutSafeInsets=null topActivityInfo=null launchCookies=[android.os.BinderProxy@5be2fed] positionInParent=Point(0, 0) parentTaskId=-1 isFocused=true isVisible=true isVisibleRequested=true isSleeping=false topActivityInSizeCompat=false topActivityEligibleForLetterboxEducation= false isLetterboxDoubleTapEnabled= false topActivityEligibleForUserAspectRatioButton= false topActivityBoundsLetterboxed= false isFromLetterboxDoubleTap= false topActivityLetterboxVerticalPosition= -1 topActivityLetterboxHorizontalPosition= -1 topActivityLetterboxWidth=-1 topActivityLetterboxHeight=-1 isUserFullscreenOverrideEnabled=false isTopActivityTransparent=false locusId=null displayAreaFeatureId=1 cameraCompatControlState=hidden}, remoteTransition = null, displayChange = null, flags = 0 }
02-09 12:25:56.150 V/WindowManager(1405):     startWCT=WindowContainerTransaction { changes = {} hops = [] errorCallbackToken=null taskFragmentOrganizer=null }
02-09 12:25:56.150 V/WindowManager(1405):     info={id=758 t=CLOSE f=0x0 trk=0 r=[0@Point(0, 0)] c=[{WCT{RemoteToken{492a17 Task{cf12709 #159 type=standard A=1000:com.android.settings.applock}}} m=CLOSE f=TRANSLUCENT leash=Surface(name=Task=159)/@0xcd61458 sb=Rect(0, 0 - 1080, 2160) eb=Rect(0, 0 - 1080, 2160) d=0}]}
02-09 12:25:56.150 V/WindowManagerShell(2056): onTransitionReady android.os.BinderProxy@8cbbf40: {id=758 t=CLOSE f=0x0 trk=0 r=[0@Point(0, 0)] c=[{WCT{android.window.IWindowContainerToken$Stub$Proxy@1e9df3b} m=CLOSE f=TRANSLUCENT leash=Surface(name=Task=159)/@0xb412935 sb=Rect(0, 0 - 1080, 2160) eb=Rect(0, 0 - 1080, 2160) d=0}]}
02-09 12:25:56.150 V/WindowManagerShell(2056): Transition (#758)android.os.BinderProxy@8cbbf40@0 ready while (#757)android.os.BinderProxy@eeaddd6@0 is still animating. Notify the animating transition in case they can be merged
02-09 12:25:56.152 V/WindowManagerShell(2056):    Merge into remote: RemoteTransition { remoteTransition = android.window.IRemoteTransition$Stub$Proxy@f0f0162, appThread = android.app.IApplicationThread$Stub$Proxy@f9ba2f3, debugName = QuickstepLaunch }
02-09 12:25:56.159 D/HotseatPredictionController(19269): setPauseUIUpdate parameter `paused` is false
02-09 12:25:56.159 D/HotseatPredictionController(19269): fillGapsWithPrediction flags: 
02-09 12:25:56.159 D/HotseatPredictionController(19269): Hotseat app child is: com.android.launcher3.views.DoubleShadowBubbleTextView{3fc048c VFED..CL. ......ID 0,0-154,174 #1} and isPredictedIcon() evaluates to: false
02-09 12:25:56.159 D/HotseatPredictionController(19269): Hotseat app child is: com.android.launcher3.views.DoubleShadowBubbleTextView{bf8c7d5 VFED..CL. ......ID 207,0-361,174 #2} and isPredictedIcon() evaluates to: false
02-09 12:25:56.159 D/HotseatPredictionController(19269): Hotseat app child is: com.android.launcher3.views.DoubleShadowBubbleTextView{98e2bea VFED..CL. ......ID 414,0-568,174 #3} and isPredictedIcon() evaluates to: false
02-09 12:25:56.159 D/HotseatPredictionController(19269): Hotseat app child is: com.android.launcher3.views.DoubleShadowBubbleTextView{3e62edb VFED..CL. ......ID 621,0-775,174 #4} and isPredictedIcon() evaluates to: false
02-09 12:25:56.159 D/HotseatPredictionController(19269): Hotseat app child is: com.android.launcher3.views.DoubleShadowBubbleTextView{3aadd78 VFED..CL. ......ID 828,0-982,174 #5} and isPredictedIcon() evaluates to: false
02-09 12:25:56.159 D/HotseatPredictionController(19269): bindItems to hotseat: []
02-09 12:25:56.159 V/WindowManagerShell(2056): Transition animation finished (aborted=false), notifying core (#757)android.os.BinderProxy@eeaddd6@0
02-09 12:25:56.162 V/WindowManager(1405): Finish Transition #757: created at 02-09 12:25:55.905 collect-started=0.142ms request-sent=12.309ms started=20.772ms ready=33.411ms sent=171.531ms finished=255.992ms
02-09 12:25:56.166 I/GoogleInputMethodService(29934): GoogleInputMethodService.onFinishInput():3260 
02-09 12:25:56.168 V/WindowManagerShell(2056): Playing animation for (#758)android.os.BinderProxy@8cbbf40@0
02-09 12:25:56.168 V/WindowManagerShell(2056):  try handler com.android.wm.shell.transition.DefaultMixedHandler@3dbd22
02-09 12:25:56.168 V/WindowManagerShell(2056):  try handler com.android.wm.shell.keyguard.KeyguardTransitionHandler@43613b3
02-09 12:25:56.168 V/WindowManagerShell(2056):  try handler com.android.wm.shell.pip.PipTransition@cfcf9d0
02-09 12:25:56.168 V/WindowManagerShell(2056):  try handler com.android.wm.shell.activityembedding.ActivityEmbeddingController@2b3edc9
02-09 12:25:56.168 V/WindowManagerShell(2056):  try handler com.android.wm.shell.recents.RecentsTransitionHandler@b85acce
02-09 12:25:56.168 V/ShellRecents(2056): RecentsTransitionHandler.startAnimation: no controller found
02-09 12:25:56.168 I/GoogleInputMethodService(29934): GoogleInputMethodService.updateDeviceLockedStatus():2103 repeatCheckTimes = 0, locked = false
02-09 12:25:56.168 V/WindowManagerShell(2056):  try handler com.android.wm.shell.splitscreen.StageCoordinator@7e587ef
02-09 12:25:56.168 V/WindowManagerShell(2056):  try handler com.android.wm.shell.transition.RemoteTransitionHandler@dffe2fc
02-09 12:25:56.169 V/WindowManagerShell(2056): Transition doesn't have explicit remote, search filters for match for {id=758 t=CLOSE f=0x0 trk=0 r=[0@Point(0, 0)] c=[{WCT{android.window.IWindowContainerToken$Stub$Proxy@1e9df3b} m=CLOSE f=TRANSLUCENT leash=Surface(name=Task=159)/@0xb412935 sb=Rect(0, 0 - 1080, 2160) eb=Rect(0, 0 - 1080, 2160) d=0}]}
02-09 12:25:56.169 I/GoogleInputMethodService(29934): GoogleInputMethodService.onStartInput():1894 onStartInput(EditorInfo{EditorInfo{packageName=com.android.systemui, inputType=0, inputTypeString=NULL, enableLearning=false, autoCorrection=false, autoComplete=false, imeOptions=0, privateImeOptions=null, actionName=UNSPECIFIED, actionLabel=null, initialSelStart=-1, initialSelEnd=-1, initialCapsMode=0, label=null, fieldId=0, fieldName=null, extras=null, hintText=null, hintLocales=[]}}, false)
02-09 12:25:56.169 V/WindowManagerShell(2056):  Checking filter Pair{{types=[] flags=0x0] notFlags=0x100 checks=[{atype=home independent=true modes=[OPEN,TO_FRONT] flags=NONE mustBeTask=false order=TOP topActivity=ComponentInfo{com.android.launcher3/com.android.launcher3.uioverrides.QuickstepLauncher}},{atype=standard independent=true modes=[CLOSE,TO_BACK] flags=NONE mustBeTask=false order=ANY topActivity=null}]} RemoteTransition { remoteTransition = android.window.IRemoteTransition$Stub$Proxy@7a26879, appThread = android.app.IApplicationThread$Stub$Proxy@29189be, debugName = QuickstepLaunchHome }}
02-09 12:25:56.169 V/WindowManagerShell(2056):  Delegate animation for #758 to null
02-09 12:25:56.169 V/WindowManagerShell(2056):  try handler com.android.wm.shell.transition.DefaultTransitionHandler@cacb40b
02-09 12:25:56.169 V/WindowManagerShell(2056): start default transition animation, info = {id=758 t=CLOSE f=0x0 trk=0 r=[0@Point(0, 0)] c=[{WCT{android.window.IWindowContainerToken$Stub$Proxy@1e9df3b} m=CLOSE f=TRANSLUCENT leash=Surface(name=Task=159)/@0xb412935 sb=Rect(0, 0 - 1080, 2160) eb=Rect(0, 0 - 1080, 2160) d=0}]}
02-09 12:25:56.170 I/GoogleInputMethodService(29934): GoogleInputMethodService.updateDeviceLockedStatus():2103 repeatCheckTimes = 1, locked = false
02-09 12:25:56.174 V/WindowManagerShell(2056): loadAnimation: anim=android.view.animation.AnimationSet@11d5096 animAttr=0x7 type=CLOSE isEntrance=false
02-09 12:25:56.176 V/WindowManagerShell(2056):  animated by com.android.wm.shell.transition.DefaultTransitionHandler@cacb40b
02-09 12:25:56.185 I/IPCThreadState(801): oneway function results for code 6 on binder at 0xb400007e4d607a60 will be dropped but finished with status UNKNOWN_TRANSACTION
02-09 12:25:56.185 W/WindowOnBackDispatcher(31908): sendCancelIfRunning: isInProgress=falsecallback=android.app.Activity$$ExternalSyntheticLambda0@3365b88
02-09 12:25:56.189 I/IPCThreadState(801): oneway function results for code 6 on binder at 0xb400007e4d6077c0 will be dropped but finished with status UNKNOWN_TRANSACTION
02-09 12:25:56.195 W/InputManager-JNI(1405): Input channel object 'cfc2ac5 com.android.settings/com.android.settings.security.applock.AppLockCredentialActivity (client)' was disposed without first being removed with the input manager!
02-09 12:25:56.373 D/AuthContainerView(2056): onDialogAnimatedIn(): mPendingDismissDialog=true, dismissing now
